[
  {
    "Name": "musl",
    "Version": "1.1.22-r3",
    "Release": "",
    "Epoch": 0,
    "Arch": "",
    "SrcName": "",
    "SrcVersion": "",
    "SrcRelease": "",
    "SrcEpoch":0,
    "LayerID":"sha256:03901b4a2ea88eeaad62dbe59b072b28b6efa00491962b8741081c5df50c65e0"
  },
  {
    "Name": "busybox",
    "Version": "1.30.1-r2",
    "Release": "",
    "Epoch": 0,
    "Arch": "",
    "SrcName": "",
    "SrcVersion": "",
    "SrcRelease": "",
    "SrcEpoch":0,
    "LayerID":"sha256:03901b4a2ea88eeaad62dbe59b072b28b6efa00491962b8741081c5df50c65e0"
  },
  {
    "Name": "alpine-baselayout",
    "Version": "3.1.2-r0",
    "Release": "",
    "Epoch": 0,
    "Arch": "",
    "SrcName": "",
    "SrcVersion": "",
    "SrcRelease": "",
    "SrcEpoch":0,
    "LayerID":"sha256:03901b4a2ea88eeaad62dbe59b072b28b6efa00491962b8741081c5df50c65e0"
  },
  {
    "Name": "alpine-keys",
    "Version": "2.1-r2",
    "Release": "",
    "Epoch": 0,
    "Arch": "",
    "SrcName": "",
    "SrcVersion": "",
    "SrcRelease": "",
    "SrcEpoch":0,
    "LayerID":"sha256:03901b4a2ea88eeaad62dbe59b072b28b6efa00491962b8741081c5df50c65e0"
  },
  {
    "Name": "openssl",
    "Version": "1.1.1c-r0",
    "Release": "",
    "Epoch": 0,
    "Arch": "",
    "SrcName": "",
    "SrcVersion": "",
    "SrcRelease": "",
    "SrcEpoch":0,
    "LayerID":"sha256:03901b4a2ea88eeaad62dbe59b072b28b6efa00491962b8741081c5df50c65e0"
  },
  {
    "Name": "libcrypto1.1",
    "Version": "1.1.1c-r0",
    "Release": "",
    "Epoch": 0,
    "Arch": "",
    "SrcName": "",
    "SrcVersion": "",
    "SrcRelease": "",
    "SrcEpoch":0,
    "LayerID":"sha256:03901b4a2ea88eeaad62dbe59b072b28b6efa00491962b8741081c5df50c65e0"
  },
  {
    "Name": "libssl1.1",
    "Version": "1.1.1c-r0",
    "Release": "",
    "Epoch": 0,
    "Arch": "",
    "SrcName": "",
    "SrcVersion": "",
    "SrcRelease": "",
    "SrcEpoch":0,
    "LayerID":"sha256:03901b4a2ea88eeaad62dbe59b072b28b6efa00491962b8741081c5df50c65e0"
  },
  {
    "Name": "ca-certificates",
    "Version": "20190108-r0",
    "Release": "",
    "Epoch": 0,
    "Arch": "",
    "SrcName": "",
    "SrcVersion": "",
    "SrcRelease": "",
    "SrcEpoch":0,
    "LayerID":"sha256:03901b4a2ea88eeaad62dbe59b072b28b6efa00491962b8741081c5df50c65e0"
  },
  {
    "Name": "ca-certificates-cacert",
    "Version": "20190108-r0",
    "Release": "",
    "Epoch": 0,
    "Arch": "",
    "SrcName": "",
    "SrcVersion": "",
    "SrcRelease": "",
    "SrcEpoch":0,
    "LayerID":"sha256:03901b4a2ea88eeaad62dbe59b072b28b6efa00491962b8741081c5df50c65e0"
  },
  {
    "Name": "libtls-standalone",
    "Version": "2.9.1-r0",
    "Release": "",
    "Epoch": 0,
    "Arch": "",
    "SrcName": "",
    "SrcVersion": "",
    "SrcRelease": "",
    "SrcEpoch":0,
    "LayerID":"sha256:03901b4a2ea88eeaad62dbe59b072b28b6efa00491962b8741081c5df50c65e0"
  },
  {
    "Name": "ssl_client",
    "Version": "1.30.1-r2",
    "Release": "",
    "Epoch": 0,
    "Arch": "",
    "SrcName": "",
    "SrcVersion": "",
    "SrcRelease": "",
    "SrcEpoch":0,
    "LayerID":"sha256:03901b4a2ea88eeaad62dbe59b072b28b6efa00491962b8741081c5df50c65e0"
  },
  {
    "Name": "zlib",
    "Version": "1.2.11-r1",
    "Release": "",
    "Epoch": 0,
    "Arch": "",
    "SrcName": "",
    "SrcVersion": "",
    "SrcRelease": "",
    "SrcEpoch":0,
    "LayerID":"sha256:03901b4a2ea88eeaad62dbe59b072b28b6efa00491962b8741081c5df50c65e0"
  },
  {
    "Name": "apk-tools",
    "Version": "2.10.4-r2",
    "Release": "",
    "Epoch": 0,
    "Arch": "",
    "SrcName": "",
    "SrcVersion": "",
    "SrcRelease": "",
    "SrcEpoch":0,
    "LayerID":"sha256:03901b4a2ea88eeaad62dbe59b072b28b6efa00491962b8741081c5df50c65e0"
  },
  {
    "Name": "pax-utils",
    "Version": "1.2.3-r0",
    "Release": "",
    "Epoch": 0,
    "Arch": "",
    "SrcName": "",
    "SrcVersion": "",
    "SrcRelease": "",
    "SrcEpoch":0,
    "LayerID":"sha256:03901b4a2ea88eeaad62dbe59b072b28b6efa00491962b8741081c5df50c65e0"
  },
  {
    "Name": "scanelf",
    "Version": "1.2.3-r0",
    "Release": "",
    "Epoch": 0,
    "Arch": "",
    "SrcName": "",
    "SrcVersion": "",
    "SrcRelease": "",
    "SrcEpoch":0,
    "LayerID":"sha256:03901b4a2ea88eeaad62dbe59b072b28b6efa00491962b8741081c5df50c65e0"
  },
  {
    "Name": "musl-utils",
    "Version": "1.1.22-r3",
    "Release": "",
    "Epoch": 0,
    "Arch": "",
    "SrcName": "",
    "SrcVersion": "",
    "SrcRelease": "",
    "SrcEpoch":0,
    "LayerID":"sha256:03901b4a2ea88eeaad62dbe59b072b28b6efa00491962b8741081c5df50c65e0"
  },
  {
    "Name": "libc-dev",
    "Version": "0.7.1-r0",
    "Release": "",
    "Epoch": 0,
    "Arch": "",
    "SrcName": "",
    "SrcVersion": "",
    "SrcRelease": "",
    "SrcEpoch":0,
    "LayerID":"sha256:03901b4a2ea88eeaad62dbe59b072b28b6efa00491962b8741081c5df50c65e0"
  },
  {
    "Name": "libc-utils",
    "Version": "0.7.1-r0",
    "Release": "",
    "Epoch": 0,
    "Arch": "",
    "SrcName": "",
    "SrcVersion": "",
    "SrcRelease": "",
    "SrcEpoch":0,
    "LayerID":"sha256:03901b4a2ea88eeaad62dbe59b072b28b6efa00491962b8741081c5df50c65e0"
  }
]