[
  {
    "Name": "dash",
    "Version": "0.5.8-2.10",
    "Release": "",
    "Epoch": 0,
    "Arch": "",
    "SrcName": "dash",
    "SrcVersion": "0.5.8-2.10",
    "SrcRelease": "",
    "SrcEpoch":0,
    "LayerID":"sha256:6cebf3abed5fac58d2e792ce8461454e92c245d5312c42118f02e231a73b317f"
  },
  {
    "Name": "passwd",
    "Version": "1:4.5-1ubuntu2",
    "Release": "",
    "Epoch": 0,
    "Arch": "",
    "SrcName": "shadow",
    "SrcVersion": "1:4.5-1ubuntu2",
    "SrcRelease": "",
    "SrcEpoch":0,
    "LayerID":"sha256:6cebf3abed5fac58d2e792ce8461454e92c245d5312c42118f02e231a73b317f"
  },
  {
    "Name": "liblz4-1",
    "Version": "0.0~r131-2ubuntu3",
    "Release": "",
    "Epoch": 0,
    "Arch": "",
    "SrcName": "lz4",
    "SrcVersion": "0.0~r131-2ubuntu3",
    "SrcRelease": "",
    "SrcEpoch":0,
    "LayerID":"sha256:6cebf3abed5fac58d2e792ce8461454e92c245d5312c42118f02e231a73b317f"
  },
  {
    "Name": "libgcrypt20",
    "Version": "1.8.1-4ubuntu1.1",
    "Release": "",
    "Epoch": 0,
    "Arch": "",
    "SrcName": "libgcrypt20",
    "SrcVersion": "1.8.1-4ubuntu1.1",
    "SrcRelease": "",
    "SrcEpoch":0,
    "LayerID":"sha256:6cebf3abed5fac58d2e792ce8461454e92c245d5312c42118f02e231a73b317f"
  },
  {
    "Name": "libfdisk1",
    "Version": "2.31.1-0.4ubuntu3.3",
    "Release": "",
    "Epoch": 0,
    "Arch": "",
    "SrcName": "util-linux",
    "SrcVersion": "2.31.1-0.4ubuntu3.3",
    "SrcRelease": "",
    "SrcEpoch":0,
    "LayerID":"sha256:6cebf3abed5fac58d2e792ce8461454e92c245d5312c42118f02e231a73b317f"
  },
  {
    "Name": "coreutils",
    "Version": "8.28-1ubuntu1",
    "Release": "",
    "Epoch": 0,
    "Arch": "",
    "SrcName": "coreutils",
    "SrcVersion": "8.28-1ubuntu1",
    "SrcRelease": "",
    "SrcEpoch":0,
    "LayerID":"sha256:6cebf3abed5fac58d2e792ce8461454e92c245d5312c42118f02e231a73b317f"
  },
  {
    "Name": "tar",
    "Version": "1.29b-2ubuntu0.1",
    "Release": "",
    "Epoch": 0,
    "Arch": "",
    "SrcName": "tar",
    "SrcVersion": "1.29b-2ubuntu0.1",
    "SrcRelease": "",
    "SrcEpoch":0,
    "LayerID":"sha256:6cebf3abed5fac58d2e792ce8461454e92c245d5312c42118f02e231a73b317f"
  },
  {
    "Name": "ncurses-base",
    "Version": "6.1-1ubuntu1.18.04",
    "Release": "",
    "Epoch": 0,
    "Arch": "",
    "SrcName": "ncurses",
    "SrcVersion": "6.1-1ubuntu1.18.04",
    "SrcRelease": "",
    "SrcEpoch":0,
    "LayerID":"sha256:6cebf3abed5fac58d2e792ce8461454e92c245d5312c42118f02e231a73b317f"
  },
  {
    "Name": "libapt-pkg5.0",
    "Version": "1.6.11",
    "Release": "",
    "Epoch": 0,
    "Arch": "",
    "SrcName": "apt",
    "SrcVersion": "1.6.11",
    "SrcRelease": "",
    "SrcEpoch":0,
    "LayerID":"sha256:6cebf3abed5fac58d2e792ce8461454e92c245d5312c42118f02e231a73b317f"
  },
  {
    "Name": "bash",
    "Version": "4.4.18-2ubuntu1.2",
    "Release": "",
    "Epoch": 0,
    "Arch": "",
    "SrcName": "bash",
    "SrcVersion": "4.4.18-2ubuntu1.2",
    "SrcRelease": "",
    "SrcEpoch":0,
    "LayerID":"sha256:6cebf3abed5fac58d2e792ce8461454e92c245d5312c42118f02e231a73b317f"
  },
  {
    "Name": "zlib1g",
    "Version": "1:1.2.11.dfsg-0ubuntu2",
    "Release": "",
    "Epoch": 0,
    "Arch": "",
    "SrcName": "zlib",
    "SrcVersion": "1:1.2.11.dfsg-0ubuntu2",
    "SrcRelease": "",
    "SrcEpoch":0,
    "LayerID":"sha256:6cebf3abed5fac58d2e792ce8461454e92c245d5312c42118f02e231a73b317f"
  },
  {
    "Name": "gzip",
    "Version": "1.6-5ubuntu1",
    "Release": "",
    "Epoch": 0,
    "Arch": "",
    "SrcName": "gzip",
    "SrcVersion": "1.6-5ubuntu1",
    "SrcRelease": "",
    "SrcEpoch":0,
    "LayerID":"sha256:6cebf3abed5fac58d2e792ce8461454e92c245d5312c42118f02e231a73b317f"
  },
  {
    "Name": "bzip2",
    "Version": "1.0.6-8.1ubuntu0.2",
    "Release": "",
    "Epoch": 0,
    "Arch": "",
    "SrcName": "bzip2",
    "SrcVersion": "1.0.6-8.1ubuntu0.2",
    "SrcRelease": "",
    "SrcEpoch":0,
    "LayerID":"sha256:6cebf3abed5fac58d2e792ce8461454e92c245d5312c42118f02e231a73b317f"
  },
  {
    "Name": "libhogweed4",
    "Version": "3.4-1",
    "Release": "",
    "Epoch": 0,
    "Arch": "",
    "SrcName": "nettle",
    "SrcVersion": "3.4-1",
    "SrcRelease": "",
    "SrcEpoch":0,
    "LayerID":"sha256:6cebf3abed5fac58d2e792ce8461454e92c245d5312c42118f02e231a73b317f"
  },
  {
    "Name": "diffutils",
    "Version": "1:3.6-1",
    "Release": "",
    "Epoch": 0,
    "Arch": "",
    "SrcName": "diffutils",
    "SrcVersion": "1:3.6-1",
    "SrcRelease": "",
    "SrcEpoch":0,
    "LayerID":"sha256:6cebf3abed5fac58d2e792ce8461454e92c245d5312c42118f02e231a73b317f"
  },
  {
    "Name": "libncursesw5",
    "Version": "6.1-1ubuntu1.18.04",
    "Release": "",
    "Epoch": 0,
    "Arch": "",
    "SrcName": "ncurses",
    "SrcVersion": "6.1-1ubuntu1.18.04",
    "SrcRelease": "",
    "SrcEpoch":0,
    "LayerID":"sha256:6cebf3abed5fac58d2e792ce8461454e92c245d5312c42118f02e231a73b317f"
  },
  {
    "Name": "hostname",
    "Version": "3.20",
    "Release": "",
    "Epoch": 0,
    "Arch": "",
    "SrcName": "hostname",
    "SrcVersion": "3.20",
    "SrcRelease": "",
    "SrcEpoch":0,
    "LayerID":"sha256:6cebf3abed5fac58d2e792ce8461454e92c245d5312c42118f02e231a73b317f"
  },
  {
    "Name": "libselinux1",
    "Version": "2.7-2build2",
    "Release": "",
    "Epoch": 0,
    "Arch": "",
    "SrcName": "libselinux",
    "SrcVersion": "2.7-2build2",
    "SrcRelease": "",
    "SrcEpoch":0,
    "LayerID":"sha256:6cebf3abed5fac58d2e792ce8461454e92c245d5312c42118f02e231a73b317f"
  },
  {
    "Name": "libpam0g",
    "Version": "1.1.8-3.6ubuntu2.18.04.1",
    "Release": "",
    "Epoch": 0,
    "Arch": "",
    "SrcName": "pam",
    "SrcVersion": "1.1.8-3.6ubuntu2.18.04.1",
    "SrcRelease": "",
    "SrcEpoch":0,
    "LayerID":"sha256:6cebf3abed5fac58d2e792ce8461454e92c245d5312c42118f02e231a73b317f"
  },
  {
    "Name": "libnettle6",
    "Version": "3.4-1",
    "Release": "",
    "Epoch": 0,
    "Arch": "",
    "SrcName": "nettle",
    "SrcVersion": "3.4-1",
    "SrcRelease": "",
    "SrcEpoch":0,
    "LayerID":"sha256:6cebf3abed5fac58d2e792ce8461454e92c245d5312c42118f02e231a73b317f"
  },
  {
    "Name": "libgnutls30",
    "Version": "3.5.18-1ubuntu1.1",
    "Release": "",
    "Epoch": 0,
    "Arch": "",
    "SrcName": "gnutls28",
    "SrcVersion": "3.5.18-1ubuntu1.1",
    "SrcRelease": "",
    "SrcEpoch":0,
    "LayerID":"sha256:6cebf3abed5fac58d2e792ce8461454e92c245d5312c42118f02e231a73b317f"
  },
  {
    "Name": "libc6",
    "Version": "2.27-3ubuntu1",
    "Release": "",
    "Epoch": 0,
    "Arch": "",
    "SrcName": "glibc",
    "SrcVersion": "2.27-3ubuntu1",
    "SrcRelease": "",
    "SrcEpoch":0,
    "LayerID":"sha256:6cebf3abed5fac58d2e792ce8461454e92c245d5312c42118f02e231a73b317f"
  },
  {
    "Name": "libc-bin",
    "Version": "2.27-3ubuntu1",
    "Release": "",
    "Epoch": 0,
    "Arch": "",
    "SrcName": "glibc",
    "SrcVersion": "2.27-3ubuntu1",
    "SrcRelease": "",
    "SrcEpoch":0,
    "LayerID":"sha256:6cebf3abed5fac58d2e792ce8461454e92c245d5312c42118f02e231a73b317f"
  },
  {
    "Name": "dpkg",
    "Version": "1.19.0.5ubuntu2.1",
    "Release": "",
    "Epoch": 0,
    "Arch": "",
    "SrcName": "dpkg",
    "SrcVersion": "1.19.0.5ubuntu2.1",
    "SrcRelease": "",
    "SrcEpoch":0,
    "LayerID":"sha256:6cebf3abed5fac58d2e792ce8461454e92c245d5312c42118f02e231a73b317f"
  },
  {
    "Name": "libgcc1",
    "Version": "1:8.3.0-6ubuntu1~18.04.1",
    "Release": "",
    "Epoch": 0,
    "Arch": "",
    "SrcName": "gcc-8",
    "SrcVersion": "8.3.0-6ubuntu1~18.04.1",
    "SrcRelease": "",
    "SrcEpoch":0,
    "LayerID":"sha256:6cebf3abed5fac58d2e792ce8461454e92c245d5312c42118f02e231a73b317f"
  },
  {
    "Name": "util-linux",
    "Version": "2.31.1-0.4ubuntu3.3",
    "Release": "",
    "Epoch": 0,
    "Arch": "",
    "SrcName": "util-linux",
    "SrcVersion": "2.31.1-0.4ubuntu3.3",
    "SrcRelease": "",
    "SrcEpoch":0,
    "LayerID":"sha256:6cebf3abed5fac58d2e792ce8461454e92c245d5312c42118f02e231a73b317f"
  },
  {
    "Name": "base-passwd",
    "Version": "3.5.44",
    "Release": "",
    "Epoch": 0,
    "Arch": "",
    "SrcName": "base-passwd",
    "SrcVersion": "3.5.44",
    "SrcRelease": "",
    "SrcEpoch":0,
    "LayerID":"sha256:6cebf3abed5fac58d2e792ce8461454e92c245d5312c42118f02e231a73b317f"
  },
  {
    "Name": "bsdutils",
    "Version": "1:2.31.1-0.4ubuntu3.3",
    "Release": "",
    "Epoch": 0,
    "Arch": "",
    "SrcName": "util-linux",
    "SrcVersion": "2.31.1-0.4ubuntu3.3",
    "SrcRelease": "",
    "SrcEpoch":0,
    "LayerID":"sha256:6cebf3abed5fac58d2e792ce8461454e92c245d5312c42118f02e231a73b317f"
  },
  {
    "Name": "libgpg-error0",
    "Version": "1.27-6",
    "Release": "",
    "Epoch": 0,
    "Arch": "",
    "SrcName": "libgpg-error",
    "SrcVersion": "1.27-6",
    "SrcRelease": "",
    "SrcEpoch":0,
    "LayerID":"sha256:6cebf3abed5fac58d2e792ce8461454e92c245d5312c42118f02e231a73b317f"
  },
  {
    "Name": "gcc-8-base",
    "Version": "8.3.0-6ubuntu1~18.04.1",
    "Release": "",
    "Epoch": 0,
    "Arch": "",
    "SrcName": "gcc-8",
    "SrcVersion": "8.3.0-6ubuntu1~18.04.1",
    "SrcRelease": "",
    "SrcEpoch":0,
    "LayerID":"sha256:6cebf3abed5fac58d2e792ce8461454e92c245d5312c42118f02e231a73b317f"
  },
  {
    "Name": "ncurses-bin",
    "Version": "6.1-1ubuntu1.18.04",
    "Release": "",
    "Epoch": 0,
    "Arch": "",
    "SrcName": "ncurses",
    "SrcVersion": "6.1-1ubuntu1.18.04",
    "SrcRelease": "",
    "SrcEpoch":0,
    "LayerID":"sha256:6cebf3abed5fac58d2e792ce8461454e92c245d5312c42118f02e231a73b317f"
  },
  {
    "Name": "libudev1",
    "Version": "237-3ubuntu10.25",
    "Release": "",
    "Epoch": 0,
    "Arch": "",
    "SrcName": "systemd",
    "SrcVersion": "237-3ubuntu10.25",
    "SrcRelease": "",
    "SrcEpoch":0,
    "LayerID":"sha256:6cebf3abed5fac58d2e792ce8461454e92c245d5312c42118f02e231a73b317f"
  },
  {
    "Name": "libuuid1",
    "Version": "2.31.1-0.4ubuntu3.3",
    "Release": "",
    "Epoch": 0,
    "Arch": "",
    "SrcName": "util-linux",
    "SrcVersion": "2.31.1-0.4ubuntu3.3",
    "SrcRelease": "",
    "SrcEpoch":0,
    "LayerID":"sha256:6cebf3abed5fac58d2e792ce8461454e92c245d5312c42118f02e231a73b317f"
  },
  {
    "Name": "libsystemd0",
    "Version": "237-3ubuntu10.25",
    "Release": "",
    "Epoch": 0,
    "Arch": "",
    "SrcName": "systemd",
    "SrcVersion": "237-3ubuntu10.25",
    "SrcRelease": "",
    "SrcEpoch":0,
    "LayerID":"sha256:6cebf3abed5fac58d2e792ce8461454e92c245d5312c42118f02e231a73b317f"
  },
  {
    "Name": "libbz2-1.0",
    "Version": "1.0.6-8.1ubuntu0.2",
    "Release": "",
    "Epoch": 0,
    "Arch": "",
    "SrcName": "bzip2",
    "SrcVersion": "1.0.6-8.1ubuntu0.2",
    "SrcRelease": "",
    "SrcEpoch":0,
    "LayerID":"sha256:6cebf3abed5fac58d2e792ce8461454e92c245d5312c42118f02e231a73b317f"
  },
  {
    "Name": "init-system-helpers",
    "Version": "1.51",
    "Release": "",
    "Epoch": 0,
    "Arch": "",
    "SrcName": "init-system-helpers",
    "SrcVersion": "1.51",
    "SrcRelease": "",
    "SrcEpoch":0,
    "LayerID":"sha256:6cebf3abed5fac58d2e792ce8461454e92c245d5312c42118f02e231a73b317f"
  },
  {
    "Name": "apt",
    "Version": "1.6.11",
    "Release": "",
    "Epoch": 0,
    "Arch": "",
    "SrcName": "apt",
    "SrcVersion": "1.6.11",
    "SrcRelease": "",
    "SrcEpoch":0,
    "LayerID":"sha256:6cebf3abed5fac58d2e792ce8461454e92c245d5312c42118f02e231a73b317f"
  },
  {
    "Name": "ubuntu-keyring",
    "Version": "2018.09.18.1~18.04.0",
    "Release": "",
    "Epoch": 0,
    "Arch": "",
    "SrcName": "ubuntu-keyring",
    "SrcVersion": "2018.09.18.1~18.04.0",
    "SrcRelease": "",
    "SrcEpoch":0,
    "LayerID":"sha256:6cebf3abed5fac58d2e792ce8461454e92c245d5312c42118f02e231a73b317f"
  },
  {
    "Name": "grep",
    "Version": "3.1-2",
    "Release": "",
    "Epoch": 0,
    "Arch": "",
    "SrcName": "grep",
    "SrcVersion": "3.1-2",
    "SrcRelease": "",
    "SrcEpoch":0,
    "LayerID":"sha256:6cebf3abed5fac58d2e792ce8461454e92c245d5312c42118f02e231a73b317f"
  },
  {
    "Name": "debianutils",
    "Version": "4.8.4",
    "Release": "",
    "Epoch": 0,
    "Arch": "",
    "SrcName": "debianutils",
    "SrcVersion": "4.8.4",
    "SrcRelease": "",
    "SrcEpoch":0,
    "LayerID":"sha256:6cebf3abed5fac58d2e792ce8461454e92c245d5312c42118f02e231a73b317f"
  },
  {
    "Name": "libdb5.3",
    "Version": "5.3.28-13.1ubuntu1.1",
    "Release": "",
    "Epoch": 0,
    "Arch": "",
    "SrcName": "db5.3",
    "SrcVersion": "5.3.28-13.1ubuntu1.1",
    "SrcRelease": "",
    "SrcEpoch":0,
    "LayerID":"sha256:6cebf3abed5fac58d2e792ce8461454e92c245d5312c42118f02e231a73b317f"
  },
  {
    "Name": "gpgv",
    "Version": "2.2.4-1ubuntu1.2",
    "Release": "",
    "Epoch": 0,
    "Arch": "",
    "SrcName": "gnupg2",
    "SrcVersion": "2.2.4-1ubuntu1.2",
    "SrcRelease": "",
    "SrcEpoch":0,
    "LayerID":"sha256:6cebf3abed5fac58d2e792ce8461454e92c245d5312c42118f02e231a73b317f"
  },
  {
    "Name": "mount",
    "Version": "2.31.1-0.4ubuntu3.3",
    "Release": "",
    "Epoch": 0,
    "Arch": "",
    "SrcName": "util-linux",
    "SrcVersion": "2.31.1-0.4ubuntu3.3",
    "SrcRelease": "",
    "SrcEpoch":0,
    "LayerID":"sha256:6cebf3abed5fac58d2e792ce8461454e92c245d5312c42118f02e231a73b317f"
  },
  {
    "Name": "libtasn1-6",
    "Version": "4.13-2",
    "Release": "",
    "Epoch": 0,
    "Arch": "",
    "SrcName": "libtasn1-6",
    "SrcVersion": "4.13-2",
    "SrcRelease": "",
    "SrcEpoch":0,
    "LayerID":"sha256:6cebf3abed5fac58d2e792ce8461454e92c245d5312c42118f02e231a73b317f"
  },
  {
    "Name": "adduser",
    "Version": "3.116ubuntu1",
    "Release": "",
    "Epoch": 0,
    "Arch": "",
    "SrcName": "adduser",
    "SrcVersion": "3.116ubuntu1",
    "SrcRelease": "",
    "SrcEpoch":0,
    "LayerID":"sha256:6cebf3abed5fac58d2e792ce8461454e92c245d5312c42118f02e231a73b317f"
  },
  {
    "Name": "libcom-err2",
    "Version": "1.44.1-1ubuntu1.1",
    "Release": "",
    "Epoch": 0,
    "Arch": "",
    "SrcName": "e2fsprogs",
    "SrcVersion": "1.44.1-1ubuntu1.1",
    "SrcRelease": "",
    "SrcEpoch":0,
    "LayerID":"sha256:6cebf3abed5fac58d2e792ce8461454e92c245d5312c42118f02e231a73b317f"
  },
  {
    "Name": "libaudit1",
    "Version": "1:2.8.2-1ubuntu1",
    "Release": "",
    "Epoch": 0,
    "Arch": "",
    "SrcName": "audit",
    "SrcVersion": "1:2.8.2-1ubuntu1",
    "SrcRelease": "",
    "SrcEpoch":0,
    "LayerID":"sha256:6cebf3abed5fac58d2e792ce8461454e92c245d5312c42118f02e231a73b317f"
  },
  {
    "Name": "libpcre3",
    "Version": "2:8.39-9",
    "Release": "",
    "Epoch": 0,
    "Arch": "",
    "SrcName": "pcre3",
    "SrcVersion": "2:8.39-9",
    "SrcRelease": "",
    "SrcEpoch":0,
    "LayerID":"sha256:6cebf3abed5fac58d2e792ce8461454e92c245d5312c42118f02e231a73b317f"
  },
  {
    "Name": "base-files",
    "Version": "10.1ubuntu2.6",
    "Release": "",
    "Epoch": 0,
    "Arch": "",
    "SrcName": "base-files",
    "SrcVersion": "10.1ubuntu2.6",
    "SrcRelease": "",
    "SrcEpoch":0,
    "LayerID":"sha256:6cebf3abed5fac58d2e792ce8461454e92c245d5312c42118f02e231a73b317f"
  },
  {
    "Name": "libss2",
    "Version": "1.44.1-1ubuntu1.1",
    "Release": "",
    "Epoch": 0,
    "Arch": "",
    "SrcName": "e2fsprogs",
    "SrcVersion": "1.44.1-1ubuntu1.1",
    "SrcRelease": "",
    "SrcEpoch":0,
    "LayerID":"sha256:6cebf3abed5fac58d2e792ce8461454e92c245d5312c42118f02e231a73b317f"
  },
  {
    "Name": "debconf",
    "Version": "1.5.66ubuntu1",
    "Release": "",
    "Epoch": 0,
    "Arch": "",
    "SrcName": "debconf",
    "SrcVersion": "1.5.66ubuntu1",
    "SrcRelease": "",
    "SrcEpoch":0,
    "LayerID":"sha256:6cebf3abed5fac58d2e792ce8461454e92c245d5312c42118f02e231a73b317f"
  },
  {
    "Name": "libzstd1",
    "Version": "1.3.3+dfsg-2ubuntu1",
    "Release": "",
    "Epoch": 0,
    "Arch": "",
    "SrcName": "libzstd",
    "SrcVersion": "1.3.3+dfsg-2ubuntu1",
    "SrcRelease": "",
    "SrcEpoch":0,
    "LayerID":"sha256:6cebf3abed5fac58d2e792ce8461454e92c245d5312c42118f02e231a73b317f"
  },
  {
    "Name": "procps",
    "Version": "2:3.3.12-3ubuntu1.1",
    "Release": "",
    "Epoch": 0,
    "Arch": "",
    "SrcName": "procps",
    "SrcVersion": "2:3.3.12-3ubuntu1.1",
    "SrcRelease": "",
    "SrcEpoch":0,
    "LayerID":"sha256:6cebf3abed5fac58d2e792ce8461454e92c245d5312c42118f02e231a73b317f"
  },
  {
    "Name": "libffi6",
    "Version": "3.2.1-8",
    "Release": "",
    "Epoch": 0,
    "Arch": "",
    "SrcName": "libffi",
    "SrcVersion": "3.2.1-8",
    "SrcRelease": "",
    "SrcEpoch":0,
    "LayerID":"sha256:6cebf3abed5fac58d2e792ce8461454e92c245d5312c42118f02e231a73b317f"
  },
  {
    "Name": "libacl1",
    "Version": "2.2.52-3build1",
    "Release": "",
    "Epoch": 0,
    "Arch": "",
    "SrcName": "acl",
    "SrcVersion": "2.2.52-3build1",
    "SrcRelease": "",
    "SrcEpoch":0,
    "LayerID":"sha256:6cebf3abed5fac58d2e792ce8461454e92c245d5312c42118f02e231a73b317f"
  },
  {
    "Name": "libsemanage1",
    "Version": "2.7-2build2",
    "Release": "",
    "Epoch": 0,
    "Arch": "",
    "SrcName": "libsemanage",
    "SrcVersion": "2.7-2build2",
    "SrcRelease": "",
    "SrcEpoch":0,
    "LayerID":"sha256:6cebf3abed5fac58d2e792ce8461454e92c245d5312c42118f02e231a73b317f"
  },
  {
    "Name": "libdebconfclient0",
    "Version": "0.213ubuntu1",
    "Release": "",
    "Epoch": 0,
    "Arch": "",
    "SrcName": "cdebconf",
    "SrcVersion": "0.213ubuntu1",
    "SrcRelease": "",
    "SrcEpoch":0,
    "LayerID":"sha256:6cebf3abed5fac58d2e792ce8461454e92c245d5312c42118f02e231a73b317f"
  },
  {
    "Name": "libstdc++6",
    "Version": "8.3.0-6ubuntu1~18.04.1",
    "Release": "",
    "Epoch": 0,
    "Arch": "",
    "SrcName": "gcc-8",
    "SrcVersion": "8.3.0-6ubuntu1~18.04.1",
    "SrcRelease": "",
    "SrcEpoch":0,
    "LayerID":"sha256:6cebf3abed5fac58d2e792ce8461454e92c245d5312c42118f02e231a73b317f"
  },
  {
    "Name": "libmount1",
    "Version": "2.31.1-0.4ubuntu3.3",
    "Release": "",
    "Epoch": 0,
    "Arch": "",
    "SrcName": "util-linux",
    "SrcVersion": "2.31.1-0.4ubuntu3.3",
    "SrcRelease": "",
    "SrcEpoch":0,
    "LayerID":"sha256:6cebf3abed5fac58d2e792ce8461454e92c245d5312c42118f02e231a73b317f"
  },
  {
    "Name": "login",
    "Version": "1:4.5-1ubuntu2",
    "Release": "",
    "Epoch": 0,
    "Arch": "",
    "SrcName": "shadow",
    "SrcVersion": "1:4.5-1ubuntu2",
    "SrcRelease": "",
    "SrcEpoch":0,
    "LayerID":"sha256:6cebf3abed5fac58d2e792ce8461454e92c245d5312c42118f02e231a73b317f"
  },
  {
    "Name": "libncurses5",
    "Version": "6.1-1ubuntu1.18.04",
    "Release": "",
    "Epoch": 0,
    "Arch": "",
    "SrcName": "ncurses",
    "SrcVersion": "6.1-1ubuntu1.18.04",
    "SrcRelease": "",
    "SrcEpoch":0,
    "LayerID":"sha256:6cebf3abed5fac58d2e792ce8461454e92c245d5312c42118f02e231a73b317f"
  },
  {
    "Name": "libattr1",
    "Version": "1:2.4.47-2build1",
    "Release": "",
    "Epoch": 0,
    "Arch": "",
    "SrcName": "attr",
    "SrcVersion": "1:2.4.47-2build1",
    "SrcRelease": "",
    "SrcEpoch":0,
    "LayerID":"sha256:6cebf3abed5fac58d2e792ce8461454e92c245d5312c42118f02e231a73b317f"
  },
  {
    "Name": "e2fsprogs",
    "Version": "1.44.1-1ubuntu1.1",
    "Release": "",
    "Epoch": 0,
    "Arch": "",
    "SrcName": "e2fsprogs",
    "SrcVersion": "1.44.1-1ubuntu1.1",
    "SrcRelease": "",
    "SrcEpoch":0,
    "LayerID":"sha256:6cebf3abed5fac58d2e792ce8461454e92c245d5312c42118f02e231a73b317f"
  },
  {
    "Name": "libsepol1",
    "Version": "2.7-1",
    "Release": "",
    "Epoch": 0,
    "Arch": "",
    "SrcName": "libsepol",
    "SrcVersion": "2.7-1",
    "SrcRelease": "",
    "SrcEpoch":0,
    "LayerID":"sha256:6cebf3abed5fac58d2e792ce8461454e92c245d5312c42118f02e231a73b317f"
  },
  {
    "Name": "libpam-runtime",
    "Version": "1.1.8-3.6ubuntu2.18.04.1",
    "Release": "",
    "Epoch": 0,
    "Arch": "",
    "SrcName": "pam",
    "SrcVersion": "1.1.8-3.6ubuntu2.18.04.1",
    "SrcRelease": "",
    "SrcEpoch":0,
    "LayerID":"sha256:6cebf3abed5fac58d2e792ce8461454e92c245d5312c42118f02e231a73b317f"
  },
  {
    "Name": "libunistring2",
    "Version": "0.9.9-0ubuntu2",
    "Release": "",
    "Epoch": 0,
    "Arch": "",
    "SrcName": "libunistring",
    "SrcVersion": "0.9.9-0ubuntu2",
    "SrcRelease": "",
    "SrcEpoch":0,
    "LayerID":"sha256:6cebf3abed5fac58d2e792ce8461454e92c245d5312c42118f02e231a73b317f"
  },
  {
    "Name": "libprocps6",
    "Version": "2:3.3.12-3ubuntu1.1",
    "Release": "",
    "Epoch": 0,
    "Arch": "",
    "SrcName": "procps",
    "SrcVersion": "2:3.3.12-3ubuntu1.1",
    "SrcRelease": "",
    "SrcEpoch":0,
    "LayerID":"sha256:6cebf3abed5fac58d2e792ce8461454e92c245d5312c42118f02e231a73b317f"
  },
  {
    "Name": "sensible-utils",
    "Version": "0.0.12",
    "Release": "",
    "Epoch": 0,
    "Arch": "",
    "SrcName": "sensible-utils",
    "SrcVersion": "0.0.12",
    "SrcRelease": "",
    "SrcEpoch":0,
    "LayerID":"sha256:6cebf3abed5fac58d2e792ce8461454e92c245d5312c42118f02e231a73b317f"
  },
  {
    "Name": "libsemanage-common",
    "Version": "2.7-2build2",
    "Release": "",
    "Epoch": 0,
    "Arch": "",
    "SrcName": "libsemanage",
    "SrcVersion": "2.7-2build2",
    "SrcRelease": "",
    "SrcEpoch":0,
    "LayerID":"sha256:6cebf3abed5fac58d2e792ce8461454e92c245d5312c42118f02e231a73b317f"
  },
  {
    "Name": "sed",
    "Version": "4.4-2",
    "Release": "",
    "Epoch": 0,
    "Arch": "",
    "SrcName": "sed",
    "SrcVersion": "4.4-2",
    "SrcRelease": "",
    "SrcEpoch":0,
    "LayerID":"sha256:6cebf3abed5fac58d2e792ce8461454e92c245d5312c42118f02e231a73b317f"
  },
  {
    "Name": "libsmartcols1",
    "Version": "2.31.1-0.4ubuntu3.3",
    "Release": "",
    "Epoch": 0,
    "Arch": "",
    "SrcName": "util-linux",
    "SrcVersion": "2.31.1-0.4ubuntu3.3",
    "SrcRelease": "",
    "SrcEpoch":0,
    "LayerID":"sha256:6cebf3abed5fac58d2e792ce8461454e92c245d5312c42118f02e231a73b317f"
  },
  {
    "Name": "perl-base",
    "Version": "5.26.1-6ubuntu0.3",
    "Release": "",
    "Epoch": 0,
    "Arch": "",
    "SrcName": "perl",
    "SrcVersion": "5.26.1-6ubuntu0.3",
    "SrcRelease": "",
    "SrcEpoch":0,
    "LayerID":"sha256:6cebf3abed5fac58d2e792ce8461454e92c245d5312c42118f02e231a73b317f"
  },
  {
    "Name": "liblzma5",
    "Version": "5.2.2-1.3",
    "Release": "",
    "Epoch": 0,
    "Arch": "",
    "SrcName": "xz-utils",
    "SrcVersion": "5.2.2-1.3",
    "SrcRelease": "",
    "SrcEpoch":0,
    "LayerID":"sha256:6cebf3abed5fac58d2e792ce8461454e92c245d5312c42118f02e231a73b317f"
  },
  {
    "Name": "lsb-base",
    "Version": "9.20170808ubuntu1",
    "Release": "",
    "Epoch": 0,
    "Arch": "",
    "SrcName": "lsb",
    "SrcVersion": "9.20170808ubuntu1",
    "SrcRelease": "",
    "SrcEpoch":0,
    "LayerID":"sha256:6cebf3abed5fac58d2e792ce8461454e92c245d5312c42118f02e231a73b317f"
  },
  {
    "Name": "libpam-modules",
    "Version": "1.1.8-3.6ubuntu2.18.04.1",
    "Release": "",
    "Epoch": 0,
    "Arch": "",
    "SrcName": "pam",
    "SrcVersion": "1.1.8-3.6ubuntu2.18.04.1",
    "SrcRelease": "",
    "SrcEpoch":0,
    "LayerID":"sha256:6cebf3abed5fac58d2e792ce8461454e92c245d5312c42118f02e231a73b317f"
  },
  {
    "Name": "libaudit-common",
    "Version": "1:2.8.2-1ubuntu1",
    "Release": "",
    "Epoch": 0,
    "Arch": "",
    "SrcName": "audit",
    "SrcVersion": "1:2.8.2-1ubuntu1",
    "SrcRelease": "",
    "SrcEpoch":0,
    "LayerID":"sha256:6cebf3abed5fac58d2e792ce8461454e92c245d5312c42118f02e231a73b317f"
  },
  {
    "Name": "findutils",
    "Version": "4.6.0+git+20170828-2",
    "Release": "",
    "Epoch": 0,
    "Arch": "",
    "SrcName": "findutils",
    "SrcVersion": "4.6.0+git+20170828-2",
    "SrcRelease": "",
    "SrcEpoch":0,
    "LayerID":"sha256:6cebf3abed5fac58d2e792ce8461454e92c245d5312c42118f02e231a73b317f"
  },
  {
    "Name": "libcap-ng0",
    "Version": "0.7.7-3.1",
    "Release": "",
    "Epoch": 0,
    "Arch": "",
    "SrcName": "libcap-ng",
    "SrcVersion": "0.7.7-3.1",
    "SrcRelease": "",
    "SrcEpoch":0,
    "LayerID":"sha256:6cebf3abed5fac58d2e792ce8461454e92c245d5312c42118f02e231a73b317f"
  },
  {
    "Name": "fdisk",
    "Version": "2.31.1-0.4ubuntu3.3",
    "Release": "",
    "Epoch": 0,
    "Arch": "",
    "SrcName": "util-linux",
    "SrcVersion": "2.31.1-0.4ubuntu3.3",
    "SrcRelease": "",
    "SrcEpoch":0,
    "LayerID":"sha256:6cebf3abed5fac58d2e792ce8461454e92c245d5312c42118f02e231a73b317f"
  },
  {
    "Name": "libidn2-0",
    "Version": "2.0.4-1.1build2",
    "Release": "",
    "Epoch": 0,
    "Arch": "",
    "SrcName": "libidn2",
    "SrcVersion": "2.0.4-1.1build2",
    "SrcRelease": "",
    "SrcEpoch":0,
    "LayerID":"sha256:6cebf3abed5fac58d2e792ce8461454e92c245d5312c42118f02e231a73b317f"
  },
  {
    "Name": "libblkid1",
    "Version": "2.31.1-0.4ubuntu3.3",
    "Release": "",
    "Epoch": 0,
    "Arch": "",
    "SrcName": "util-linux",
    "SrcVersion": "2.31.1-0.4ubuntu3.3",
    "SrcRelease": "",
    "SrcEpoch":0,
    "LayerID":"sha256:6cebf3abed5fac58d2e792ce8461454e92c245d5312c42118f02e231a73b317f"
  },
  {
    "Name": "libgmp10",
    "Version": "2:6.1.2+dfsg-2",
    "Release": "",
    "Epoch": 0,
    "Arch": "",
    "SrcName": "gmp",
    "SrcVersion": "2:6.1.2+dfsg-2",
    "SrcRelease": "",
    "SrcEpoch":0,
    "LayerID":"sha256:6cebf3abed5fac58d2e792ce8461454e92c245d5312c42118f02e231a73b317f"
  },
  {
    "Name": "libseccomp2",
    "Version": "2.4.1-0ubuntu0.18.04.2",
    "Release": "",
    "Epoch": 0,
    "Arch": "",
    "SrcName": "libseccomp",
    "SrcVersion": "2.4.1-0ubuntu0.18.04.2",
    "SrcRelease": "",
    "SrcEpoch":0,
    "LayerID":"sha256:6cebf3abed5fac58d2e792ce8461454e92c245d5312c42118f02e231a73b317f"
  },
  {
    "Name": "libtinfo5",
    "Version": "6.1-1ubuntu1.18.04",
    "Release": "",
    "Epoch": 0,
    "Arch": "",
    "SrcName": "ncurses",
    "SrcVersion": "6.1-1ubuntu1.18.04",
    "SrcRelease": "",
    "SrcEpoch":0,
    "LayerID":"sha256:6cebf3abed5fac58d2e792ce8461454e92c245d5312c42118f02e231a73b317f"
  },
  {
    "Name": "libpam-modules-bin",
    "Version": "1.1.8-3.6ubuntu2.18.04.1",
    "Release": "",
    "Epoch": 0,
    "Arch": "",
    "SrcName": "pam",
    "SrcVersion": "1.1.8-3.6ubuntu2.18.04.1",
    "SrcRelease": "",
    "SrcEpoch":0,
    "LayerID":"sha256:6cebf3abed5fac58d2e792ce8461454e92c245d5312c42118f02e231a73b317f"
  },
  {
    "Name": "mawk",
    "Version": "1.3.3-17ubuntu3",
    "Release": "",
    "Epoch": 0,
    "Arch": "",
    "SrcName": "mawk",
    "SrcVersion": "1.3.3-17ubuntu3",
    "SrcRelease": "",
    "SrcEpoch":0,
    "LayerID":"sha256:6cebf3abed5fac58d2e792ce8461454e92c245d5312c42118f02e231a73b317f"
  },
  {
    "Name": "sysvinit-utils",
    "Version": "2.88dsf-59.10ubuntu1",
    "Release": "",
    "Epoch": 0,
    "Arch": "",
    "SrcName": "sysvinit",
    "SrcVersion": "2.88dsf-59.10ubuntu1",
    "SrcRelease": "",
    "SrcEpoch":0,
    "LayerID":"sha256:6cebf3abed5fac58d2e792ce8461454e92c245d5312c42118f02e231a73b317f"
  },
  {
    "Name": "libp11-kit0",
    "Version": "0.23.9-2",
    "Release": "",
    "Epoch": 0,
    "Arch": "",
    "SrcName": "p11-kit",
    "SrcVersion": "0.23.9-2",
    "SrcRelease": "",
    "SrcEpoch":0,
    "LayerID":"sha256:6cebf3abed5fac58d2e792ce8461454e92c245d5312c42118f02e231a73b317f"
  },
  {
    "Name": "libext2fs2",
    "Version": "1.44.1-1ubuntu1.1",
    "Release": "",
    "Epoch": 0,
    "Arch": "",
    "SrcName": "e2fsprogs",
    "SrcVersion": "1.44.1-1ubuntu1.1",
    "SrcRelease": "",
    "SrcEpoch":0,
    "LayerID":"sha256:6cebf3abed5fac58d2e792ce8461454e92c245d5312c42118f02e231a73b317f"
  }
]
