[
  "configblob::docker.io_testdata_fixtures_alpine-310.tar.gz:latest",
  "layerinfos::docker.io_testdata_fixtures_alpine-310.tar.gz:latest",
  "sha256:03901b4a2ea88eeaad62dbe59b072b28b6efa00491962b8741081c5df50c65e0"
]