[
  "configblob::docker.io_knqyf263_alpine:3.10",
  "layerinfos::docker.io_knqyf263_alpine:3.10",
  "sha256:9d48c3bd43c520dc2784e868a780e976b207cbf493eaff8c6596eb871cbd9609"
]