[
  {
    "Name": "system-release",
    "Version": "2",
    "Release": "10.amzn2",
    "Epoch": 1,
    "Arch": "x86_64",
    "SrcName": "",
    "SrcVersion": "",
    "SrcRelease": "",
    "SrcEpoch": 0
  },
  {
    "Name": "libgcc",
    "Version": "7.3.1",
    "Release": "5.amzn2.0.2",
    "Epoch": 0,
    "Arch": "x86_64",
    "SrcName": "",
    "SrcVersion": "",
    "SrcRelease": "",
    "SrcEpoch": 0
  },
  {
    "Name": "glibc",
    "Version": "2.26",
    "Release": "32.amzn2.0.1",
    "Epoch": 0,
    "Arch": "x86_64",
    "SrcName": "",
    "SrcVersion": "",
    "SrcRelease": "",
    "SrcEpoch": 0
  },
  {
    "Name": "pcre",
    "Version": "8.32",
    "Release": "17.amzn2.0.2",
    "Epoch": 0,
    "Arch": "x86_64",
    "SrcName": "",
    "SrcVersion": "",
    "SrcRelease": "",
    "SrcEpoch": 0
  },
  {
    "Name": "nspr",
    "Version": "4.19.0",
    "Release": "1.amzn2",
    "Epoch": 0,
    "Arch": "x86_64",
    "SrcName": "",
    "SrcVersion": "",
    "SrcRelease": "",
    "SrcEpoch": 0
  },
  {
    "Name": "bzip2-libs",
    "Version": "1.0.6",
    "Release": "13.amzn2.0.2",
    "Epoch": 0,
    "Arch": "x86_64",
    "SrcName": "",
    "SrcVersion": "",
    "SrcRelease": "",
    "SrcEpoch": 0
  },
  {
    "Name": "elfutils-libelf",
    "Version": "0.170",
    "Release": "4.amzn2",
    "Epoch": 0,
    "Arch": "x86_64",
    "SrcName": "",
    "SrcVersion": "",
    "SrcRelease": "",
    "SrcEpoch": 0
  },
  {
    "Name": "libacl",
    "Version": "2.2.51",
    "Release": "14.amzn2",
    "Epoch": 0,
    "Arch": "x86_64",
    "SrcName": "",
    "SrcVersion": "",
    "SrcRelease": "",
    "SrcEpoch": 0
  },
  {
    "Name": "sqlite",
    "Version": "3.7.17",
    "Release": "8.amzn2.0.2",
    "Epoch": 0,
    "Arch": "x86_64",
    "SrcName": "",
    "SrcVersion": "",
    "SrcRelease": "",
    "SrcEpoch": 0
  },
  {
    "Name": "nss-softokn-freebl",
    "Version": "3.36.0",
    "Release": "5.amzn2",
    "Epoch": 0,
    "Arch": "x86_64",
    "SrcName": "",
    "SrcVersion": "",
    "SrcRelease": "",
    "SrcEpoch": 0
  },
  {
    "Name": "file-libs",
    "Version": "5.11",
    "Release": "33.amzn2.0.2",
    "Epoch": 0,
    "Arch": "x86_64",
    "SrcName": "",
    "SrcVersion": "",
    "SrcRelease": "",
    "SrcEpoch": 0
  },
  {
    "Name": "keyutils-libs",
    "Version": "1.5.8",
    "Release": "3.amzn2.0.2",
    "Epoch": 0,
    "Arch": "x86_64",
    "SrcName": "",
    "SrcVersion": "",
    "SrcRelease": "",
    "SrcEpoch": 0
  },
  {
    "Name": "gdbm",
    "Version": "1.13",
    "Release": "6.amzn2.0.2",
    "Epoch": 1,
    "Arch": "x86_64",
    "SrcName": "",
    "SrcVersion": "",
    "SrcRelease": "",
    "SrcEpoch": 0
  },
  {
    "Name": "gawk",
    "Version": "4.0.2",
    "Release": "4.amzn2.1.2",
    "Epoch": 0,
    "Arch": "x86_64",
    "SrcName": "",
    "SrcVersion": "",
    "SrcRelease": "",
    "SrcEpoch": 0
  },
  {
    "Name": "gmp",
    "Version": "6.0.0",
    "Release": "15.amzn2.0.2",
    "Epoch": 1,
    "Arch": "x86_64",
    "SrcName": "",
    "SrcVersion": "",
    "SrcRelease": "",
    "SrcEpoch": 0
  },
  {
    "Name": "ca-certificates",
    "Version": "2018.2.22",
    "Release": "70.0.amzn2",
    "Epoch": 0,
    "Arch": "noarch",
    "SrcName": "",
    "SrcVersion": "",
    "SrcRelease": "",
    "SrcEpoch": 0
  },
  {
    "Name": "krb5-libs",
    "Version": "1.15.1",
    "Release": "20.amzn2.0.1",
    "Epoch": 0,
    "Arch": "x86_64",
    "SrcName": "",
    "SrcVersion": "",
    "SrcRelease": "",
    "SrcEpoch": 0
  },
  {
    "Name": "python",
    "Version": "2.7.14",
    "Release": "58.amzn2.0.4",
    "Epoch": 0,
    "Arch": "x86_64",
    "SrcName": "",
    "SrcVersion": "",
    "SrcRelease": "",
    "SrcEpoch": 0
  },
  {
    "Name": "libblkid",
    "Version": "2.30.2",
    "Release": "2.amzn2.0.4",
    "Epoch": 0,
    "Arch": "x86_64",
    "SrcName": "",
    "SrcVersion": "",
    "SrcRelease": "",
    "SrcEpoch": 0
  },
  {
    "Name": "yum-metadata-parser",
    "Version": "1.1.4",
    "Release": "10.amzn2.0.2",
    "Epoch": 0,
    "Arch": "x86_64",
    "SrcName": "",
    "SrcVersion": "",
    "SrcRelease": "",
    "SrcEpoch": 0
  },
  {
    "Name": "nss-tools",
    "Version": "3.36.0",
    "Release": "7.amzn2",
    "Epoch": 0,
    "Arch": "x86_64",
    "SrcName": "",
    "SrcVersion": "",
    "SrcRelease": "",
    "SrcEpoch": 0
  },
  {
    "Name": "curl",
    "Version": "7.61.1",
    "Release": "9.amzn2.0.1",
    "Epoch": 0,
    "Arch": "x86_64",
    "SrcName": "",
    "SrcVersion": "",
    "SrcRelease": "",
    "SrcEpoch": 0
  },
  {
    "Name": "gnupg2",
    "Version": "2.0.22",
    "Release": "5.amzn2.0.3",
    "Epoch": 0,
    "Arch": "x86_64",
    "SrcName": "",
    "SrcVersion": "",
    "SrcRelease": "",
    "SrcEpoch": 0
  },
  {
    "Name": "pygpgme",
    "Version": "0.3",
    "Release": "9.amzn2.0.2",
    "Epoch": 0,
    "Arch": "x86_64",
    "SrcName": "",
    "SrcVersion": "",
    "SrcRelease": "",
    "SrcEpoch": 0
  },
  {
    "Name": "yum-plugin-priorities",
    "Version": "1.1.31",
    "Release": "46.amzn2.0.1",
    "Epoch": 0,
    "Arch": "noarch",
    "SrcName": "",
    "SrcVersion": "",
    "SrcRelease": "",
    "SrcEpoch": 0
  },
  {
    "Name": "glibc-langpack-en",
    "Version": "2.26",
    "Release": "32.amzn2.0.1",
    "Epoch": 0,
    "Arch": "x86_64",
    "SrcName": "",
    "SrcVersion": "",
    "SrcRelease": "",
    "SrcEpoch": 0
  },
  {
    "Name": "ncurses-base",
    "Version": "6.0",
    "Release": "8.20170212.amzn2.1.2",
    "Epoch": 0,
    "Arch": "noarch",
    "SrcName": "",
    "SrcVersion": "",
    "SrcRelease": "",
    "SrcEpoch": 0
  },
  {
    "Name": "basesystem",
    "Version": "10.0",
    "Release": "7.amzn2.0.1",
    "Epoch": 0,
    "Arch": "noarch",
    "SrcName": "",
    "SrcVersion": "",
    "SrcRelease": "",
    "SrcEpoch": 0
  },
  {
    "Name": "glibc-common",
    "Version": "2.26",
    "Release": "32.amzn2.0.1",
    "Epoch": 0,
    "Arch": "x86_64",
    "SrcName": "",
    "SrcVersion": "",
    "SrcRelease": "",
    "SrcEpoch": 0
  },
  {
    "Name": "libstdc++",
    "Version": "7.3.1",
    "Release": "5.amzn2.0.2",
    "Epoch": 0,
    "Arch": "x86_64",
    "SrcName": "",
    "SrcVersion": "",
    "SrcRelease": "",
    "SrcEpoch": 0
  },
  {
    "Name": "info",
    "Version": "5.1",
    "Release": "5.amzn2",
    "Epoch": 0,
    "Arch": "x86_64",
    "SrcName": "",
    "SrcVersion": "",
    "SrcRelease": "",
    "SrcEpoch": 0
  },
  {
    "Name": "xz-libs",
    "Version": "5.2.2",
    "Release": "1.amzn2.0.2",
    "Epoch": 0,
    "Arch": "x86_64",
    "SrcName": "",
    "SrcVersion": "",
    "SrcRelease": "",
    "SrcEpoch": 0
  },
  {
    "Name": "lua",
    "Version": "5.1.4",
    "Release": "15.amzn2.0.2",
    "Epoch": 0,
    "Arch": "x86_64",
    "SrcName": "",
    "SrcVersion": "",
    "SrcRelease": "",
    "SrcEpoch": 0
  },
  {
    "Name": "libattr",
    "Version": "2.4.46",
    "Release": "12.amzn2.0.2",
    "Epoch": 0,
    "Arch": "x86_64",
    "SrcName": "",
    "SrcVersion": "",
    "SrcRelease": "",
    "SrcEpoch": 0
  },
  {
    "Name": "chkconfig",
    "Version": "1.7.4",
    "Release": "1.amzn2.0.2",
    "Epoch": 0,
    "Arch": "x86_64",
    "SrcName": "",
    "SrcVersion": "",
    "SrcRelease": "",
    "SrcEpoch": 0
  },
  {
    "Name": "libxml2",
    "Version": "2.9.1",
    "Release": "6.amzn2.3.2",
    "Epoch": 0,
    "Arch": "x86_64",
    "SrcName": "",
    "SrcVersion": "",
    "SrcRelease": "",
    "SrcEpoch": 0
  },
  {
    "Name": "grep",
    "Version": "2.20",
    "Release": "3.amzn2.0.2",
    "Epoch": 0,
    "Arch": "x86_64",
    "SrcName": "",
    "SrcVersion": "",
    "SrcRelease": "",
    "SrcEpoch": 0
  },
  {
    "Name": "libcrypt",
    "Version": "2.26",
    "Release": "32.amzn2.0.1",
    "Epoch": 0,
    "Arch": "x86_64",
    "SrcName": "",
    "SrcVersion": "",
    "SrcRelease": "",
    "SrcEpoch": 0
  },
  {
    "Name": "libgcrypt",
    "Version": "1.5.3",
    "Release": "14.amzn2.0.2",
    "Epoch": 0,
    "Arch": "x86_64",
    "SrcName": "",
    "SrcVersion": "",
    "SrcRelease": "",
    "SrcEpoch": 0
  },
  {
    "Name": "cpio",
    "Version": "2.11",
    "Release": "27.amzn2",
    "Epoch": 0,
    "Arch": "x86_64",
    "SrcName": "",
    "SrcVersion": "",
    "SrcRelease": "",
    "SrcEpoch": 0
  },
  {
    "Name": "findutils",
    "Version": "4.5.11",
    "Release": "5.amzn2.0.2",
    "Epoch": 1,
    "Arch": "x86_64",
    "SrcName": "",
    "SrcVersion": "",
    "SrcRelease": "",
    "SrcEpoch": 0
  },
  {
    "Name": "p11-kit-trust",
    "Version": "0.23.5",
    "Release": "3.amzn2.0.2",
    "Epoch": 0,
    "Arch": "x86_64",
    "SrcName": "",
    "SrcVersion": "",
    "SrcRelease": "",
    "SrcEpoch": 0
  },
  {
    "Name": "libverto",
    "Version": "0.2.5",
    "Release": "4.amzn2.0.2",
    "Epoch": 0,
    "Arch": "x86_64",
    "SrcName": "",
    "SrcVersion": "",
    "SrcRelease": "",
    "SrcEpoch": 0
  },
  {
    "Name": "python-libs",
    "Version": "2.7.14",
    "Release": "58.amzn2.0.4",
    "Epoch": 0,
    "Arch": "x86_64",
    "SrcName": "",
    "SrcVersion": "",
    "SrcRelease": "",
    "SrcEpoch": 0
  },
  {
    "Name": "python-iniparse",
    "Version": "0.4",
    "Release": "9.amzn2",
    "Epoch": 0,
    "Arch": "noarch",
    "SrcName": "",
    "SrcVersion": "",
    "SrcRelease": "",
    "SrcEpoch": 0
  },
  {
    "Name": "shared-mime-info",
    "Version": "1.8",
    "Release": "4.amzn2",
    "Epoch": 0,
    "Arch": "x86_64",
    "SrcName": "",
    "SrcVersion": "",
    "SrcRelease": "",
    "SrcEpoch": 0
  },
  {
    "Name": "nss",
    "Version": "3.36.0",
    "Release": "7.amzn2",
    "Epoch": 0,
    "Arch": "x86_64",
    "SrcName": "",
    "SrcVersion": "",
    "SrcRelease": "",
    "SrcEpoch": 0
  },
  {
    "Name": "libcurl",
    "Version": "7.61.1",
    "Release": "9.amzn2.0.1",
    "Epoch": 0,
    "Arch": "x86_64",
    "SrcName": "",
    "SrcVersion": "",
    "SrcRelease": "",
    "SrcEpoch": 0
  },
  {
    "Name": "openldap",
    "Version": "2.4.44",
    "Release": "15.amzn2",
    "Epoch": 0,
    "Arch": "x86_64",
    "SrcName": "",
    "SrcVersion": "",
    "SrcRelease": "",
    "SrcEpoch": 0
  },
  {
    "Name": "gpgme",
    "Version": "1.3.2",
    "Release": "5.amzn2.0.2",
    "Epoch": 0,
    "Arch": "x86_64",
    "SrcName": "",
    "SrcVersion": "",
    "SrcRelease": "",
    "SrcEpoch": 0
  },
  {
    "Name": "yum",
    "Version": "3.4.3",
    "Release": "158.amzn2.0.2",
    "Epoch": 0,
    "Arch": "noarch",
    "SrcName": "",
    "SrcVersion": "",
    "SrcRelease": "",
    "SrcEpoch": 0
  },
  {
    "Name": "vim-minimal",
    "Version": "7.4.160",
    "Release": "4.amzn2.0.16",
    "Epoch": 2,
    "Arch": "x86_64",
    "SrcName": "",
    "SrcVersion": "",
    "SrcRelease": "",
    "SrcEpoch": 0
  },
  {
    "Name": "tzdata",
    "Version": "2018i",
    "Release": "1.amzn2",
    "Epoch": 0,
    "Arch": "noarch",
    "SrcName": "",
    "SrcVersion": "",
    "SrcRelease": "",
    "SrcEpoch": 0
  },
  {
    "Name": "filesystem",
    "Version": "3.2",
    "Release": "25.amzn2.0.4",
    "Epoch": 0,
    "Arch": "x86_64",
    "SrcName": "",
    "SrcVersion": "",
    "SrcRelease": "",
    "SrcEpoch": 0
  },
  {
    "Name": "glibc-minimal-langpack",
    "Version": "2.26",
    "Release": "32.amzn2.0.1",
    "Epoch": 0,
    "Arch": "x86_64",
    "SrcName": "",
    "SrcVersion": "",
    "SrcRelease": "",
    "SrcEpoch": 0
  },
  {
    "Name": "libsepol",
    "Version": "2.5",
    "Release": "8.1.amzn2.0.2",
    "Epoch": 0,
    "Arch": "x86_64",
    "SrcName": "",
    "SrcVersion": "",
    "SrcRelease": "",
    "SrcEpoch": 0
  },
  {
    "Name": "zlib",
    "Version": "1.2.7",
    "Release": "17.amzn2.0.2",
    "Epoch": 0,
    "Arch": "x86_64",
    "SrcName": "",
    "SrcVersion": "",
    "SrcRelease": "",
    "SrcEpoch": 0
  },
  {
    "Name": "libdb",
    "Version": "5.3.21",
    "Release": "24.amzn2.0.3",
    "Epoch": 0,
    "Arch": "x86_64",
    "SrcName": "",
    "SrcVersion": "",
    "SrcRelease": "",
    "SrcEpoch": 0
  },
  {
    "Name": "popt",
    "Version": "1.13",
    "Release": "16.amzn2.0.2",
    "Epoch": 0,
    "Arch": "x86_64",
    "SrcName": "",
    "SrcVersion": "",
    "SrcRelease": "",
    "SrcEpoch": 0
  },
  {
    "Name": "libffi",
    "Version": "3.0.13",
    "Release": "18.amzn2.0.2",
    "Epoch": 0,
    "Arch": "x86_64",
    "SrcName": "",
    "SrcVersion": "",
    "SrcRelease": "",
    "SrcEpoch": 0
  },
  {
    "Name": "libgpg-error",
    "Version": "1.12",
    "Release": "3.amzn2.0.3",
    "Epoch": 0,
    "Arch": "x86_64",
    "SrcName": "",
    "SrcVersion": "",
    "SrcRelease": "",
    "SrcEpoch": 0
  },
  {
    "Name": "p11-kit",
    "Version": "0.23.5",
    "Release": "3.amzn2.0.2",
    "Epoch": 0,
    "Arch": "x86_64",
    "SrcName": "",
    "SrcVersion": "",
    "SrcRelease": "",
    "SrcEpoch": 0
  },
  {
    "Name": "sed",
    "Version": "4.2.2",
    "Release": "5.amzn2.0.2",
    "Epoch": 0,
    "Arch": "x86_64",
    "SrcName": "",
    "SrcVersion": "",
    "SrcRelease": "",
    "SrcEpoch": 0
  },
  {
    "Name": "expat",
    "Version": "2.1.0",
    "Release": "10.amzn2.0.2",
    "Epoch": 0,
    "Arch": "x86_64",
    "SrcName": "",
    "SrcVersion": "",
    "SrcRelease": "",
    "SrcEpoch": 0
  },
  {
    "Name": "pinentry",
    "Version": "0.8.1",
    "Release": "17.amzn2.0.2",
    "Epoch": 0,
    "Arch": "x86_64",
    "SrcName": "",
    "SrcVersion": "",
    "SrcRelease": "",
    "SrcEpoch": 0
  },
  {
    "Name": "diffutils",
    "Version": "3.3",
    "Release": "4.amzn2.0.2",
    "Epoch": 0,
    "Arch": "x86_64",
    "SrcName": "",
    "SrcVersion": "",
    "SrcRelease": "",
    "SrcEpoch": 0
  },
  {
    "Name": "libidn2",
    "Version": "2.0.4",
    "Release": "1.amzn2.0.2",
    "Epoch": 0,
    "Arch": "x86_64",
    "SrcName": "",
    "SrcVersion": "",
    "SrcRelease": "",
    "SrcEpoch": 0
  },
  {
    "Name": "libtasn1",
    "Version": "4.10",
    "Release": "1.amzn2.0.2",
    "Epoch": 0,
    "Arch": "x86_64",
    "SrcName": "",
    "SrcVersion": "",
    "SrcRelease": "",
    "SrcEpoch": 0
  },
  {
    "Name": "libnghttp2",
    "Version": "1.31.1",
    "Release": "1.amzn2.0.2",
    "Epoch": 0,
    "Arch": "x86_64",
    "SrcName": "",
    "SrcVersion": "",
    "SrcRelease": "",
    "SrcEpoch": 0
  },
  {
    "Name": "coreutils",
    "Version": "8.22",
    "Release": "21.amzn2",
    "Epoch": 0,
    "Arch": "x86_64",
    "SrcName": "",
    "SrcVersion": "",
    "SrcRelease": "",
    "SrcEpoch": 0
  },
  {
    "Name": "pyxattr",
    "Version": "0.5.1",
    "Release": "5.amzn2.0.2",
    "Epoch": 0,
    "Arch": "x86_64",
    "SrcName": "",
    "SrcVersion": "",
    "SrcRelease": "",
    "SrcEpoch": 0
  },
  {
    "Name": "glib2",
    "Version": "2.54.2",
    "Release": "2.amzn2",
    "Epoch": 0,
    "Arch": "x86_64",
    "SrcName": "",
    "SrcVersion": "",
    "SrcRelease": "",
    "SrcEpoch": 0
  },
  {
    "Name": "nss-sysinit",
    "Version": "3.36.0",
    "Release": "7.amzn2",
    "Epoch": 0,
    "Arch": "x86_64",
    "SrcName": "",
    "SrcVersion": "",
    "SrcRelease": "",
    "SrcEpoch": 0
  },
  {
    "Name": "cyrus-sasl-lib",
    "Version": "2.1.26",
    "Release": "23.amzn2",
    "Epoch": 0,
    "Arch": "x86_64",
    "SrcName": "",
    "SrcVersion": "",
    "SrcRelease": "",
    "SrcEpoch": 0
  },
  {
    "Name": "rpm",
    "Version": "4.11.3",
    "Release": "25.amzn2.0.3",
    "Epoch": 0,
    "Arch": "x86_64",
    "SrcName": "",
    "SrcVersion": "",
    "SrcRelease": "",
    "SrcEpoch": 0
  },
  {
    "Name": "rpm-python",
    "Version": "4.11.3",
    "Release": "25.amzn2.0.3",
    "Epoch": 0,
    "Arch": "x86_64",
    "SrcName": "",
    "SrcVersion": "",
    "SrcRelease": "",
    "SrcEpoch": 0
  },
  {
    "Name": "python-urlgrabber",
    "Version": "3.10",
    "Release": "8.amzn2",
    "Epoch": 0,
    "Arch": "noarch",
    "SrcName": "",
    "SrcVersion": "",
    "SrcRelease": "",
    "SrcEpoch": 0
  },
  {
    "Name": "amazon-linux-extras",
    "Version": "1.6.7",
    "Release": "1.amzn2",
    "Epoch": 0,
    "Arch": "noarch",
    "SrcName": "",
    "SrcVersion": "",
    "SrcRelease": "",
    "SrcEpoch": 0
  },
  {
    "Name": "gpg-pubkey",
    "Version": "c87f5b1a",
    "Release": "593863f8",
    "Epoch": 0,
    "Arch": "(none)",
    "SrcName": "",
    "SrcVersion": "",
    "SrcRelease": "",
    "SrcEpoch": 0
  },
  {
    "Name": "setup",
    "Version": "2.8.71",
    "Release": "10.amzn2",
    "Epoch": 0,
    "Arch": "noarch",
    "SrcName": "",
    "SrcVersion": "",
    "SrcRelease": "",
    "SrcEpoch": 0
  },
  {
    "Name": "bash",
    "Version": "4.2.46",
    "Release": "30.amzn2",
    "Epoch": 0,
    "Arch": "x86_64",
    "SrcName": "",
    "SrcVersion": "",
    "SrcRelease": "",
    "SrcEpoch": 0
  },
  {
    "Name": "ncurses-libs",
    "Version": "6.0",
    "Release": "8.20170212.amzn2.1.2",
    "Epoch": 0,
    "Arch": "x86_64",
    "SrcName": "",
    "SrcVersion": "",
    "SrcRelease": "",
    "SrcEpoch": 0
  },
  {
    "Name": "libselinux",
    "Version": "2.5",
    "Release": "12.amzn2.0.2",
    "Epoch": 0,
    "Arch": "x86_64",
    "SrcName": "",
    "SrcVersion": "",
    "SrcRelease": "",
    "SrcEpoch": 0
  },
  {
    "Name": "nss-util",
    "Version": "3.36.0",
    "Release": "1.amzn2",
    "Epoch": 0,
    "Arch": "x86_64",
    "SrcName": "",
    "SrcVersion": "",
    "SrcRelease": "",
    "SrcEpoch": 0
  },
  {
    "Name": "readline",
    "Version": "6.2",
    "Release": "10.amzn2.0.2",
    "Epoch": 0,
    "Arch": "x86_64",
    "SrcName": "",
    "SrcVersion": "",
    "SrcRelease": "",
    "SrcEpoch": 0
  },
  {
    "Name": "libcom_err",
    "Version": "1.42.9",
    "Release": "12.amzn2.0.2",
    "Epoch": 0,
    "Arch": "x86_64",
    "SrcName": "",
    "SrcVersion": "",
    "SrcRelease": "",
    "SrcEpoch": 0
  },
  {
    "Name": "libcap",
    "Version": "2.22",
    "Release": "9.amzn2.0.2",
    "Epoch": 0,
    "Arch": "x86_64",
    "SrcName": "",
    "SrcVersion": "",
    "SrcRelease": "",
    "SrcEpoch": 0
  },
  {
    "Name": "libassuan",
    "Version": "2.1.0",
    "Release": "3.amzn2.0.2",
    "Epoch": 0,
    "Arch": "x86_64",
    "SrcName": "",
    "SrcVersion": "",
    "SrcRelease": "",
    "SrcEpoch": 0
  },
  {
    "Name": "nss-softokn",
    "Version": "3.36.0",
    "Release": "5.amzn2",
    "Epoch": 0,
    "Arch": "x86_64",
    "SrcName": "",
    "SrcVersion": "",
    "SrcRelease": "",
    "SrcEpoch": 0
  },
  {
    "Name": "libuuid",
    "Version": "2.30.2",
    "Release": "2.amzn2.0.4",
    "Epoch": 0,
    "Arch": "x86_64",
    "SrcName": "",
    "SrcVersion": "",
    "SrcRelease": "",
    "SrcEpoch": 0
  },
  {
    "Name": "libmetalink",
    "Version": "0.1.2",
    "Release": "7.amzn2.0.2",
    "Epoch": 0,
    "Arch": "x86_64",
    "SrcName": "",
    "SrcVersion": "",
    "SrcRelease": "",
    "SrcEpoch": 0
  },
  {
    "Name": "libdb-utils",
    "Version": "5.3.21",
    "Release": "24.amzn2.0.3",
    "Epoch": 0,
    "Arch": "x86_64",
    "SrcName": "",
    "SrcVersion": "",
    "SrcRelease": "",
    "SrcEpoch": 0
  },
  {
    "Name": "libunistring",
    "Version": "0.9.3",
    "Release": "9.amzn2.0.2",
    "Epoch": 0,
    "Arch": "x86_64",
    "SrcName": "",
    "SrcVersion": "",
    "SrcRelease": "",
    "SrcEpoch": 0
  },
  {
    "Name": "ncurses",
    "Version": "6.0",
    "Release": "8.20170212.amzn2.1.2",
    "Epoch": 0,
    "Arch": "x86_64",
    "SrcName": "",
    "SrcVersion": "",
    "SrcRelease": "",
    "SrcEpoch": 0
  },
  {
    "Name": "pth",
    "Version": "2.0.7",
    "Release": "23.amzn2.0.2",
    "Epoch": 0,
    "Arch": "x86_64",
    "SrcName": "",
    "SrcVersion": "",
    "SrcRelease": "",
    "SrcEpoch": 0
  },
  {
    "Name": "openssl-libs",
    "Version": "1.0.2k",
    "Release": "16.amzn2.1.1",
    "Epoch": 1,
    "Arch": "x86_64",
    "SrcName": "",
    "SrcVersion": "",
    "SrcRelease": "",
    "SrcEpoch": 0
  },
  {
    "Name": "pyliblzma",
    "Version": "0.5.3",
    "Release": "11.amzn2.0.2",
    "Epoch": 0,
    "Arch": "x86_64",
    "SrcName": "",
    "SrcVersion": "",
    "SrcRelease": "",
    "SrcEpoch": 0
  },
  {
    "Name": "libmount",
    "Version": "2.30.2",
    "Release": "2.amzn2.0.4",
    "Epoch": 0,
    "Arch": "x86_64",
    "SrcName": "",
    "SrcVersion": "",
    "SrcRelease": "",
    "SrcEpoch": 0
  },
  {
    "Name": "nss-pem",
    "Version": "1.0.3",
    "Release": "5.amzn2",
    "Epoch": 0,
    "Arch": "x86_64",
    "SrcName": "",
    "SrcVersion": "",
    "SrcRelease": "",
    "SrcEpoch": 0
  },
  {
    "Name": "libssh2",
    "Version": "1.4.3",
    "Release": "12.amzn2.2",
    "Epoch": 0,
    "Arch": "x86_64",
    "SrcName": "",
    "SrcVersion": "",
    "SrcRelease": "",
    "SrcEpoch": 0
  },
  {
    "Name": "rpm-libs",
    "Version": "4.11.3",
    "Release": "25.amzn2.0.3",
    "Epoch": 0,
    "Arch": "x86_64",
    "SrcName": "",
    "SrcVersion": "",
    "SrcRelease": "",
    "SrcEpoch": 0
  },
  {
    "Name": "rpm-build-libs",
    "Version": "4.11.3",
    "Release": "25.amzn2.0.3",
    "Epoch": 0,
    "Arch": "x86_64",
    "SrcName": "",
    "SrcVersion": "",
    "SrcRelease": "",
    "SrcEpoch": 0
  },
  {
    "Name": "python-pycurl",
    "Version": "7.19.0",
    "Release": "19.amzn2.0.2",
    "Epoch": 0,
    "Arch": "x86_64",
    "SrcName": "",
    "SrcVersion": "",
    "SrcRelease": "",
    "SrcEpoch": 0
  },
  {
    "Name": "yum-plugin-ovl",
    "Version": "1.1.31",
    "Release": "46.amzn2.0.1",
    "Epoch": 0,
    "Arch": "noarch",
    "SrcName": "",
    "SrcVersion": "",
    "SrcRelease": "",
    "SrcEpoch": 0
  }
]