[
  "configblob::docker.io_knqyf263_amazonlinux:2",
  "layerinfos::docker.io_knqyf263_amazonlinux:2",
  "sha256:72d97abdfae3b3c933ff41e39779cc72853d7bd9dc1e4800c5294d6715257799"
]