[
  "configblob::docker.io_knqyf263_debian:buster",
  "layerinfos::docker.io_knqyf263_debian:buster",
  "sha256:4a56a430b2bac33260d6449e162017e2b23076c6411a17b46db67f5b84dde2bd"
]