[
  "configblob::docker.io_knqyf263_opensuse-leap:latest",
  "layerinfos::docker.io_knqyf263_opensuse-leap:latest",
  "sha256:5c5a844f54abd051851758624820ae6a08a9d6ddffddaebbb335601c32608fb3"
]