[
  "configblob::docker.io_testdata_fixtures_opensuse-leap-151.tar.gz:latest",
  "layerinfos::docker.io_testdata_fixtures_opensuse-leap-151.tar.gz:latest",
  "sha256:f7f9ae80878a1c56d8f9ca977a5d844168f7afc0c1429feef9366e713eac06ff"
]