[
  {
    "Name": "cracklib-dict-small",
    "Version": "2.9.6",
    "Release": "lp151.3.69",
    "Epoch": 0,
    "Arch": "x86_64",
    "SrcName": "",
    "SrcVersion": "",
    "SrcRelease": "",
    "SrcEpoch": 0
  },
  {
    "Name": "libtirpc-netconfig",
    "Version": "1.0.2",
    "Release": "lp151.4.8",
    "Epoch": 0,
    "Arch": "x86_64",
    "SrcName": "",
    "SrcVersion": "",
    "SrcRelease": "",
    "SrcEpoch": 0
  },
  {
    "Name": "system-user-root",
    "Version": "20190513",
    "Release": "lp151.3.3.1",
    "Epoch": 0,
    "Arch": "noarch",
    "SrcName": "",
    "SrcVersion": "",
    "SrcRelease": "",
    "SrcEpoch": 0
  },
  {
    "Name": "glibc",
    "Version": "2.26",
    "Release": "lp151.18.7",
    "Epoch": 0,
    "Arch": "x86_64",
    "SrcName": "",
    "SrcVersion": "",
    "SrcRelease": "",
    "SrcEpoch": 0
  },
  {
    "Name": "libverto1",
    "Version": "0.2.6",
    "Release": "lp151.4.70",
    "Epoch": 0,
    "Arch": "x86_64",
    "SrcName": "",
    "SrcVersion": "",
    "SrcRelease": "",
    "SrcEpoch": 0
  },
  {
    "Name": "libsepol1",
    "Version": "2.8",
    "Release": "lp151.1.36",
    "Epoch": 0,
    "Arch": "x86_64",
    "SrcName": "",
    "SrcVersion": "",
    "SrcRelease": "",
    "SrcEpoch": 0
  },
  {
    "Name": "libpopt0",
    "Version": "1.16",
    "Release": "lp151.3.67",
    "Epoch": 0,
    "Arch": "x86_64",
    "SrcName": "",
    "SrcVersion": "",
    "SrcRelease": "",
    "SrcEpoch": 0
  },
  {
    "Name": "libnpth0",
    "Version": "1.5",
    "Release": "lp151.3.2",
    "Epoch": 0,
    "Arch": "x86_64",
    "SrcName": "",
    "SrcVersion": "",
    "SrcRelease": "",
    "SrcEpoch": 0
  },
  {
    "Name": "liblua5_3-5",
    "Version": "5.3.4",
    "Release": "lp151.3.25",
    "Epoch": 0,
    "Arch": "x86_64",
    "SrcName": "",
    "SrcVersion": "",
    "SrcRelease": "",
    "SrcEpoch": 0
  },
  {
    "Name": "libgpg-error0",
    "Version": "1.29",
    "Release": "lp151.2.4",
    "Epoch": 0,
    "Arch": "x86_64",
    "SrcName": "",
    "SrcVersion": "",
    "SrcRelease": "",
    "SrcEpoch": 0
  },
  {
    "Name": "libgcc_s1",
    "Version": "8.2.1+r264010",
    "Release": "lp151.1.33",
    "Epoch": 0,
    "Arch": "x86_64",
    "SrcName": "",
    "SrcVersion": "",
    "SrcRelease": "",
    "SrcEpoch": 0
  },
  {
    "Name": "libcap2",
    "Version": "2.25",
    "Release": "lp151.3.70",
    "Epoch": 0,
    "Arch": "x86_64",
    "SrcName": "",
    "SrcVersion": "",
    "SrcRelease": "",
    "SrcEpoch": 0
  },
  {
    "Name": "libaudit1",
    "Version": "2.8.1",
    "Release": "lp151.4.66",
    "Epoch": 0,
    "Arch": "x86_64",
    "SrcName": "",
    "SrcVersion": "",
    "SrcRelease": "",
    "SrcEpoch": 0
  },
  {
    "Name": "fillup",
    "Version": "1.42",
    "Release": "lp151.3.2",
    "Epoch": 0,
    "Arch": "x86_64",
    "SrcName": "",
    "SrcVersion": "",
    "SrcRelease": "",
    "SrcEpoch": 0
  },
  {
    "Name": "libselinux1",
    "Version": "2.8",
    "Release": "lp151.1.30",
    "Epoch": 0,
    "Arch": "x86_64",
    "SrcName": "",
    "SrcVersion": "",
    "SrcRelease": "",
    "SrcEpoch": 0
  },
  {
    "Name": "libassuan0",
    "Version": "2.5.1",
    "Release": "lp151.3.3",
    "Epoch": 0,
    "Arch": "x86_64",
    "SrcName": "",
    "SrcVersion": "",
    "SrcRelease": "",
    "SrcEpoch": 0
  },
  {
    "Name": "libstdc++6",
    "Version": "8.2.1+r264010",
    "Release": "lp151.1.33",
    "Epoch": 0,
    "Arch": "x86_64",
    "SrcName": "",
    "SrcVersion": "",
    "SrcRelease": "",
    "SrcEpoch": 0
  },
  {
    "Name": "libacl1",
    "Version": "2.2.52",
    "Release": "lp151.4.29",
    "Epoch": 0,
    "Arch": "x86_64",
    "SrcName": "",
    "SrcVersion": "",
    "SrcRelease": "",
    "SrcEpoch": 0
  },
  {
    "Name": "libncurses6",
    "Version": "6.1",
    "Release": "lp151.5.41",
    "Epoch": 0,
    "Arch": "x86_64",
    "SrcName": "",
    "SrcVersion": "",
    "SrcRelease": "",
    "SrcEpoch": 0
  },
  {
    "Name": "libboost_system1_66_0",
    "Version": "1.66.0",
    "Release": "lp151.4.5",
    "Epoch": 0,
    "Arch": "x86_64",
    "SrcName": "",
    "SrcVersion": "",
    "SrcRelease": "",
    "SrcEpoch": 0
  },
  {
    "Name": "libproxy1",
    "Version": "0.4.15",
    "Release": "lp151.3.3",
    "Epoch": 0,
    "Arch": "x86_64",
    "SrcName": "",
    "SrcVersion": "",
    "SrcRelease": "",
    "SrcEpoch": 0
  },
  {
    "Name": "ncurses-utils",
    "Version": "6.1",
    "Release": "lp151.5.41",
    "Epoch": 0,
    "Arch": "x86_64",
    "SrcName": "",
    "SrcVersion": "",
    "SrcRelease": "",
    "SrcEpoch": 0
  },
  {
    "Name": "libz1",
    "Version": "1.2.11",
    "Release": "lp151.5.3.1",
    "Epoch": 0,
    "Arch": "x86_64",
    "SrcName": "",
    "SrcVersion": "",
    "SrcRelease": "",
    "SrcEpoch": 0
  },
  {
    "Name": "libsqlite3-0",
    "Version": "3.28.0",
    "Release": "lp151.2.3.1",
    "Epoch": 0,
    "Arch": "x86_64",
    "SrcName": "",
    "SrcVersion": "",
    "SrcRelease": "",
    "SrcEpoch": 0
  },
  {
    "Name": "libnghttp2-14",
    "Version": "1.39.2",
    "Release": "lp151.3.3.1",
    "Epoch": 0,
    "Arch": "x86_64",
    "SrcName": "",
    "SrcVersion": "",
    "SrcRelease": "",
    "SrcEpoch": 0
  },
  {
    "Name": "liblz4-1",
    "Version": "1.8.0",
    "Release": "lp151.3.3.1",
    "Epoch": 0,
    "Arch": "x86_64",
    "SrcName": "",
    "SrcVersion": "",
    "SrcRelease": "",
    "SrcEpoch": 0
  },
  {
    "Name": "libbz2-1",
    "Version": "1.0.6",
    "Release": "lp151.5.9.1",
    "Epoch": 0,
    "Arch": "x86_64",
    "SrcName": "",
    "SrcVersion": "",
    "SrcRelease": "",
    "SrcEpoch": 0
  },
  {
    "Name": "libudev1",
    "Version": "234",
    "Release": "lp151.26.4.1",
    "Epoch": 0,
    "Arch": "x86_64",
    "SrcName": "",
    "SrcVersion": "",
    "SrcRelease": "",
    "SrcEpoch": 0
  },
  {
    "Name": "libopenssl1_1",
    "Version": "1.1.0i",
    "Release": "lp151.8.3.1",
    "Epoch": 0,
    "Arch": "x86_64",
    "SrcName": "",
    "SrcVersion": "",
    "SrcRelease": "",
    "SrcEpoch": 0
  },
  {
    "Name": "libxml2-2",
    "Version": "2.9.7",
    "Release": "lp151.5.3.1",
    "Epoch": 0,
    "Arch": "x86_64",
    "SrcName": "",
    "SrcVersion": "",
    "SrcRelease": "",
    "SrcEpoch": 0
  },
  {
    "Name": "libsystemd0",
    "Version": "234",
    "Release": "lp151.26.4.1",
    "Epoch": 0,
    "Arch": "x86_64",
    "SrcName": "",
    "SrcVersion": "",
    "SrcRelease": "",
    "SrcEpoch": 0
  },
  {
    "Name": "libldap-2_4-2",
    "Version": "2.4.46",
    "Release": "lp151.10.3.1",
    "Epoch": 0,
    "Arch": "x86_64",
    "SrcName": "",
    "SrcVersion": "",
    "SrcRelease": "",
    "SrcEpoch": 0
  },
  {
    "Name": "libmount1",
    "Version": "2.33.1",
    "Release": "lp151.3.3.2",
    "Epoch": 0,
    "Arch": "x86_64",
    "SrcName": "",
    "SrcVersion": "",
    "SrcRelease": "",
    "SrcEpoch": 0
  },
  {
    "Name": "libelf1",
    "Version": "0.168",
    "Release": "lp151.4.3.1",
    "Epoch": 0,
    "Arch": "x86_64",
    "SrcName": "",
    "SrcVersion": "",
    "SrcRelease": "",
    "SrcEpoch": 0
  },
  {
    "Name": "libssh4",
    "Version": "0.8.7",
    "Release": "lp151.2.3.1",
    "Epoch": 0,
    "Arch": "x86_64",
    "SrcName": "",
    "SrcVersion": "",
    "SrcRelease": "",
    "SrcEpoch": 0
  },
  {
    "Name": "procps",
    "Version": "3.3.15",
    "Release": "lp151.6.3.1",
    "Epoch": 0,
    "Arch": "x86_64",
    "SrcName": "",
    "SrcVersion": "",
    "SrcRelease": "",
    "SrcEpoch": 0
  },
  {
    "Name": "libmagic1",
    "Version": "5.32",
    "Release": "lp151.7.22",
    "Epoch": 0,
    "Arch": "x86_64",
    "SrcName": "",
    "SrcVersion": "",
    "SrcRelease": "",
    "SrcEpoch": 0
  },
  {
    "Name": "libsemanage1",
    "Version": "2.8",
    "Release": "lp151.1.32",
    "Epoch": 0,
    "Arch": "x86_64",
    "SrcName": "",
    "SrcVersion": "",
    "SrcRelease": "",
    "SrcEpoch": 0
  },
  {
    "Name": "libaugeas0",
    "Version": "1.10.1",
    "Release": "lp151.2.3",
    "Epoch": 0,
    "Arch": "x86_64",
    "SrcName": "",
    "SrcVersion": "",
    "SrcRelease": "",
    "SrcEpoch": 0
  },
  {
    "Name": "libtirpc3",
    "Version": "1.0.2",
    "Release": "lp151.4.8",
    "Epoch": 0,
    "Arch": "x86_64",
    "SrcName": "",
    "SrcVersion": "",
    "SrcRelease": "",
    "SrcEpoch": 0
  },
  {
    "Name": "libcrack2",
    "Version": "2.9.6",
    "Release": "lp151.3.69",
    "Epoch": 0,
    "Arch": "x86_64",
    "SrcName": "",
    "SrcVersion": "",
    "SrcRelease": "",
    "SrcEpoch": 0
  },
  {
    "Name": "sed",
    "Version": "4.4",
    "Release": "lp151.3.4",
    "Epoch": 0,
    "Arch": "x86_64",
    "SrcName": "",
    "SrcVersion": "",
    "SrcRelease": "",
    "SrcEpoch": 0
  },
  {
    "Name": "findutils",
    "Version": "4.6.0",
    "Release": "lp151.3.71",
    "Epoch": 0,
    "Arch": "x86_64",
    "SrcName": "",
    "SrcVersion": "",
    "SrcRelease": "",
    "SrcEpoch": 0
  },
  {
    "Name": "cpio",
    "Version": "2.12",
    "Release": "lp151.2.68",
    "Epoch": 0,
    "Arch": "x86_64",
    "SrcName": "",
    "SrcVersion": "",
    "SrcRelease": "",
    "SrcEpoch": 0
  },
  {
    "Name": "update-alternatives",
    "Version": "1.19.0.4",
    "Release": "lp151.3.67",
    "Epoch": 0,
    "Arch": "x86_64",
    "SrcName": "",
    "SrcVersion": "",
    "SrcRelease": "",
    "SrcEpoch": 0
  },
  {
    "Name": "gawk",
    "Version": "4.2.1",
    "Release": "lp151.2.70",
    "Epoch": 0,
    "Arch": "x86_64",
    "SrcName": "",
    "SrcVersion": "",
    "SrcRelease": "",
    "SrcEpoch": 0
  },
  {
    "Name": "libtasn1-6",
    "Version": "4.13",
    "Release": "lp151.4.3.1",
    "Epoch": 0,
    "Arch": "x86_64",
    "SrcName": "",
    "SrcVersion": "",
    "SrcRelease": "",
    "SrcEpoch": 0
  },
  {
    "Name": "libsolv-tools",
    "Version": "0.7.6",
    "Release": "lp151.2.3.2",
    "Epoch": 0,
    "Arch": "x86_64",
    "SrcName": "",
    "SrcVersion": "",
    "SrcRelease": "",
    "SrcEpoch": 0
  },
  {
    "Name": "libtasn1",
    "Version": "4.13",
    "Release": "lp151.4.3.1",
    "Epoch": 0,
    "Arch": "x86_64",
    "SrcName": "",
    "SrcVersion": "",
    "SrcRelease": "",
    "SrcEpoch": 0
  },
  {
    "Name": "gpg2",
    "Version": "2.2.5",
    "Release": "lp151.6.3.1",
    "Epoch": 0,
    "Arch": "x86_64",
    "SrcName": "",
    "SrcVersion": "",
    "SrcRelease": "",
    "SrcEpoch": 0
  },
  {
    "Name": "libgpgme11",
    "Version": "1.10.0",
    "Release": "lp151.4.1",
    "Epoch": 0,
    "Arch": "x86_64",
    "SrcName": "",
    "SrcVersion": "",
    "SrcRelease": "",
    "SrcEpoch": 0
  },
  {
    "Name": "libzypp",
    "Version": "17.15.0",
    "Release": "lp151.2.3.2",
    "Epoch": 0,
    "Arch": "x86_64",
    "SrcName": "",
    "SrcVersion": "",
    "SrcRelease": "",
    "SrcEpoch": 0
  },
  {
    "Name": "sysuser-shadow",
    "Version": "2.0",
    "Release": "lp151.3.70",
    "Epoch": 0,
    "Arch": "noarch",
    "SrcName": "",
    "SrcVersion": "",
    "SrcRelease": "",
    "SrcEpoch": 0
  },
  {
    "Name": "libutempter0",
    "Version": "1.1.6",
    "Release": "lp151.4.70",
    "Epoch": 0,
    "Arch": "x86_64",
    "SrcName": "",
    "SrcVersion": "",
    "SrcRelease": "",
    "SrcEpoch": 0
  },
  {
    "Name": "aaa_base",
    "Version": "84.87+git20180409.04c9dae",
    "Release": "lp151.5.12.1",
    "Epoch": 0,
    "Arch": "x86_64",
    "SrcName": "",
    "SrcVersion": "",
    "SrcRelease": "",
    "SrcEpoch": 0
  },
  {
    "Name": "openSUSE-build-key",
    "Version": "1.0",
    "Release": "lp151.3.1",
    "Epoch": 0,
    "Arch": "noarch",
    "SrcName": "",
    "SrcVersion": "",
    "SrcRelease": "",
    "SrcEpoch": 0
  },
  {
    "Name": "p11-kit",
    "Version": "0.23.2",
    "Release": "lp151.3.3",
    "Epoch": 0,
    "Arch": "x86_64",
    "SrcName": "",
    "SrcVersion": "",
    "SrcRelease": "",
    "SrcEpoch": 0
  },
  {
    "Name": "openssl",
    "Version": "1.1.0i",
    "Release": "lp151.1.1",
    "Epoch": 0,
    "Arch": "noarch",
    "SrcName": "",
    "SrcVersion": "",
    "SrcRelease": "",
    "SrcEpoch": 0
  },
  {
    "Name": "ca-certificates-mozilla",
    "Version": "2.34",
    "Release": "lp151.2.3.1",
    "Epoch": 0,
    "Arch": "noarch",
    "SrcName": "",
    "SrcVersion": "",
    "SrcRelease": "",
    "SrcEpoch": 0
  },
  {
    "Name": "gpg-pubkey",
    "Version": "39db7c82",
    "Release": "5847eb1f",
    "Epoch": 0,
    "Arch": "(none)",
    "SrcName": "",
    "SrcVersion": "",
    "SrcRelease": "",
    "SrcEpoch": 0
  },
  {
    "Name": "boost-license1_66_0",
    "Version": "1.66.0",
    "Release": "lp151.4.5",
    "Epoch": 0,
    "Arch": "noarch",
    "SrcName": "",
    "SrcVersion": "",
    "SrcRelease": "",
    "SrcEpoch": 0
  },
  {
    "Name": "file-magic",
    "Version": "5.32",
    "Release": "lp151.7.22",
    "Epoch": 0,
    "Arch": "noarch",
    "SrcName": "",
    "SrcVersion": "",
    "SrcRelease": "",
    "SrcEpoch": 0
  },
  {
    "Name": "openSUSE-release-appliance-docker",
    "Version": "15.1",
    "Release": "lp151.301.1",
    "Epoch": 0,
    "Arch": "x86_64",
    "SrcName": "",
    "SrcVersion": "",
    "SrcRelease": "",
    "SrcEpoch": 0
  },
  {
    "Name": "filesystem",
    "Version": "15.0",
    "Release": "lp151.9.2",
    "Epoch": 0,
    "Arch": "x86_64",
    "SrcName": "",
    "SrcVersion": "",
    "SrcRelease": "",
    "SrcEpoch": 0
  },
  {
    "Name": "perl-base",
    "Version": "5.26.1",
    "Release": "lp151.8.37",
    "Epoch": 0,
    "Arch": "x86_64",
    "SrcName": "",
    "SrcVersion": "",
    "SrcRelease": "",
    "SrcEpoch": 0
  },
  {
    "Name": "libunistring2",
    "Version": "0.9.9",
    "Release": "lp151.2.3",
    "Epoch": 0,
    "Arch": "x86_64",
    "SrcName": "",
    "SrcVersion": "",
    "SrcRelease": "",
    "SrcEpoch": 0
  },
  {
    "Name": "libsasl2-3",
    "Version": "2.1.26",
    "Release": "lp151.5.1",
    "Epoch": 0,
    "Arch": "x86_64",
    "SrcName": "",
    "SrcVersion": "",
    "SrcRelease": "",
    "SrcEpoch": 0
  },
  {
    "Name": "libpcre1",
    "Version": "8.41",
    "Release": "lp151.5.67",
    "Epoch": 0,
    "Arch": "x86_64",
    "SrcName": "",
    "SrcVersion": "",
    "SrcRelease": "",
    "SrcEpoch": 0
  },
  {
    "Name": "libnettle6",
    "Version": "3.4.1",
    "Release": "lp151.1.1",
    "Epoch": 0,
    "Arch": "x86_64",
    "SrcName": "",
    "SrcVersion": "",
    "SrcRelease": "",
    "SrcEpoch": 0
  },
  {
    "Name": "libkeyutils1",
    "Version": "1.5.10",
    "Release": "lp151.4.70",
    "Epoch": 0,
    "Arch": "x86_64",
    "SrcName": "",
    "SrcVersion": "",
    "SrcRelease": "",
    "SrcEpoch": 0
  },
  {
    "Name": "libgmp10",
    "Version": "6.1.2",
    "Release": "lp151.3.70",
    "Epoch": 0,
    "Arch": "x86_64",
    "SrcName": "",
    "SrcVersion": "",
    "SrcRelease": "",
    "SrcEpoch": 0
  },
  {
    "Name": "libffi7",
    "Version": "3.2.1.git259",
    "Release": "lp151.5.2",
    "Epoch": 0,
    "Arch": "x86_64",
    "SrcName": "",
    "SrcVersion": "",
    "SrcRelease": "",
    "SrcEpoch": 0
  },
  {
    "Name": "libcap-ng0",
    "Version": "0.7.9",
    "Release": "lp151.3.39",
    "Epoch": 0,
    "Arch": "x86_64",
    "SrcName": "",
    "SrcVersion": "",
    "SrcRelease": "",
    "SrcEpoch": 0
  },
  {
    "Name": "libattr1",
    "Version": "2.4.47",
    "Release": "lp151.3.70",
    "Epoch": 0,
    "Arch": "x86_64",
    "SrcName": "",
    "SrcVersion": "",
    "SrcRelease": "",
    "SrcEpoch": 0
  },
  {
    "Name": "libidn2-0",
    "Version": "2.0.4",
    "Release": "lp151.2.3",
    "Epoch": 0,
    "Arch": "x86_64",
    "SrcName": "",
    "SrcVersion": "",
    "SrcRelease": "",
    "SrcEpoch": 0
  },
  {
    "Name": "libksba8",
    "Version": "1.3.5",
    "Release": "lp151.3.3",
    "Epoch": 0,
    "Arch": "x86_64",
    "SrcName": "",
    "SrcVersion": "",
    "SrcRelease": "",
    "SrcEpoch": 0
  },
  {
    "Name": "libhogweed4",
    "Version": "3.4.1",
    "Release": "lp151.1.1",
    "Epoch": 0,
    "Arch": "x86_64",
    "SrcName": "",
    "SrcVersion": "",
    "SrcRelease": "",
    "SrcEpoch": 0
  },
  {
    "Name": "libp11-kit0",
    "Version": "0.23.2",
    "Release": "lp151.3.3",
    "Epoch": 0,
    "Arch": "x86_64",
    "SrcName": "",
    "SrcVersion": "",
    "SrcRelease": "",
    "SrcEpoch": 0
  },
  {
    "Name": "libpsl5",
    "Version": "0.20.1",
    "Release": "lp151.2.43",
    "Epoch": 0,
    "Arch": "x86_64",
    "SrcName": "",
    "SrcVersion": "",
    "SrcRelease": "",
    "SrcEpoch": 0
  },
  {
    "Name": "libmodman1",
    "Version": "2.0.1",
    "Release": "lp151.2.3",
    "Epoch": 0,
    "Arch": "x86_64",
    "SrcName": "",
    "SrcVersion": "",
    "SrcRelease": "",
    "SrcEpoch": 0
  },
  {
    "Name": "terminfo-base",
    "Version": "6.1",
    "Release": "lp151.5.41",
    "Epoch": 0,
    "Arch": "x86_64",
    "SrcName": "",
    "SrcVersion": "",
    "SrcRelease": "",
    "SrcEpoch": 0
  },
  {
    "Name": "libboost_thread1_66_0",
    "Version": "1.66.0",
    "Release": "lp151.4.5",
    "Epoch": 0,
    "Arch": "x86_64",
    "SrcName": "",
    "SrcVersion": "",
    "SrcRelease": "",
    "SrcEpoch": 0
  },
  {
    "Name": "libzstd1",
    "Version": "1.4.2",
    "Release": "lp151.3.3.1",
    "Epoch": 0,
    "Arch": "x86_64",
    "SrcName": "",
    "SrcVersion": "",
    "SrcRelease": "",
    "SrcEpoch": 0
  },
  {
    "Name": "libuuid1",
    "Version": "2.33.1",
    "Release": "lp151.3.3.2",
    "Epoch": 0,
    "Arch": "x86_64",
    "SrcName": "",
    "SrcVersion": "",
    "SrcRelease": "",
    "SrcEpoch": 0
  },
  {
    "Name": "libsmartcols1",
    "Version": "2.33.1",
    "Release": "lp151.3.3.2",
    "Epoch": 0,
    "Arch": "x86_64",
    "SrcName": "",
    "SrcVersion": "",
    "SrcRelease": "",
    "SrcEpoch": 0
  },
  {
    "Name": "liblzma5",
    "Version": "5.2.3",
    "Release": "lp151.4.3.1",
    "Epoch": 0,
    "Arch": "x86_64",
    "SrcName": "",
    "SrcVersion": "",
    "SrcRelease": "",
    "SrcEpoch": 0
  },
  {
    "Name": "libcom_err2",
    "Version": "1.43.8",
    "Release": "lp151.5.6.1",
    "Epoch": 0,
    "Arch": "x86_64",
    "SrcName": "",
    "SrcVersion": "",
    "SrcRelease": "",
    "SrcEpoch": 0
  },
  {
    "Name": "libgcrypt20",
    "Version": "1.8.2",
    "Release": "lp151.9.4.1",
    "Epoch": 0,
    "Arch": "x86_64",
    "SrcName": "",
    "SrcVersion": "",
    "SrcRelease": "",
    "SrcEpoch": 0
  },
  {
    "Name": "libreadline7",
    "Version": "7.0",
    "Release": "lp151.10.3.1",
    "Epoch": 0,
    "Arch": "x86_64",
    "SrcName": "",
    "SrcVersion": "",
    "SrcRelease": "",
    "SrcEpoch": 0
  },
  {
    "Name": "libblkid1",
    "Version": "2.33.1",
    "Release": "lp151.3.3.2",
    "Epoch": 0,
    "Arch": "x86_64",
    "SrcName": "",
    "SrcVersion": "",
    "SrcRelease": "",
    "SrcEpoch": 0
  },
  {
    "Name": "libdw1",
    "Version": "0.168",
    "Release": "lp151.4.3.1",
    "Epoch": 0,
    "Arch": "x86_64",
    "SrcName": "",
    "SrcVersion": "",
    "SrcRelease": "",
    "SrcEpoch": 0
  },
  {
    "Name": "bash",
    "Version": "4.4",
    "Release": "lp151.10.3.1",
    "Epoch": 0,
    "Arch": "x86_64",
    "SrcName": "",
    "SrcVersion": "",
    "SrcRelease": "",
    "SrcEpoch": 0
  },
  {
    "Name": "krb5",
    "Version": "1.16.3",
    "Release": "lp151.2.6.1",
    "Epoch": 0,
    "Arch": "x86_64",
    "SrcName": "",
    "SrcVersion": "",
    "SrcRelease": "",
    "SrcEpoch": 0
  },
  {
    "Name": "libfdisk1",
    "Version": "2.33.1",
    "Release": "lp151.3.3.2",
    "Epoch": 0,
    "Arch": "x86_64",
    "SrcName": "",
    "SrcVersion": "",
    "SrcRelease": "",
    "SrcEpoch": 0
  },
  {
    "Name": "libprocps7",
    "Version": "3.3.15",
    "Release": "lp151.6.3.1",
    "Epoch": 0,
    "Arch": "x86_64",
    "SrcName": "",
    "SrcVersion": "",
    "SrcRelease": "",
    "SrcEpoch": 0
  },
  {
    "Name": "libebl-plugins",
    "Version": "0.168",
    "Release": "lp151.4.3.1",
    "Epoch": 0,
    "Arch": "x86_64",
    "SrcName": "",
    "SrcVersion": "",
    "SrcRelease": "",
    "SrcEpoch": 0
  },
  {
    "Name": "libcurl4",
    "Version": "7.60.0",
    "Release": "lp151.5.6.1",
    "Epoch": 0,
    "Arch": "x86_64",
    "SrcName": "",
    "SrcVersion": "",
    "SrcRelease": "",
    "SrcEpoch": 0
  },
  {
    "Name": "libzio1",
    "Version": "1.06",
    "Release": "lp151.3.71",
    "Epoch": 0,
    "Arch": "x86_64",
    "SrcName": "",
    "SrcVersion": "",
    "SrcRelease": "",
    "SrcEpoch": 0
  },
  {
    "Name": "libusb-1_0-0",
    "Version": "1.0.21",
    "Release": "lp151.2.3",
    "Epoch": 0,
    "Arch": "x86_64",
    "SrcName": "",
    "SrcVersion": "",
    "SrcRelease": "",
    "SrcEpoch": 0
  },
  {
    "Name": "cracklib",
    "Version": "2.9.6",
    "Release": "lp151.3.69",
    "Epoch": 0,
    "Arch": "x86_64",
    "SrcName": "",
    "SrcVersion": "",
    "SrcRelease": "",
    "SrcEpoch": 0
  },
  {
    "Name": "info",
    "Version": "6.5",
    "Release": "lp151.5.69",
    "Epoch": 0,
    "Arch": "x86_64",
    "SrcName": "",
    "SrcVersion": "",
    "SrcRelease": "",
    "SrcEpoch": 0
  },
  {
    "Name": "libnsl2",
    "Version": "1.2.0",
    "Release": "lp151.3.67",
    "Epoch": 0,
    "Arch": "x86_64",
    "SrcName": "",
    "SrcVersion": "",
    "SrcRelease": "",
    "SrcEpoch": 0
  },
  {
    "Name": "grep",
    "Version": "3.1",
    "Release": "lp151.3.29",
    "Epoch": 0,
    "Arch": "x86_64",
    "SrcName": "",
    "SrcVersion": "",
    "SrcRelease": "",
    "SrcEpoch": 0
  },
  {
    "Name": "diffutils",
    "Version": "3.6",
    "Release": "lp151.3.3",
    "Epoch": 0,
    "Arch": "x86_64",
    "SrcName": "",
    "SrcVersion": "",
    "SrcRelease": "",
    "SrcEpoch": 0
  },
  {
    "Name": "coreutils",
    "Version": "8.29",
    "Release": "lp151.3.3",
    "Epoch": 0,
    "Arch": "x86_64",
    "SrcName": "",
    "SrcVersion": "",
    "SrcRelease": "",
    "SrcEpoch": 0
  },
  {
    "Name": "rpm",
    "Version": "4.14.1",
    "Release": "lp151.13.10",
    "Epoch": 0,
    "Arch": "x86_64",
    "SrcName": "",
    "SrcVersion": "",
    "SrcRelease": "",
    "SrcEpoch": 0
  },
  {
    "Name": "pinentry",
    "Version": "1.1.0",
    "Release": "lp151.4.3.1",
    "Epoch": 0,
    "Arch": "x86_64",
    "SrcName": "",
    "SrcVersion": "",
    "SrcRelease": "",
    "SrcEpoch": 0
  },
  {
    "Name": "permissions",
    "Version": "20181116",
    "Release": "lp151.4.6.1",
    "Epoch": 0,
    "Arch": "x86_64",
    "SrcName": "",
    "SrcVersion": "",
    "SrcRelease": "",
    "SrcEpoch": 0
  },
  {
    "Name": "openSUSE-release",
    "Version": "15.1",
    "Release": "lp151.301.1",
    "Epoch": 0,
    "Arch": "x86_64",
    "SrcName": "",
    "SrcVersion": "",
    "SrcRelease": "",
    "SrcEpoch": 0
  },
  {
    "Name": "libgnutls30",
    "Version": "3.6.7",
    "Release": "lp151.2.3.1",
    "Epoch": 0,
    "Arch": "x86_64",
    "SrcName": "",
    "SrcVersion": "",
    "SrcRelease": "",
    "SrcEpoch": 0
  },
  {
    "Name": "pam",
    "Version": "1.3.0",
    "Release": "lp151.7.38",
    "Epoch": 0,
    "Arch": "x86_64",
    "SrcName": "",
    "SrcVersion": "",
    "SrcRelease": "",
    "SrcEpoch": 0
  },
  {
    "Name": "shadow",
    "Version": "4.6",
    "Release": "lp151.2.3.2",
    "Epoch": 0,
    "Arch": "x86_64",
    "SrcName": "",
    "SrcVersion": "",
    "SrcRelease": "",
    "SrcEpoch": 0
  },
  {
    "Name": "zypper",
    "Version": "1.14.30",
    "Release": "lp151.2.3.1",
    "Epoch": 0,
    "Arch": "x86_64",
    "SrcName": "",
    "SrcVersion": "",
    "SrcRelease": "",
    "SrcEpoch": 0
  },
  {
    "Name": "system-group-hardware",
    "Version": "20170617",
    "Release": "lp151.4.70",
    "Epoch": 0,
    "Arch": "noarch",
    "SrcName": "",
    "SrcVersion": "",
    "SrcRelease": "",
    "SrcEpoch": 0
  },
  {
    "Name": "util-linux",
    "Version": "2.33.1",
    "Release": "lp151.3.3.2",
    "Epoch": 0,
    "Arch": "x86_64",
    "SrcName": "",
    "SrcVersion": "",
    "SrcRelease": "",
    "SrcEpoch": 0
  },
  {
    "Name": "kubic-locale-archive",
    "Version": "2.26",
    "Release": "lp151.4.1",
    "Epoch": 0,
    "Arch": "noarch",
    "SrcName": "",
    "SrcVersion": "",
    "SrcRelease": "",
    "SrcEpoch": 0
  },
  {
    "Name": "netcfg",
    "Version": "11.6",
    "Release": "lp151.2.2",
    "Epoch": 0,
    "Arch": "noarch",
    "SrcName": "",
    "SrcVersion": "",
    "SrcRelease": "",
    "SrcEpoch": 0
  },
  {
    "Name": "p11-kit-tools",
    "Version": "0.23.2",
    "Release": "lp151.3.3",
    "Epoch": 0,
    "Arch": "x86_64",
    "SrcName": "",
    "SrcVersion": "",
    "SrcRelease": "",
    "SrcEpoch": 0
  },
  {
    "Name": "openssl-1_1",
    "Version": "1.1.0i",
    "Release": "lp151.8.3.1",
    "Epoch": 0,
    "Arch": "x86_64",
    "SrcName": "",
    "SrcVersion": "",
    "SrcRelease": "",
    "SrcEpoch": 0
  },
  {
    "Name": "ca-certificates",
    "Version": "2+git20170807.10b2785",
    "Release": "lp151.7.1",
    "Epoch": 0,
    "Arch": "noarch",
    "SrcName": "",
    "SrcVersion": "",
    "SrcRelease": "",
    "SrcEpoch": 0
  },
  {
    "Name": "gpg-pubkey",
    "Version": "307e3d54",
    "Release": "5aaa90a5",
    "Epoch": 0,
    "Arch": "(none)",
    "SrcName": "",
    "SrcVersion": "",
    "SrcRelease": "",
    "SrcEpoch": 0
  },
  {
    "Name": "gpg-pubkey",
    "Version": "3dbdc284",
    "Release": "53674dd4",
    "Epoch": 0,
    "Arch": "(none)",
    "SrcName": "",
    "SrcVersion": "",
    "SrcRelease": "",
    "SrcEpoch": 0
  }
]