[
  "configblob::docker.io_knqyf263_photon:1.0-20190823",
  "layerinfos::docker.io_knqyf263_photon:1.0-20190823",
  "sha256:f87a5213102c9273e051fa68c195e154df4dbb89dd6617b1f54a97488b7bc563"
]