[
  {
    "Name": "libgcc",
    "Version": "5.3.0",
    "Release": "6.ph1",
    "Epoch": 0,
    "Arch": "x86_64",
    "SrcName": "",
    "SrcVersion": "",
    "SrcRelease": "",
    "SrcEpoch": 0
  },
  {
    "Name": "ncurses",
    "Version": "6.0",
    "Release": "9.ph1",
    "Epoch": 0,
    "Arch": "x86_64",
    "SrcName": "",
    "SrcVersion": "",
    "SrcRelease": "",
    "SrcEpoch": 0
  },
  {
    "Name": "bash",
    "Version": "4.3.48",
    "Release": "3.ph1",
    "Epoch": 0,
    "Arch": "x86_64",
    "SrcName": "",
    "SrcVersion": "",
    "SrcRelease": "",
    "SrcEpoch": 0
  },
  {
    "Name": "pkg-config",
    "Version": "0.28",
    "Release": "3.ph1",
    "Epoch": 0,
    "Arch": "x86_64",
    "SrcName": "",
    "SrcVersion": "",
    "SrcRelease": "",
    "SrcEpoch": 0
  },
  {
    "Name": "libgpg-error",
    "Version": "1.27",
    "Release": "1.ph1",
    "Epoch": 0,
    "Arch": "x86_64",
    "SrcName": "",
    "SrcVersion": "",
    "SrcRelease": "",
    "SrcEpoch": 0
  },
  {
    "Name": "libassuan",
    "Version": "2.5.1",
    "Release": "1.ph1",
    "Epoch": 0,
    "Arch": "x86_64",
    "SrcName": "",
    "SrcVersion": "",
    "SrcRelease": "",
    "SrcEpoch": 0
  },
  {
    "Name": "bzip2",
    "Version": "1.0.6",
    "Release": "7.ph1",
    "Epoch": 0,
    "Arch": "x86_64",
    "SrcName": "",
    "SrcVersion": "",
    "SrcRelease": "",
    "SrcEpoch": 0
  },
  {
    "Name": "gpgme",
    "Version": "1.6.0",
    "Release": "2.ph1",
    "Epoch": 0,
    "Arch": "x86_64",
    "SrcName": "",
    "SrcVersion": "",
    "SrcRelease": "",
    "SrcEpoch": 0
  },
  {
    "Name": "coreutils",
    "Version": "8.25",
    "Release": "2.ph1",
    "Epoch": 0,
    "Arch": "x86_64",
    "SrcName": "",
    "SrcVersion": "",
    "SrcRelease": "",
    "SrcEpoch": 0
  },
  {
    "Name": "libssh2",
    "Version": "1.9.0",
    "Release": "1.ph1",
    "Epoch": 0,
    "Arch": "x86_64",
    "SrcName": "",
    "SrcVersion": "",
    "SrcRelease": "",
    "SrcEpoch": 0
  },
  {
    "Name": "nspr",
    "Version": "4.21",
    "Release": "1.ph1",
    "Epoch": 0,
    "Arch": "x86_64",
    "SrcName": "",
    "SrcVersion": "",
    "SrcRelease": "",
    "SrcEpoch": 0
  },
  {
    "Name": "nss",
    "Version": "3.44",
    "Release": "2.ph1",
    "Epoch": 0,
    "Arch": "x86_64",
    "SrcName": "",
    "SrcVersion": "",
    "SrcRelease": "",
    "SrcEpoch": 0
  },
  {
    "Name": "util-linux",
    "Version": "2.27.1",
    "Release": "4.ph1",
    "Epoch": 0,
    "Arch": "x86_64",
    "SrcName": "",
    "SrcVersion": "",
    "SrcRelease": "",
    "SrcEpoch": 0
  },
  {
    "Name": "librepo",
    "Version": "1.7.17",
    "Release": "3.ph1",
    "Epoch": 0,
    "Arch": "x86_64",
    "SrcName": "",
    "SrcVersion": "",
    "SrcRelease": "",
    "SrcEpoch": 0
  },
  {
    "Name": "file",
    "Version": "5.24",
    "Release": "3.ph1",
    "Epoch": 0,
    "Arch": "x86_64",
    "SrcName": "",
    "SrcVersion": "",
    "SrcRelease": "",
    "SrcEpoch": 0
  },
  {
    "Name": "tcsh",
    "Version": "6.19.00",
    "Release": "7.ph1",
    "Epoch": 0,
    "Arch": "x86_64",
    "SrcName": "",
    "SrcVersion": "",
    "SrcRelease": "",
    "SrcEpoch": 0
  },
  {
    "Name": "popt",
    "Version": "1.16",
    "Release": "2.ph1",
    "Epoch": 0,
    "Arch": "x86_64",
    "SrcName": "",
    "SrcVersion": "",
    "SrcRelease": "",
    "SrcEpoch": 0
  },
  {
    "Name": "libcap",
    "Version": "2.25",
    "Release": "2.ph1",
    "Epoch": 0,
    "Arch": "x86_64",
    "SrcName": "",
    "SrcVersion": "",
    "SrcRelease": "",
    "SrcEpoch": 0
  },
  {
    "Name": "libdb",
    "Version": "5.3.28",
    "Release": "1.ph1",
    "Epoch": 0,
    "Arch": "x86_64",
    "SrcName": "",
    "SrcVersion": "",
    "SrcRelease": "",
    "SrcEpoch": 0
  },
  {
    "Name": "hawkey",
    "Version": "2014.1",
    "Release": "6.ph1",
    "Epoch": 0,
    "Arch": "x86_64",
    "SrcName": "",
    "SrcVersion": "",
    "SrcRelease": "",
    "SrcEpoch": 0
  },
  {
    "Name": "photon-release",
    "Version": "1.0",
    "Release": "6.ph1",
    "Epoch": 0,
    "Arch": "noarch",
    "SrcName": "",
    "SrcVersion": "",
    "SrcRelease": "",
    "SrcEpoch": 0
  },
  {
    "Name": "vim",
    "Version": "7.4",
    "Release": "12.ph1",
    "Epoch": 0,
    "Arch": "x86_64",
    "SrcName": "",
    "SrcVersion": "",
    "SrcRelease": "",
    "SrcEpoch": 0
  },
  {
    "Name": "which",
    "Version": "2.21",
    "Release": "2.ph1",
    "Epoch": 0,
    "Arch": "x86_64",
    "SrcName": "",
    "SrcVersion": "",
    "SrcRelease": "",
    "SrcEpoch": 0
  },
  {
    "Name": "filesystem",
    "Version": "1.1",
    "Release": "4.ph1",
    "Epoch": 0,
    "Arch": "x86_64",
    "SrcName": "",
    "SrcVersion": "",
    "SrcRelease": "",
    "SrcEpoch": 0
  },
  {
    "Name": "glibc",
    "Version": "2.22",
    "Release": "26.ph1",
    "Epoch": 0,
    "Arch": "x86_64",
    "SrcName": "",
    "SrcVersion": "",
    "SrcRelease": "",
    "SrcEpoch": 0
  },
  {
    "Name": "readline",
    "Version": "6.3",
    "Release": "5.ph1",
    "Epoch": 0,
    "Arch": "x86_64",
    "SrcName": "",
    "SrcVersion": "",
    "SrcRelease": "",
    "SrcEpoch": 0
  },
  {
    "Name": "zlib",
    "Version": "1.2.8",
    "Release": "5.ph1",
    "Epoch": 0,
    "Arch": "x86_64",
    "SrcName": "",
    "SrcVersion": "",
    "SrcRelease": "",
    "SrcEpoch": 0
  },
  {
    "Name": "openssl",
    "Version": "1.0.2s",
    "Release": "1.ph1",
    "Epoch": 0,
    "Arch": "x86_64",
    "SrcName": "",
    "SrcVersion": "",
    "SrcRelease": "",
    "SrcEpoch": 0
  },
  {
    "Name": "libstdc++",
    "Version": "5.3.0",
    "Release": "6.ph1",
    "Epoch": 0,
    "Arch": "x86_64",
    "SrcName": "",
    "SrcVersion": "",
    "SrcRelease": "",
    "SrcEpoch": 0
  },
  {
    "Name": "expat",
    "Version": "2.2.4",
    "Release": "2.ph1",
    "Epoch": 0,
    "Arch": "x86_64",
    "SrcName": "",
    "SrcVersion": "",
    "SrcRelease": "",
    "SrcEpoch": 0
  },
  {
    "Name": "pcre",
    "Version": "8.41",
    "Release": "2.ph1",
    "Epoch": 0,
    "Arch": "x86_64",
    "SrcName": "",
    "SrcVersion": "",
    "SrcRelease": "",
    "SrcEpoch": 0
  },
  {
    "Name": "gmp",
    "Version": "6.0.0a",
    "Release": "3.ph1",
    "Epoch": 0,
    "Arch": "x86_64",
    "SrcName": "",
    "SrcVersion": "",
    "SrcRelease": "",
    "SrcEpoch": 0
  },
  {
    "Name": "ca-certificates",
    "Version": "20190521",
    "Release": "1.ph1",
    "Epoch": 0,
    "Arch": "x86_64",
    "SrcName": "",
    "SrcVersion": "",
    "SrcRelease": "",
    "SrcEpoch": 0
  },
  {
    "Name": "curl",
    "Version": "7.59.0",
    "Release": "8.ph1",
    "Epoch": 0,
    "Arch": "x86_64",
    "SrcName": "",
    "SrcVersion": "",
    "SrcRelease": "",
    "SrcEpoch": 0
  },
  {
    "Name": "sqlite-autoconf",
    "Version": "3.27.2",
    "Release": "3.ph1",
    "Epoch": 0,
    "Arch": "x86_64",
    "SrcName": "",
    "SrcVersion": "",
    "SrcRelease": "",
    "SrcEpoch": 0
  },
  {
    "Name": "libffi",
    "Version": "3.2.1",
    "Release": "2.ph1",
    "Epoch": 0,
    "Arch": "x86_64",
    "SrcName": "",
    "SrcVersion": "",
    "SrcRelease": "",
    "SrcEpoch": 0
  },
  {
    "Name": "glib",
    "Version": "2.58.3",
    "Release": "1.ph1",
    "Epoch": 0,
    "Arch": "x86_64",
    "SrcName": "",
    "SrcVersion": "",
    "SrcRelease": "",
    "SrcEpoch": 0
  },
  {
    "Name": "elfutils-libelf",
    "Version": "0.176",
    "Release": "1.ph1",
    "Epoch": 0,
    "Arch": "x86_64",
    "SrcName": "",
    "SrcVersion": "",
    "SrcRelease": "",
    "SrcEpoch": 0
  },
  {
    "Name": "grep",
    "Version": "2.21",
    "Release": "2.ph1",
    "Epoch": 0,
    "Arch": "x86_64",
    "SrcName": "",
    "SrcVersion": "",
    "SrcRelease": "",
    "SrcEpoch": 0
  },
  {
    "Name": "lua",
    "Version": "5.3.2",
    "Release": "2.ph1",
    "Epoch": 0,
    "Arch": "x86_64",
    "SrcName": "",
    "SrcVersion": "",
    "SrcRelease": "",
    "SrcEpoch": 0
  },
  {
    "Name": "attr",
    "Version": "2.4.47",
    "Release": "3.ph1",
    "Epoch": 0,
    "Arch": "x86_64",
    "SrcName": "",
    "SrcVersion": "",
    "SrcRelease": "",
    "SrcEpoch": 0
  },
  {
    "Name": "rpm",
    "Version": "4.13.0.2",
    "Release": "1.ph1",
    "Epoch": 0,
    "Arch": "x86_64",
    "SrcName": "",
    "SrcVersion": "",
    "SrcRelease": "",
    "SrcEpoch": 0
  },
  {
    "Name": "libsolv",
    "Version": "0.6.19",
    "Release": "6.ph1",
    "Epoch": 0,
    "Arch": "x86_64",
    "SrcName": "",
    "SrcVersion": "",
    "SrcRelease": "",
    "SrcEpoch": 0
  },
  {
    "Name": "tdnf",
    "Version": "1.1.0",
    "Release": "3.ph1",
    "Epoch": 0,
    "Arch": "x86_64",
    "SrcName": "",
    "SrcVersion": "",
    "SrcRelease": "",
    "SrcEpoch": 0
  },
  {
    "Name": "photon-repos",
    "Version": "1.0",
    "Release": "4.ph1",
    "Epoch": 0,
    "Arch": "noarch",
    "SrcName": "",
    "SrcVersion": "",
    "SrcRelease": "",
    "SrcEpoch": 0
  },
  {
    "Name": "findutils",
    "Version": "4.6.0",
    "Release": "2.ph1",
    "Epoch": 0,
    "Arch": "x86_64",
    "SrcName": "",
    "SrcVersion": "",
    "SrcRelease": "",
    "SrcEpoch": 0
  },
  {
    "Name": "gpg-pubkey",
    "Version": "66fd4949",
    "Release": "4803fe57",
    "Epoch": 0,
    "Arch": "(none)",
    "SrcName": "",
    "SrcVersion": "",
    "SrcRelease": "",
    "SrcEpoch": 0
  }
]