[
  "configblob::docker.io_knqyf263_vuln-image:1.2.3",
  "layerinfos::docker.io_knqyf263_vuln-image:1.2.3",
  "sha256:1eea04acda91d39256def9ea27cb33007e243a1b4f7f8908bcfd9d3de376905d",
  "sha256:261def04981fe96cef0be0c68a42473114fabb8a6b05a0e207cef617d8cd09a0",
  "sha256:2830273154923ab0767d640727a622e2db46b3092a4f3d145969c0a55bec41fb",
  "sha256:2abeccaaf054bc40752bba06b7592b4620f40621d5823b5d6f9f70e6e7341ad8",
  "sha256:31eeb0fc0ea05fffd1361b21ca444dfefa972d9700f834a04e3c19c455fe2229",
  "sha256:3d6152f6ac208640f9fb494d1c379fe508db1fc5754cd08fefec200bddd13e0e",
  "sha256:402da78726c453ce30845d942bbdec644c60f9bd3d0be6f41121f0ef0c594516",
  "sha256:57b251229e70a32e5d386734f9bfe5bbc7b1be97e61327570524731668f2802c",
  "sha256:5ea84db4babaa484cbf59eced7865c06c5552e5d028ad356eab86897a21d22b8",
  "sha256:7d47ce93cc1fdc5f80a27881fa2f937513db13e9600b5e4d93901741529bb9cd",
  "sha256:81655f29ebf6d4d7873ea01912770464db71b551f512c59e66471afc25cf40d2",
  "sha256:88777455d910410652665cec0149a02db3584d6dc26e306788a3532d480b00ae",
  "sha256:955e2028dd614ed9f0ea2cdf4f7889015ae0fbf356204733447be3e4e2803bef",
  "sha256:a646976385e10a457f9ce8726bcbf6e07b5a2ed40f89c587baf6d697b001a3b5",
  "sha256:ba0d7390a98117a89bccbf401fec29020aba27ab188df9f8dd5c19cb9efed8c8",
  "sha256:c191915691a422a1b0230c9010165ff655204a9fd95e3b43151132bcb237826b",
  "sha256:c67f3896b22c1378881cbbb9c9d1edfe881fd07f713371835ef46d93c649684d",
  "sha256:d27872204be0cc2dc5460018aee9e86f060214bb38eaabb4b15564373836c7f2",
  "sha256:d6bb40de1556fccaddd5f69fcf5bf0882e86e9c12aa35f974bb9c83aa4fe4aa1",
  "sha256:f2a22580f7b35e8d8ce59a329d6648c8d8171c41f273df7f419155c936198d0f"
]