[
  {
    "Name": "passwd",
    "Version": "1:4.5-1.1",
    "Release": "",
    "Epoch": 0,
    "Arch": "",
    "SrcName": "shadow",
    "SrcVersion": "1:4.5-1.1",
    "SrcRelease": "",
    "SrcEpoch":0,
    "LayerID":"sha256:78c1b9419976227e05be9d243b7fa583bea44a5258e52018b2af4cdfe23d148d"
  },
  {
    "Name": "findutils",
    "Version": "4.6.0+git+20190209-2",
    "Release": "",
    "Epoch": 0,
    "Arch": "",
    "SrcName": "findutils",
    "SrcVersion": "4.6.0+git+20190209-2",
    "SrcRelease": "",
    "SrcEpoch":0,
    "LayerID":"sha256:78c1b9419976227e05be9d243b7fa583bea44a5258e52018b2af4cdfe23d148d"
  },
  {
    "Name": "libcap-ng0",
    "Version": "0.7.9-2",
    "Release": "",
    "Epoch": 0,
    "Arch": "",
    "SrcName": "libcap-ng",
    "SrcVersion": "0.7.9-2",
    "SrcRelease": "",
    "SrcEpoch":0,
    "LayerID":"sha256:78c1b9419976227e05be9d243b7fa583bea44a5258e52018b2af4cdfe23d148d"
  },
  {
    "Name": "libnettle6",
    "Version": "3.4.1-1",
    "Release": "",
    "Epoch": 0,
    "Arch": "",
    "SrcName": "nettle",
    "SrcVersion": "3.4.1-1",
    "SrcRelease": "",
    "SrcEpoch":0,
    "LayerID":"sha256:78c1b9419976227e05be9d243b7fa583bea44a5258e52018b2af4cdfe23d148d"
  },
  {
    "Name": "libsepol1",
    "Version": "2.8-1",
    "Release": "",
    "Epoch": 0,
    "Arch": "",
    "SrcName": "libsepol",
    "SrcVersion": "2.8-1",
    "SrcRelease": "",
    "SrcEpoch":0,
    "LayerID":"sha256:78c1b9419976227e05be9d243b7fa583bea44a5258e52018b2af4cdfe23d148d"
  },
  {
    "Name": "libudev1",
    "Version": "241-7~deb10u1",
    "Release": "",
    "Epoch": 0,
    "Arch": "",
    "SrcName": "systemd",
    "SrcVersion": "241-7~deb10u1",
    "SrcRelease": "",
    "SrcEpoch":0,
    "LayerID":"sha256:78c1b9419976227e05be9d243b7fa583bea44a5258e52018b2af4cdfe23d148d"
  },
  {
    "Name": "libzstd1",
    "Version": "1.3.8+dfsg-3",
    "Release": "",
    "Epoch": 0,
    "Arch": "",
    "SrcName": "libzstd",
    "SrcVersion": "1.3.8+dfsg-3",
    "SrcRelease": "",
    "SrcEpoch":0,
    "LayerID":"sha256:78c1b9419976227e05be9d243b7fa583bea44a5258e52018b2af4cdfe23d148d"
  },
  {
    "Name": "dpkg",
    "Version": "1.19.7",
    "Release": "",
    "Epoch": 0,
    "Arch": "",
    "SrcName": "dpkg",
    "SrcVersion": "1.19.7",
    "SrcRelease": "",
    "SrcEpoch":0,
    "LayerID":"sha256:78c1b9419976227e05be9d243b7fa583bea44a5258e52018b2af4cdfe23d148d"
  },
  {
    "Name": "liblzma5",
    "Version": "5.2.4-1",
    "Release": "",
    "Epoch": 0,
    "Arch": "",
    "SrcName": "xz-utils",
    "SrcVersion": "5.2.4-1",
    "SrcRelease": "",
    "SrcEpoch":0,
    "LayerID":"sha256:78c1b9419976227e05be9d243b7fa583bea44a5258e52018b2af4cdfe23d148d"
  },
  {
    "Name": "libstdc++6",
    "Version": "8.3.0-6",
    "Release": "",
    "Epoch": 0,
    "Arch": "",
    "SrcName": "gcc-8",
    "SrcVersion": "8.3.0-6",
    "SrcRelease": "",
    "SrcEpoch":0,
    "LayerID":"sha256:78c1b9419976227e05be9d243b7fa583bea44a5258e52018b2af4cdfe23d148d"
  },
  {
    "Name": "fdisk",
    "Version": "2.33.1-0.1",
    "Release": "",
    "Epoch": 0,
    "Arch": "",
    "SrcName": "util-linux",
    "SrcVersion": "2.33.1-0.1",
    "SrcRelease": "",
    "SrcEpoch":0,
    "LayerID":"sha256:78c1b9419976227e05be9d243b7fa583bea44a5258e52018b2af4cdfe23d148d"
  },
  {
    "Name": "libcom-err2",
    "Version": "1.44.5-1+deb10u1",
    "Release": "",
    "Epoch": 0,
    "Arch": "",
    "SrcName": "e2fsprogs",
    "SrcVersion": "1.44.5-1+deb10u1",
    "SrcRelease": "",
    "SrcEpoch":0,
    "LayerID":"sha256:78c1b9419976227e05be9d243b7fa583bea44a5258e52018b2af4cdfe23d148d"
  },
  {
    "Name": "libext2fs2",
    "Version": "1.44.5-1+deb10u1",
    "Release": "",
    "Epoch": 0,
    "Arch": "",
    "SrcName": "e2fsprogs",
    "SrcVersion": "1.44.5-1+deb10u1",
    "SrcRelease": "",
    "SrcEpoch":0,
    "LayerID":"sha256:78c1b9419976227e05be9d243b7fa583bea44a5258e52018b2af4cdfe23d148d"
  },
  {
    "Name": "libp11-kit0",
    "Version": "0.23.15-2",
    "Release": "",
    "Epoch": 0,
    "Arch": "",
    "SrcName": "p11-kit",
    "SrcVersion": "0.23.15-2",
    "SrcRelease": "",
    "SrcEpoch":0,
    "LayerID":"sha256:78c1b9419976227e05be9d243b7fa583bea44a5258e52018b2af4cdfe23d148d"
  },
  {
    "Name": "libgcc1",
    "Version": "1:8.3.0-6",
    "Release": "",
    "Epoch": 0,
    "Arch": "",
    "SrcName": "gcc-8",
    "SrcVersion": "8.3.0-6",
    "SrcRelease": "",
    "SrcEpoch":0,
    "LayerID":"sha256:78c1b9419976227e05be9d243b7fa583bea44a5258e52018b2af4cdfe23d148d"
  },
  {
    "Name": "mawk",
    "Version": "1.3.3-17+b3",
    "Release": "",
    "Epoch": 0,
    "Arch": "",
    "SrcName": "mawk",
    "SrcVersion": "1.3.3-17",
    "SrcRelease": "",
    "SrcEpoch":0,
    "LayerID":"sha256:78c1b9419976227e05be9d243b7fa583bea44a5258e52018b2af4cdfe23d148d"
  },
  {
    "Name": "dash",
    "Version": "0.5.10.2-5",
    "Release": "",
    "Epoch": 0,
    "Arch": "",
    "SrcName": "dash",
    "SrcVersion": "0.5.10.2-5",
    "SrcRelease": "",
    "SrcEpoch":0,
    "LayerID":"sha256:78c1b9419976227e05be9d243b7fa583bea44a5258e52018b2af4cdfe23d148d"
  },
  {
    "Name": "debianutils",
    "Version": "4.8.6.1",
    "Release": "",
    "Epoch": 0,
    "Arch": "",
    "SrcName": "debianutils",
    "SrcVersion": "4.8.6.1",
    "SrcRelease": "",
    "SrcEpoch":0,
    "LayerID":"sha256:78c1b9419976227e05be9d243b7fa583bea44a5258e52018b2af4cdfe23d148d"
  },
  {
    "Name": "diffutils",
    "Version": "1:3.7-3",
    "Release": "",
    "Epoch": 0,
    "Arch": "",
    "SrcName": "diffutils",
    "SrcVersion": "1:3.7-3",
    "SrcRelease": "",
    "SrcEpoch":0,
    "LayerID":"sha256:78c1b9419976227e05be9d243b7fa583bea44a5258e52018b2af4cdfe23d148d"
  },
  {
    "Name": "e2fsprogs",
    "Version": "1.44.5-1+deb10u1",
    "Release": "",
    "Epoch": 0,
    "Arch": "",
    "SrcName": "e2fsprogs",
    "SrcVersion": "1.44.5-1+deb10u1",
    "SrcRelease": "",
    "SrcEpoch":0,
    "LayerID":"sha256:78c1b9419976227e05be9d243b7fa583bea44a5258e52018b2af4cdfe23d148d"
  },
  {
    "Name": "hostname",
    "Version": "3.21",
    "Release": "",
    "Epoch": 0,
    "Arch": "",
    "SrcName": "hostname",
    "SrcVersion": "3.21",
    "SrcRelease": "",
    "SrcEpoch":0,
    "LayerID":"sha256:78c1b9419976227e05be9d243b7fa583bea44a5258e52018b2af4cdfe23d148d"
  },
  {
    "Name": "libelf1",
    "Version": "0.176-1.1",
    "Release": "",
    "Epoch": 0,
    "Arch": "",
    "SrcName": "elfutils",
    "SrcVersion": "0.176-1.1",
    "SrcRelease": "",
    "SrcEpoch":0,
    "LayerID":"sha256:78c1b9419976227e05be9d243b7fa583bea44a5258e52018b2af4cdfe23d148d"
  },
  {
    "Name": "tar",
    "Version": "1.30+dfsg-6",
    "Release": "",
    "Epoch": 0,
    "Arch": "",
    "SrcName": "tar",
    "SrcVersion": "1.30+dfsg-6",
    "SrcRelease": "",
    "SrcEpoch":0,
    "LayerID":"sha256:78c1b9419976227e05be9d243b7fa583bea44a5258e52018b2af4cdfe23d148d"
  },
  {
    "Name": "tzdata",
    "Version": "2019b-0+deb10u1",
    "Release": "",
    "Epoch": 0,
    "Arch": "",
    "SrcName": "tzdata",
    "SrcVersion": "2019b-0+deb10u1",
    "SrcRelease": "",
    "SrcEpoch":0,
    "LayerID":"sha256:78c1b9419976227e05be9d243b7fa583bea44a5258e52018b2af4cdfe23d148d"
  },
  {
    "Name": "bsdutils",
    "Version": "1:2.33.1-0.1",
    "Release": "",
    "Epoch": 0,
    "Arch": "",
    "SrcName": "util-linux",
    "SrcVersion": "2.33.1-0.1",
    "SrcRelease": "",
    "SrcEpoch":0,
    "LayerID":"sha256:78c1b9419976227e05be9d243b7fa583bea44a5258e52018b2af4cdfe23d148d"
  },
  {
    "Name": "gpgv",
    "Version": "2.2.12-1+deb10u1",
    "Release": "",
    "Epoch": 0,
    "Arch": "",
    "SrcName": "gnupg2",
    "SrcVersion": "2.2.12-1+deb10u1",
    "SrcRelease": "",
    "SrcEpoch":0,
    "LayerID":"sha256:78c1b9419976227e05be9d243b7fa583bea44a5258e52018b2af4cdfe23d148d"
  },
  {
    "Name": "mount",
    "Version": "2.33.1-0.1",
    "Release": "",
    "Epoch": 0,
    "Arch": "",
    "SrcName": "util-linux",
    "SrcVersion": "2.33.1-0.1",
    "SrcRelease": "",
    "SrcEpoch":0,
    "LayerID":"sha256:78c1b9419976227e05be9d243b7fa583bea44a5258e52018b2af4cdfe23d148d"
  },
  {
    "Name": "ncurses-bin",
    "Version": "6.1+20181013-2+deb10u1",
    "Release": "",
    "Epoch": 0,
    "Arch": "",
    "SrcName": "ncurses",
    "SrcVersion": "6.1+20181013-2+deb10u1",
    "SrcRelease": "",
    "SrcEpoch":0,
    "LayerID":"sha256:78c1b9419976227e05be9d243b7fa583bea44a5258e52018b2af4cdfe23d148d"
  },
  {
    "Name": "sysvinit-utils",
    "Version": "2.93-8",
    "Release": "",
    "Epoch": 0,
    "Arch": "",
    "SrcName": "sysvinit",
    "SrcVersion": "2.93-8",
    "SrcRelease": "",
    "SrcEpoch":0,
    "LayerID":"sha256:78c1b9419976227e05be9d243b7fa583bea44a5258e52018b2af4cdfe23d148d"
  },
  {
    "Name": "debian-archive-keyring",
    "Version": "2019.1",
    "Release": "",
    "Epoch": 0,
    "Arch": "",
    "SrcName": "debian-archive-keyring",
    "SrcVersion": "2019.1",
    "SrcRelease": "",
    "SrcEpoch":0,
    "LayerID":"sha256:78c1b9419976227e05be9d243b7fa583bea44a5258e52018b2af4cdfe23d148d"
  },
  {
    "Name": "libbz2-1.0",
    "Version": "1.0.6-9.2~deb10u1",
    "Release": "",
    "Epoch": 0,
    "Arch": "",
    "SrcName": "bzip2",
    "SrcVersion": "1.0.6-9.2~deb10u1",
    "SrcRelease": "",
    "SrcEpoch":0,
    "LayerID":"sha256:78c1b9419976227e05be9d243b7fa583bea44a5258e52018b2af4cdfe23d148d"
  },
  {
    "Name": "libmount1",
    "Version": "2.33.1-0.1",
    "Release": "",
    "Epoch": 0,
    "Arch": "",
    "SrcName": "util-linux",
    "SrcVersion": "2.33.1-0.1",
    "SrcRelease": "",
    "SrcEpoch":0,
    "LayerID":"sha256:78c1b9419976227e05be9d243b7fa583bea44a5258e52018b2af4cdfe23d148d"
  },
  {
    "Name": "libncursesw6",
    "Version": "6.1+20181013-2+deb10u1",
    "Release": "",
    "Epoch": 0,
    "Arch": "",
    "SrcName": "ncurses",
    "SrcVersion": "6.1+20181013-2+deb10u1",
    "SrcRelease": "",
    "SrcEpoch":0,
    "LayerID":"sha256:78c1b9419976227e05be9d243b7fa583bea44a5258e52018b2af4cdfe23d148d"
  },
  {
    "Name": "util-linux",
    "Version": "2.33.1-0.1",
    "Release": "",
    "Epoch": 0,
    "Arch": "",
    "SrcName": "util-linux",
    "SrcVersion": "2.33.1-0.1",
    "SrcRelease": "",
    "SrcEpoch":0,
    "LayerID":"sha256:78c1b9419976227e05be9d243b7fa583bea44a5258e52018b2af4cdfe23d148d"
  },
  {
    "Name": "coreutils",
    "Version": "8.30-3",
    "Release": "",
    "Epoch": 0,
    "Arch": "",
    "SrcName": "coreutils",
    "SrcVersion": "8.30-3",
    "SrcRelease": "",
    "SrcEpoch":0,
    "LayerID":"sha256:78c1b9419976227e05be9d243b7fa583bea44a5258e52018b2af4cdfe23d148d"
  },
  {
    "Name": "gcc-8-base",
    "Version": "8.3.0-6",
    "Release": "",
    "Epoch": 0,
    "Arch": "",
    "SrcName": "gcc-8",
    "SrcVersion": "8.3.0-6",
    "SrcRelease": "",
    "SrcEpoch":0,
    "LayerID":"sha256:78c1b9419976227e05be9d243b7fa583bea44a5258e52018b2af4cdfe23d148d"
  },
  {
    "Name": "libc-bin",
    "Version": "2.28-10",
    "Release": "",
    "Epoch": 0,
    "Arch": "",
    "SrcName": "glibc",
    "SrcVersion": "2.28-10",
    "SrcRelease": "",
    "SrcEpoch":0,
    "LayerID":"sha256:78c1b9419976227e05be9d243b7fa583bea44a5258e52018b2af4cdfe23d148d"
  },
  {
    "Name": "libdebconfclient0",
    "Version": "0.249",
    "Release": "",
    "Epoch": 0,
    "Arch": "",
    "SrcName": "cdebconf",
    "SrcVersion": "0.249",
    "SrcRelease": "",
    "SrcEpoch":0,
    "LayerID":"sha256:78c1b9419976227e05be9d243b7fa583bea44a5258e52018b2af4cdfe23d148d"
  },
  {
    "Name": "libpam0g",
    "Version": "1.3.1-5",
    "Release": "",
    "Epoch": 0,
    "Arch": "",
    "SrcName": "pam",
    "SrcVersion": "1.3.1-5",
    "SrcRelease": "",
    "SrcEpoch":0,
    "LayerID":"sha256:78c1b9419976227e05be9d243b7fa583bea44a5258e52018b2af4cdfe23d148d"
  },
  {
    "Name": "libselinux1",
    "Version": "2.8-1+b1",
    "Release": "",
    "Epoch": 0,
    "Arch": "",
    "SrcName": "libselinux",
    "SrcVersion": "2.8-1",
    "SrcRelease": "",
    "SrcEpoch":0,
    "LayerID":"sha256:78c1b9419976227e05be9d243b7fa583bea44a5258e52018b2af4cdfe23d148d"
  },
  {
    "Name": "libc6",
    "Version": "2.28-10",
    "Release": "",
    "Epoch": 0,
    "Arch": "",
    "SrcName": "glibc",
    "SrcVersion": "2.28-10",
    "SrcRelease": "",
    "SrcEpoch":0,
    "LayerID":"sha256:78c1b9419976227e05be9d243b7fa583bea44a5258e52018b2af4cdfe23d148d"
  },
  {
    "Name": "libpam-modules",
    "Version": "1.3.1-5",
    "Release": "",
    "Epoch": 0,
    "Arch": "",
    "SrcName": "pam",
    "SrcVersion": "1.3.1-5",
    "SrcRelease": "",
    "SrcEpoch":0,
    "LayerID":"sha256:78c1b9419976227e05be9d243b7fa583bea44a5258e52018b2af4cdfe23d148d"
  },
  {
    "Name": "libsemanage-common",
    "Version": "2.8-2",
    "Release": "",
    "Epoch": 0,
    "Arch": "",
    "SrcName": "libsemanage",
    "SrcVersion": "2.8-2",
    "SrcRelease": "",
    "SrcEpoch":0,
    "LayerID":"sha256:78c1b9419976227e05be9d243b7fa583bea44a5258e52018b2af4cdfe23d148d"
  },
  {
    "Name": "libtasn1-6",
    "Version": "4.13-3",
    "Release": "",
    "Epoch": 0,
    "Arch": "",
    "SrcName": "libtasn1-6",
    "SrcVersion": "4.13-3",
    "SrcRelease": "",
    "SrcEpoch":0,
    "LayerID":"sha256:78c1b9419976227e05be9d243b7fa583bea44a5258e52018b2af4cdfe23d148d"
  },
  {
    "Name": "libgpg-error0",
    "Version": "1.35-1",
    "Release": "",
    "Epoch": 0,
    "Arch": "",
    "SrcName": "libgpg-error",
    "SrcVersion": "1.35-1",
    "SrcRelease": "",
    "SrcEpoch":0,
    "LayerID":"sha256:78c1b9419976227e05be9d243b7fa583bea44a5258e52018b2af4cdfe23d148d"
  },
  {
    "Name": "libhogweed4",
    "Version": "3.4.1-1",
    "Release": "",
    "Epoch": 0,
    "Arch": "",
    "SrcName": "nettle",
    "SrcVersion": "3.4.1-1",
    "SrcRelease": "",
    "SrcEpoch":0,
    "LayerID":"sha256:78c1b9419976227e05be9d243b7fa583bea44a5258e52018b2af4cdfe23d148d"
  },
  {
    "Name": "base-files",
    "Version": "10.3+deb10u1",
    "Release": "",
    "Epoch": 0,
    "Arch": "",
    "SrcName": "base-files",
    "SrcVersion": "10.3+deb10u1",
    "SrcRelease": "",
    "SrcEpoch":0,
    "LayerID":"sha256:78c1b9419976227e05be9d243b7fa583bea44a5258e52018b2af4cdfe23d148d"
  },
  {
    "Name": "bash",
    "Version": "5.0-4",
    "Release": "",
    "Epoch": 0,
    "Arch": "",
    "SrcName": "bash",
    "SrcVersion": "5.0-4",
    "SrcRelease": "",
    "SrcEpoch":0,
    "LayerID":"sha256:78c1b9419976227e05be9d243b7fa583bea44a5258e52018b2af4cdfe23d148d"
  },
  {
    "Name": "iproute2",
    "Version": "4.20.0-2",
    "Release": "",
    "Epoch": 0,
    "Arch": "",
    "SrcName": "iproute2",
    "SrcVersion": "4.20.0-2",
    "SrcRelease": "",
    "SrcEpoch":0,
    "LayerID":"sha256:78c1b9419976227e05be9d243b7fa583bea44a5258e52018b2af4cdfe23d148d"
  },
  {
    "Name": "libacl1",
    "Version": "2.2.53-4",
    "Release": "",
    "Epoch": 0,
    "Arch": "",
    "SrcName": "acl",
    "SrcVersion": "2.2.53-4",
    "SrcRelease": "",
    "SrcEpoch":0,
    "LayerID":"sha256:78c1b9419976227e05be9d243b7fa583bea44a5258e52018b2af4cdfe23d148d"
  },
  {
    "Name": "libapt-pkg5.0",
    "Version": "1.8.2",
    "Release": "",
    "Epoch": 0,
    "Arch": "",
    "SrcName": "apt",
    "SrcVersion": "1.8.2",
    "SrcRelease": "",
    "SrcEpoch":0,
    "LayerID":"sha256:78c1b9419976227e05be9d243b7fa583bea44a5258e52018b2af4cdfe23d148d"
  },
  {
    "Name": "libattr1",
    "Version": "1:2.4.48-4",
    "Release": "",
    "Epoch": 0,
    "Arch": "",
    "SrcName": "attr",
    "SrcVersion": "1:2.4.48-4",
    "SrcRelease": "",
    "SrcEpoch":0,
    "LayerID":"sha256:78c1b9419976227e05be9d243b7fa583bea44a5258e52018b2af4cdfe23d148d"
  },
  {
    "Name": "libidn2-0",
    "Version": "2.0.5-1",
    "Release": "",
    "Epoch": 0,
    "Arch": "",
    "SrcName": "libidn2",
    "SrcVersion": "2.0.5-1",
    "SrcRelease": "",
    "SrcEpoch":0,
    "LayerID":"sha256:78c1b9419976227e05be9d243b7fa583bea44a5258e52018b2af4cdfe23d148d"
  },
  {
    "Name": "libtinfo6",
    "Version": "6.1+20181013-2+deb10u1",
    "Release": "",
    "Epoch": 0,
    "Arch": "",
    "SrcName": "ncurses",
    "SrcVersion": "6.1+20181013-2+deb10u1",
    "SrcRelease": "",
    "SrcEpoch":0,
    "LayerID":"sha256:78c1b9419976227e05be9d243b7fa583bea44a5258e52018b2af4cdfe23d148d"
  },
  {
    "Name": "debconf",
    "Version": "1.5.71",
    "Release": "",
    "Epoch": 0,
    "Arch": "",
    "SrcName": "debconf",
    "SrcVersion": "1.5.71",
    "SrcRelease": "",
    "SrcEpoch":0,
    "LayerID":"sha256:78c1b9419976227e05be9d243b7fa583bea44a5258e52018b2af4cdfe23d148d"
  },
  {
    "Name": "libdb5.3",
    "Version": "5.3.28+dfsg1-0.5",
    "Release": "",
    "Epoch": 0,
    "Arch": "",
    "SrcName": "db5.3",
    "SrcVersion": "5.3.28+dfsg1-0.5",
    "SrcRelease": "",
    "SrcEpoch":0,
    "LayerID":"sha256:78c1b9419976227e05be9d243b7fa583bea44a5258e52018b2af4cdfe23d148d"
  },
  {
    "Name": "login",
    "Version": "1:4.5-1.1",
    "Release": "",
    "Epoch": 0,
    "Arch": "",
    "SrcName": "shadow",
    "SrcVersion": "1:4.5-1.1",
    "SrcRelease": "",
    "SrcEpoch":0,
    "LayerID":"sha256:78c1b9419976227e05be9d243b7fa583bea44a5258e52018b2af4cdfe23d148d"
  },
  {
    "Name": "apt",
    "Version": "1.8.2",
    "Release": "",
    "Epoch": 0,
    "Arch": "",
    "SrcName": "apt",
    "SrcVersion": "1.8.2",
    "SrcRelease": "",
    "SrcEpoch":0,
    "LayerID":"sha256:78c1b9419976227e05be9d243b7fa583bea44a5258e52018b2af4cdfe23d148d"
  },
  {
    "Name": "grep",
    "Version": "3.3-1",
    "Release": "",
    "Epoch": 0,
    "Arch": "",
    "SrcName": "grep",
    "SrcVersion": "3.3-1",
    "SrcRelease": "",
    "SrcEpoch":0,
    "LayerID":"sha256:78c1b9419976227e05be9d243b7fa583bea44a5258e52018b2af4cdfe23d148d"
  },
  {
    "Name": "libblkid1",
    "Version": "2.33.1-0.1",
    "Release": "",
    "Epoch": 0,
    "Arch": "",
    "SrcName": "util-linux",
    "SrcVersion": "2.33.1-0.1",
    "SrcRelease": "",
    "SrcEpoch":0,
    "LayerID":"sha256:78c1b9419976227e05be9d243b7fa583bea44a5258e52018b2af4cdfe23d148d"
  },
  {
    "Name": "libgcrypt20",
    "Version": "1.8.4-5",
    "Release": "",
    "Epoch": 0,
    "Arch": "",
    "SrcName": "libgcrypt20",
    "SrcVersion": "1.8.4-5",
    "SrcRelease": "",
    "SrcEpoch":0,
    "LayerID":"sha256:78c1b9419976227e05be9d243b7fa583bea44a5258e52018b2af4cdfe23d148d"
  },
  {
    "Name": "libxtables12",
    "Version": "1.8.2-4",
    "Release": "",
    "Epoch": 0,
    "Arch": "",
    "SrcName": "iptables",
    "SrcVersion": "1.8.2-4",
    "SrcRelease": "",
    "SrcEpoch":0,
    "LayerID":"sha256:78c1b9419976227e05be9d243b7fa583bea44a5258e52018b2af4cdfe23d148d"
  },
  {
    "Name": "perl-base",
    "Version": "5.28.1-6",
    "Release": "",
    "Epoch": 0,
    "Arch": "",
    "SrcName": "perl",
    "SrcVersion": "5.28.1-6",
    "SrcRelease": "",
    "SrcEpoch":0,
    "LayerID":"sha256:78c1b9419976227e05be9d243b7fa583bea44a5258e52018b2af4cdfe23d148d"
  },
  {
    "Name": "base-passwd",
    "Version": "3.5.46",
    "Release": "",
    "Epoch": 0,
    "Arch": "",
    "SrcName": "base-passwd",
    "SrcVersion": "3.5.46",
    "SrcRelease": "",
    "SrcEpoch":0,
    "LayerID":"sha256:78c1b9419976227e05be9d243b7fa583bea44a5258e52018b2af4cdfe23d148d"
  },
  {
    "Name": "gzip",
    "Version": "1.9-3",
    "Release": "",
    "Epoch": 0,
    "Arch": "",
    "SrcName": "gzip",
    "SrcVersion": "1.9-3",
    "SrcRelease": "",
    "SrcEpoch":0,
    "LayerID":"sha256:78c1b9419976227e05be9d243b7fa583bea44a5258e52018b2af4cdfe23d148d"
  },
  {
    "Name": "libaudit-common",
    "Version": "1:2.8.4-3",
    "Release": "",
    "Epoch": 0,
    "Arch": "",
    "SrcName": "audit",
    "SrcVersion": "1:2.8.4-3",
    "SrcRelease": "",
    "SrcEpoch":0,
    "LayerID":"sha256:78c1b9419976227e05be9d243b7fa583bea44a5258e52018b2af4cdfe23d148d"
  },
  {
    "Name": "libcap2-bin",
    "Version": "1:2.25-2",
    "Release": "",
    "Epoch": 0,
    "Arch": "",
    "SrcName": "libcap2",
    "SrcVersion": "1:2.25-2",
    "SrcRelease": "",
    "SrcEpoch":0,
    "LayerID":"sha256:78c1b9419976227e05be9d243b7fa583bea44a5258e52018b2af4cdfe23d148d"
  },
  {
    "Name": "libgnutls30",
    "Version": "3.6.7-4",
    "Release": "",
    "Epoch": 0,
    "Arch": "",
    "SrcName": "gnutls28",
    "SrcVersion": "3.6.7-4",
    "SrcRelease": "",
    "SrcEpoch":0,
    "LayerID":"sha256:78c1b9419976227e05be9d243b7fa583bea44a5258e52018b2af4cdfe23d148d"
  },
  {
    "Name": "libpam-runtime",
    "Version": "1.3.1-5",
    "Release": "",
    "Epoch": 0,
    "Arch": "",
    "SrcName": "pam",
    "SrcVersion": "1.3.1-5",
    "SrcRelease": "",
    "SrcEpoch":0,
    "LayerID":"sha256:78c1b9419976227e05be9d243b7fa583bea44a5258e52018b2af4cdfe23d148d"
  },
  {
    "Name": "libaudit1",
    "Version": "1:2.8.4-3",
    "Release": "",
    "Epoch": 0,
    "Arch": "",
    "SrcName": "audit",
    "SrcVersion": "1:2.8.4-3",
    "SrcRelease": "",
    "SrcEpoch":0,
    "LayerID":"sha256:78c1b9419976227e05be9d243b7fa583bea44a5258e52018b2af4cdfe23d148d"
  },
  {
    "Name": "libffi6",
    "Version": "3.2.1-9",
    "Release": "",
    "Epoch": 0,
    "Arch": "",
    "SrcName": "libffi",
    "SrcVersion": "3.2.1-9",
    "SrcRelease": "",
    "SrcEpoch":0,
    "LayerID":"sha256:78c1b9419976227e05be9d243b7fa583bea44a5258e52018b2af4cdfe23d148d"
  },
  {
    "Name": "libmnl0",
    "Version": "1.0.4-2",
    "Release": "",
    "Epoch": 0,
    "Arch": "",
    "SrcName": "libmnl",
    "SrcVersion": "1.0.4-2",
    "SrcRelease": "",
    "SrcEpoch":0,
    "LayerID":"sha256:78c1b9419976227e05be9d243b7fa583bea44a5258e52018b2af4cdfe23d148d"
  },
  {
    "Name": "libpam-modules-bin",
    "Version": "1.3.1-5",
    "Release": "",
    "Epoch": 0,
    "Arch": "",
    "SrcName": "pam",
    "SrcVersion": "1.3.1-5",
    "SrcRelease": "",
    "SrcEpoch":0,
    "LayerID":"sha256:78c1b9419976227e05be9d243b7fa583bea44a5258e52018b2af4cdfe23d148d"
  },
  {
    "Name": "libsemanage1",
    "Version": "2.8-2",
    "Release": "",
    "Epoch": 0,
    "Arch": "",
    "SrcName": "libsemanage",
    "SrcVersion": "2.8-2",
    "SrcRelease": "",
    "SrcEpoch":0,
    "LayerID":"sha256:78c1b9419976227e05be9d243b7fa583bea44a5258e52018b2af4cdfe23d148d"
  },
  {
    "Name": "liblz4-1",
    "Version": "1.8.3-1",
    "Release": "",
    "Epoch": 0,
    "Arch": "",
    "SrcName": "lz4",
    "SrcVersion": "1.8.3-1",
    "SrcRelease": "",
    "SrcEpoch":0,
    "LayerID":"sha256:78c1b9419976227e05be9d243b7fa583bea44a5258e52018b2af4cdfe23d148d"
  },
  {
    "Name": "libsmartcols1",
    "Version": "2.33.1-0.1",
    "Release": "",
    "Epoch": 0,
    "Arch": "",
    "SrcName": "util-linux",
    "SrcVersion": "2.33.1-0.1",
    "SrcRelease": "",
    "SrcEpoch":0,
    "LayerID":"sha256:78c1b9419976227e05be9d243b7fa583bea44a5258e52018b2af4cdfe23d148d"
  },
  {
    "Name": "adduser",
    "Version": "3.118",
    "Release": "",
    "Epoch": 0,
    "Arch": "",
    "SrcName": "adduser",
    "SrcVersion": "3.118",
    "SrcRelease": "",
    "SrcEpoch":0,
    "LayerID":"sha256:78c1b9419976227e05be9d243b7fa583bea44a5258e52018b2af4cdfe23d148d"
  },
  {
    "Name": "init-system-helpers",
    "Version": "1.56+nmu1",
    "Release": "",
    "Epoch": 0,
    "Arch": "",
    "SrcName": "init-system-helpers",
    "SrcVersion": "1.56+nmu1",
    "SrcRelease": "",
    "SrcEpoch":0,
    "LayerID":"sha256:78c1b9419976227e05be9d243b7fa583bea44a5258e52018b2af4cdfe23d148d"
  },
  {
    "Name": "iputils-ping",
    "Version": "3:20180629-2",
    "Release": "",
    "Epoch": 0,
    "Arch": "",
    "SrcName": "iputils",
    "SrcVersion": "3:20180629-2",
    "SrcRelease": "",
    "SrcEpoch":0,
    "LayerID":"sha256:78c1b9419976227e05be9d243b7fa583bea44a5258e52018b2af4cdfe23d148d"
  },
  {
    "Name": "libcap2",
    "Version": "1:2.25-2",
    "Release": "",
    "Epoch": 0,
    "Arch": "",
    "SrcName": "libcap2",
    "SrcVersion": "1:2.25-2",
    "SrcRelease": "",
    "SrcEpoch":0,
    "LayerID":"sha256:78c1b9419976227e05be9d243b7fa583bea44a5258e52018b2af4cdfe23d148d"
  },
  {
    "Name": "libfdisk1",
    "Version": "2.33.1-0.1",
    "Release": "",
    "Epoch": 0,
    "Arch": "",
    "SrcName": "util-linux",
    "SrcVersion": "2.33.1-0.1",
    "SrcRelease": "",
    "SrcEpoch":0,
    "LayerID":"sha256:78c1b9419976227e05be9d243b7fa583bea44a5258e52018b2af4cdfe23d148d"
  },
  {
    "Name": "libgmp10",
    "Version": "2:6.1.2+dfsg-4",
    "Release": "",
    "Epoch": 0,
    "Arch": "",
    "SrcName": "gmp",
    "SrcVersion": "2:6.1.2+dfsg-4",
    "SrcRelease": "",
    "SrcEpoch":0,
    "LayerID":"sha256:78c1b9419976227e05be9d243b7fa583bea44a5258e52018b2af4cdfe23d148d"
  },
  {
    "Name": "libsystemd0",
    "Version": "241-7~deb10u1",
    "Release": "",
    "Epoch": 0,
    "Arch": "",
    "SrcName": "systemd",
    "SrcVersion": "241-7~deb10u1",
    "SrcRelease": "",
    "SrcEpoch":0,
    "LayerID":"sha256:78c1b9419976227e05be9d243b7fa583bea44a5258e52018b2af4cdfe23d148d"
  },
  {
    "Name": "zlib1g",
    "Version": "1:1.2.11.dfsg-1",
    "Release": "",
    "Epoch": 0,
    "Arch": "",
    "SrcName": "zlib",
    "SrcVersion": "1:1.2.11.dfsg-1",
    "SrcRelease": "",
    "SrcEpoch":0,
    "LayerID":"sha256:78c1b9419976227e05be9d243b7fa583bea44a5258e52018b2af4cdfe23d148d"
  },
  {
    "Name": "sed",
    "Version": "4.7-1",
    "Release": "",
    "Epoch": 0,
    "Arch": "",
    "SrcName": "sed",
    "SrcVersion": "4.7-1",
    "SrcRelease": "",
    "SrcEpoch":0,
    "LayerID":"sha256:78c1b9419976227e05be9d243b7fa583bea44a5258e52018b2af4cdfe23d148d"
  },
  {
    "Name": "libpcre3",
    "Version": "2:8.39-12",
    "Release": "",
    "Epoch": 0,
    "Arch": "",
    "SrcName": "pcre3",
    "SrcVersion": "2:8.39-12",
    "SrcRelease": "",
    "SrcEpoch":0,
    "LayerID":"sha256:78c1b9419976227e05be9d243b7fa583bea44a5258e52018b2af4cdfe23d148d"
  },
  {
    "Name": "libseccomp2",
    "Version": "2.3.3-4",
    "Release": "",
    "Epoch": 0,
    "Arch": "",
    "SrcName": "libseccomp",
    "SrcVersion": "2.3.3-4",
    "SrcRelease": "",
    "SrcEpoch":0,
    "LayerID":"sha256:78c1b9419976227e05be9d243b7fa583bea44a5258e52018b2af4cdfe23d148d"
  },
  {
    "Name": "libss2",
    "Version": "1.44.5-1+deb10u1",
    "Release": "",
    "Epoch": 0,
    "Arch": "",
    "SrcName": "e2fsprogs",
    "SrcVersion": "1.44.5-1+deb10u1",
    "SrcRelease": "",
    "SrcEpoch":0,
    "LayerID":"sha256:78c1b9419976227e05be9d243b7fa583bea44a5258e52018b2af4cdfe23d148d"
  },
  {
    "Name": "libunistring2",
    "Version": "0.9.10-1",
    "Release": "",
    "Epoch": 0,
    "Arch": "",
    "SrcName": "libunistring",
    "SrcVersion": "0.9.10-1",
    "SrcRelease": "",
    "SrcEpoch":0,
    "LayerID":"sha256:78c1b9419976227e05be9d243b7fa583bea44a5258e52018b2af4cdfe23d148d"
  },
  {
    "Name": "libuuid1",
    "Version": "2.33.1-0.1",
    "Release": "",
    "Epoch": 0,
    "Arch": "",
    "SrcName": "util-linux",
    "SrcVersion": "2.33.1-0.1",
    "SrcRelease": "",
    "SrcEpoch":0,
    "LayerID":"sha256:78c1b9419976227e05be9d243b7fa583bea44a5258e52018b2af4cdfe23d148d"
  },
  {
    "Name": "ncurses-base",
    "Version": "6.1+20181013-2+deb10u1",
    "Release": "",
    "Epoch": 0,
    "Arch": "",
    "SrcName": "ncurses",
    "SrcVersion": "6.1+20181013-2+deb10u1",
    "SrcRelease": "",
    "SrcEpoch":0,
    "LayerID":"sha256:78c1b9419976227e05be9d243b7fa583bea44a5258e52018b2af4cdfe23d148d"
  }
]