[
  {
    "Name": "musl",
    "Version": "1.1.18-r3",
    "Release": "",
    "Epoch": 0,
    "Arch": "",
    "SrcName": "",
    "SrcVersion": "",
    "SrcRelease": "",
    "SrcEpoch":0,
    "LayerID":"sha256:2f4a5c9187c249834ebc28783bd3c65bdcbacaa8baa6620ddaa27846dd3ef708"
  },
  {
    "Name": "busybox",
    "Version": "1.27.2-r11",
    "Release": "",
    "Epoch": 0,
    "Arch": "",
    "SrcName": "",
    "SrcVersion": "",
    "SrcRelease": "",
    "SrcEpoch":0,
    "LayerID":"sha256:2f4a5c9187c249834ebc28783bd3c65bdcbacaa8baa6620ddaa27846dd3ef708"
  },
  {
    "Name": "alpine-baselayout",
    "Version": "3.0.5-r2",
    "Release": "",
    "Epoch": 0,
    "Arch": "",
    "SrcName": "",
    "SrcVersion": "",
    "SrcRelease": "",
    "SrcEpoch":0,
    "LayerID":"sha256:2f4a5c9187c249834ebc28783bd3c65bdcbacaa8baa6620ddaa27846dd3ef708"
  },
  {
    "Name": "alpine-keys",
    "Version": "2.1-r1",
    "Release": "",
    "Epoch": 0,
    "Arch": "",
    "SrcName": "",
    "SrcVersion": "",
    "SrcRelease": "",
    "SrcEpoch":0,
    "LayerID":"sha256:2f4a5c9187c249834ebc28783bd3c65bdcbacaa8baa6620ddaa27846dd3ef708"
  },
  {
    "Name": "libressl",
    "Version": "2.6.5-r0",
    "Release": "",
    "Epoch": 0,
    "Arch": "",
    "SrcName": "",
    "SrcVersion": "",
    "SrcRelease": "",
    "SrcEpoch":0,
    "LayerID":"sha256:2f4a5c9187c249834ebc28783bd3c65bdcbacaa8baa6620ddaa27846dd3ef708"
  },
  {
    "Name": "libressl2.6-libcrypto",
    "Version": "2.6.5-r0",
    "Release": "",
    "Epoch": 0,
    "Arch": "",
    "SrcName": "",
    "SrcVersion": "",
    "SrcRelease": "",
    "SrcEpoch":0,
    "LayerID":"sha256:2f4a5c9187c249834ebc28783bd3c65bdcbacaa8baa6620ddaa27846dd3ef708"
  },
  {
    "Name": "libressl2.6-libssl",
    "Version": "2.6.5-r0",
    "Release": "",
    "Epoch": 0,
    "Arch": "",
    "SrcName": "",
    "SrcVersion": "",
    "SrcRelease": "",
    "SrcEpoch":0,
    "LayerID":"sha256:2f4a5c9187c249834ebc28783bd3c65bdcbacaa8baa6620ddaa27846dd3ef708"
  },
  {
    "Name": "libressl2.6-libtls",
    "Version": "2.6.5-r0",
    "Release": "",
    "Epoch": 0,
    "Arch": "",
    "SrcName": "",
    "SrcVersion": "",
    "SrcRelease": "",
    "SrcEpoch":0,
    "LayerID":"sha256:2f4a5c9187c249834ebc28783bd3c65bdcbacaa8baa6620ddaa27846dd3ef708"
  },
  {
    "Name": "ssl_client",
    "Version": "1.27.2-r11",
    "Release": "",
    "Epoch": 0,
    "Arch": "",
    "SrcName": "",
    "SrcVersion": "",
    "SrcRelease": "",
    "SrcEpoch":0,
    "LayerID":"sha256:2f4a5c9187c249834ebc28783bd3c65bdcbacaa8baa6620ddaa27846dd3ef708"
  },
  {
    "Name": "zlib",
    "Version": "1.2.11-r1",
    "Release": "",
    "Epoch": 0,
    "Arch": "",
    "SrcName": "",
    "SrcVersion": "",
    "SrcRelease": "",
    "SrcEpoch":0,
    "LayerID":"sha256:2f4a5c9187c249834ebc28783bd3c65bdcbacaa8baa6620ddaa27846dd3ef708"
  },
  {
    "Name": "apk-tools",
    "Version": "2.10.1-r0",
    "Release": "",
    "Epoch": 0,
    "Arch": "",
    "SrcName": "",
    "SrcVersion": "",
    "SrcRelease": "",
    "SrcEpoch":0,
    "LayerID":"sha256:2f4a5c9187c249834ebc28783bd3c65bdcbacaa8baa6620ddaa27846dd3ef708"
  },
  {
    "Name": "pax-utils",
    "Version": "1.2.2-r1",
    "Release": "",
    "Epoch": 0,
    "Arch": "",
    "SrcName": "",
    "SrcVersion": "",
    "SrcRelease": "",
    "SrcEpoch":0,
    "LayerID":"sha256:2f4a5c9187c249834ebc28783bd3c65bdcbacaa8baa6620ddaa27846dd3ef708"
  },
  {
    "Name": "scanelf",
    "Version": "1.2.2-r1",
    "Release": "",
    "Epoch": 0,
    "Arch": "",
    "SrcName": "",
    "SrcVersion": "",
    "SrcRelease": "",
    "SrcEpoch":0,
    "LayerID":"sha256:2f4a5c9187c249834ebc28783bd3c65bdcbacaa8baa6620ddaa27846dd3ef708"
  },
  {
    "Name": "musl-utils",
    "Version": "1.1.18-r3",
    "Release": "",
    "Epoch": 0,
    "Arch": "",
    "SrcName": "",
    "SrcVersion": "",
    "SrcRelease": "",
    "SrcEpoch":0,
    "LayerID":"sha256:2f4a5c9187c249834ebc28783bd3c65bdcbacaa8baa6620ddaa27846dd3ef708"
  },
  {
    "Name": "libc-dev",
    "Version": "0.7.1-r0",
    "Release": "",
    "Epoch": 0,
    "Arch": "",
    "SrcName": "",
    "SrcVersion": "",
    "SrcRelease": "",
    "SrcEpoch":0,
    "LayerID":"sha256:2f4a5c9187c249834ebc28783bd3c65bdcbacaa8baa6620ddaa27846dd3ef708"
  },
  {
    "Name": "libc-utils",
    "Version": "0.7.1-r0",
    "Release": "",
    "Epoch": 0,
    "Arch": "",
    "SrcName": "",
    "SrcVersion": "",
    "SrcRelease": "",
    "SrcEpoch":0,
    "LayerID":"sha256:2f4a5c9187c249834ebc28783bd3c65bdcbacaa8baa6620ddaa27846dd3ef708"
  },
  {
    "Name": "ca-certificates",
    "Version": "20171114-r0",
    "Release": "",
    "Epoch": 0,
    "Arch": "",
    "SrcName": "",
    "SrcVersion": "",
    "SrcRelease": "",
    "SrcEpoch":0,
    "LayerID":"sha256:2f4a5c9187c249834ebc28783bd3c65bdcbacaa8baa6620ddaa27846dd3ef708"
  },
  {
    "Name": "libssh2",
    "Version": "1.8.0-r2",
    "Release": "",
    "Epoch": 0,
    "Arch": "",
    "SrcName": "",
    "SrcVersion": "",
    "SrcRelease": "",
    "SrcEpoch":0,
    "LayerID":"sha256:2f4a5c9187c249834ebc28783bd3c65bdcbacaa8baa6620ddaa27846dd3ef708"
  },
  {
    "Name": "curl",
    "Version": "7.61.0-r0",
    "Release": "",
    "Epoch": 0,
    "Arch": "",
    "SrcName": "",
    "SrcVersion": "",
    "SrcRelease": "",
    "SrcEpoch":0,
    "LayerID":"sha256:2f4a5c9187c249834ebc28783bd3c65bdcbacaa8baa6620ddaa27846dd3ef708"
  },
  {
    "Name": "tar",
    "Version": "1.29-r1",
    "Release": "",
    "Epoch": 0,
    "Arch": "",
    "SrcName": "",
    "SrcVersion": "",
    "SrcRelease": "",
    "SrcEpoch":0,
    "LayerID":"sha256:2f4a5c9187c249834ebc28783bd3c65bdcbacaa8baa6620ddaa27846dd3ef708"
  },
  {
    "Name": "xz",
    "Version": "5.2.3-r1",
    "Release": "",
    "Epoch": 0,
    "Arch": "",
    "SrcName": "",
    "SrcVersion": "",
    "SrcRelease": "",
    "SrcEpoch":0,
    "LayerID":"sha256:2f4a5c9187c249834ebc28783bd3c65bdcbacaa8baa6620ddaa27846dd3ef708"
  },
  {
    "Name": "xz-libs",
    "Version": "5.2.3-r1",
    "Release": "",
    "Epoch": 0,
    "Arch": "",
    "SrcName": "",
    "SrcVersion": "",
    "SrcRelease": "",
    "SrcEpoch":0,
    "LayerID":"sha256:2f4a5c9187c249834ebc28783bd3c65bdcbacaa8baa6620ddaa27846dd3ef708"
  },
  {
    "Name": ".persistent-deps",
    "Version": "0",
    "Release": "",
    "Epoch": 0,
    "Arch": "",
    "SrcName": "",
    "SrcVersion": "",
    "SrcRelease": "",
    "SrcEpoch":0,
    "LayerID":"sha256:2f4a5c9187c249834ebc28783bd3c65bdcbacaa8baa6620ddaa27846dd3ef708"
  },
  {
    "Name": "libcurl",
    "Version": "7.61.1-r0",
    "Release": "",
    "Epoch": 0,
    "Arch": "",
    "SrcName": "",
    "SrcVersion": "",
    "SrcRelease": "",
    "SrcEpoch":0,
    "LayerID":"sha256:2f4a5c9187c249834ebc28783bd3c65bdcbacaa8baa6620ddaa27846dd3ef708"
  },
  {
    "Name": "ncurses",
    "Version": "6.0_p20171125-r1",
    "Release": "",
    "Epoch": 0,
    "Arch": "",
    "SrcName": "",
    "SrcVersion": "",
    "SrcRelease": "",
    "SrcEpoch":0,
    "LayerID":"sha256:2f4a5c9187c249834ebc28783bd3c65bdcbacaa8baa6620ddaa27846dd3ef708"
  },
  {
    "Name": "ncurses-terminfo-base",
    "Version": "6.0_p20171125-r1",
    "Release": "",
    "Epoch": 0,
    "Arch": "",
    "SrcName": "",
    "SrcVersion": "",
    "SrcRelease": "",
    "SrcEpoch":0,
    "LayerID":"sha256:2f4a5c9187c249834ebc28783bd3c65bdcbacaa8baa6620ddaa27846dd3ef708"
  },
  {
    "Name": "ncurses-terminfo",
    "Version": "6.0_p20171125-r1",
    "Release": "",
    "Epoch": 0,
    "Arch": "",
    "SrcName": "",
    "SrcVersion": "",
    "SrcRelease": "",
    "SrcEpoch":0,
    "LayerID":"sha256:2f4a5c9187c249834ebc28783bd3c65bdcbacaa8baa6620ddaa27846dd3ef708"
  },
  {
    "Name": "ncurses-libs",
    "Version": "6.0_p20171125-r1",
    "Release": "",
    "Epoch": 0,
    "Arch": "",
    "SrcName": "",
    "SrcVersion": "",
    "SrcRelease": "",
    "SrcEpoch":0,
    "LayerID":"sha256:2f4a5c9187c249834ebc28783bd3c65bdcbacaa8baa6620ddaa27846dd3ef708"
  },
  {
    "Name": "libedit",
    "Version": "20170329.3.1-r3",
    "Release": "",
    "Epoch": 0,
    "Arch": "",
    "SrcName": "",
    "SrcVersion": "",
    "SrcRelease": "",
    "SrcEpoch":0,
    "LayerID":"sha256:2f4a5c9187c249834ebc28783bd3c65bdcbacaa8baa6620ddaa27846dd3ef708"
  },
  {
    "Name": "libsodium",
    "Version": "1.0.15-r0",
    "Release": "",
    "Epoch": 0,
    "Arch": "",
    "SrcName": "",
    "SrcVersion": "",
    "SrcRelease": "",
    "SrcEpoch":0,
    "LayerID":"sha256:2f4a5c9187c249834ebc28783bd3c65bdcbacaa8baa6620ddaa27846dd3ef708"
  },
  {
    "Name": "libxml2",
    "Version": "2.9.7-r0",
    "Release": "",
    "Epoch": 0,
    "Arch": "",
    "SrcName": "",
    "SrcVersion": "",
    "SrcRelease": "",
    "SrcEpoch":0,
    "LayerID":"sha256:2f4a5c9187c249834ebc28783bd3c65bdcbacaa8baa6620ddaa27846dd3ef708"
  },
  {
    "Name": ".php-rundeps",
    "Version": "0",
    "Release": "",
    "Epoch": 0,
    "Arch": "",
    "SrcName": "",
    "SrcVersion": "",
    "SrcRelease": "",
    "SrcEpoch":0,
    "LayerID":"sha256:2f4a5c9187c249834ebc28783bd3c65bdcbacaa8baa6620ddaa27846dd3ef708"
  },
  {
    "Name": "pkgconf",
    "Version": "1.3.10-r0",
    "Release": "",
    "Epoch": 0,
    "Arch": "",
    "SrcName": "",
    "SrcVersion": "",
    "SrcRelease": "",
    "SrcEpoch":0,
    "LayerID":"sha256:2f4a5c9187c249834ebc28783bd3c65bdcbacaa8baa6620ddaa27846dd3ef708"
  },
  {
    "Name": "readline",
    "Version": "7.0.003-r0",
    "Release": "",
    "Epoch": 0,
    "Arch": "",
    "SrcName": "",
    "SrcVersion": "",
    "SrcRelease": "",
    "SrcEpoch":0,
    "LayerID":"sha256:2f4a5c9187c249834ebc28783bd3c65bdcbacaa8baa6620ddaa27846dd3ef708"
  },
  {
    "Name": "bash",
    "Version": "4.4.19-r1",
    "Release": "",
    "Epoch": 0,
    "Arch": "",
    "SrcName": "",
    "SrcVersion": "",
    "SrcRelease": "",
    "SrcEpoch":0,
    "LayerID":"sha256:2f4a5c9187c249834ebc28783bd3c65bdcbacaa8baa6620ddaa27846dd3ef708"
  },
  {
    "Name": "expat",
    "Version": "2.2.5-r0",
    "Release": "",
    "Epoch": 0,
    "Arch": "",
    "SrcName": "",
    "SrcVersion": "",
    "SrcRelease": "",
    "SrcEpoch":0,
    "LayerID":"sha256:2f4a5c9187c249834ebc28783bd3c65bdcbacaa8baa6620ddaa27846dd3ef708"
  },
  {
    "Name": "pcre2",
    "Version": "10.30-r0",
    "Release": "",
    "Epoch": 0,
    "Arch": "",
    "SrcName": "",
    "SrcVersion": "",
    "SrcRelease": "",
    "SrcEpoch":0,
    "LayerID":"sha256:2f4a5c9187c249834ebc28783bd3c65bdcbacaa8baa6620ddaa27846dd3ef708"
  },
  {
    "Name": "git",
    "Version": "2.15.2-r0",
    "Release": "",
    "Epoch": 0,
    "Arch": "",
    "SrcName": "",
    "SrcVersion": "",
    "SrcRelease": "",
    "SrcEpoch":0,
    "LayerID":"sha256:2f4a5c9187c249834ebc28783bd3c65bdcbacaa8baa6620ddaa27846dd3ef708"
  },
  {
    "Name": "bzip2",
    "Version": "1.0.6-r6",
    "Release": "",
    "Epoch": 0,
    "Arch": "",
    "SrcName": "",
    "SrcVersion": "",
    "SrcRelease": "",
    "SrcEpoch":0,
    "LayerID":"sha256:2f4a5c9187c249834ebc28783bd3c65bdcbacaa8baa6620ddaa27846dd3ef708"
  },
  {
    "Name": "libbz2",
    "Version": "1.0.6-r6",
    "Release": "",
    "Epoch": 0,
    "Arch": "",
    "SrcName": "",
    "SrcVersion": "",
    "SrcRelease": "",
    "SrcEpoch":0,
    "LayerID":"sha256:2f4a5c9187c249834ebc28783bd3c65bdcbacaa8baa6620ddaa27846dd3ef708"
  },
  {
    "Name": "libffi",
    "Version": "3.2.1-r4",
    "Release": "",
    "Epoch": 0,
    "Arch": "",
    "SrcName": "",
    "SrcVersion": "",
    "SrcRelease": "",
    "SrcEpoch":0,
    "LayerID":"sha256:2f4a5c9187c249834ebc28783bd3c65bdcbacaa8baa6620ddaa27846dd3ef708"
  },
  {
    "Name": "gdbm",
    "Version": "1.13-r1",
    "Release": "",
    "Epoch": 0,
    "Arch": "",
    "SrcName": "",
    "SrcVersion": "",
    "SrcRelease": "",
    "SrcEpoch":0,
    "LayerID":"sha256:2f4a5c9187c249834ebc28783bd3c65bdcbacaa8baa6620ddaa27846dd3ef708"
  },
  {
    "Name": "sqlite",
    "Version": "3.21.0-r1",
    "Release": "",
    "Epoch": 0,
    "Arch": "",
    "SrcName": "",
    "SrcVersion": "",
    "SrcRelease": "",
    "SrcEpoch":0,
    "LayerID":"sha256:2f4a5c9187c249834ebc28783bd3c65bdcbacaa8baa6620ddaa27846dd3ef708"
  },
  {
    "Name": "sqlite-libs",
    "Version": "3.21.0-r1",
    "Release": "",
    "Epoch": 0,
    "Arch": "",
    "SrcName": "",
    "SrcVersion": "",
    "SrcRelease": "",
    "SrcEpoch":0,
    "LayerID":"sha256:2f4a5c9187c249834ebc28783bd3c65bdcbacaa8baa6620ddaa27846dd3ef708"
  },
  {
    "Name": "python2",
    "Version": "2.7.15-r2",
    "Release": "",
    "Epoch": 0,
    "Arch": "",
    "SrcName": "",
    "SrcVersion": "",
    "SrcRelease": "",
    "SrcEpoch":0,
    "LayerID":"sha256:2f4a5c9187c249834ebc28783bd3c65bdcbacaa8baa6620ddaa27846dd3ef708"
  },
  {
    "Name": "mercurial",
    "Version": "4.5.2-r0",
    "Release": "",
    "Epoch": 0,
    "Arch": "",
    "SrcName": "",
    "SrcVersion": "",
    "SrcRelease": "",
    "SrcEpoch":0,
    "LayerID":"sha256:2f4a5c9187c249834ebc28783bd3c65bdcbacaa8baa6620ddaa27846dd3ef708"
  },
  {
    "Name": "openssh",
    "Version": "7.5_p1-r9",
    "Release": "",
    "Epoch": 0,
    "Arch": "",
    "SrcName": "",
    "SrcVersion": "",
    "SrcRelease": "",
    "SrcEpoch":0,
    "LayerID":"sha256:2f4a5c9187c249834ebc28783bd3c65bdcbacaa8baa6620ddaa27846dd3ef708"
  },
  {
    "Name": "openssh-keygen",
    "Version": "7.5_p1-r9",
    "Release": "",
    "Epoch": 0,
    "Arch": "",
    "SrcName": "",
    "SrcVersion": "",
    "SrcRelease": "",
    "SrcEpoch":0,
    "LayerID":"sha256:2f4a5c9187c249834ebc28783bd3c65bdcbacaa8baa6620ddaa27846dd3ef708"
  },
  {
    "Name": "openssh-client",
    "Version": "7.5_p1-r9",
    "Release": "",
    "Epoch": 0,
    "Arch": "",
    "SrcName": "",
    "SrcVersion": "",
    "SrcRelease": "",
    "SrcEpoch":0,
    "LayerID":"sha256:2f4a5c9187c249834ebc28783bd3c65bdcbacaa8baa6620ddaa27846dd3ef708"
  },
  {
    "Name": "openssh-sftp-server",
    "Version": "7.5_p1-r9",
    "Release": "",
    "Epoch": 0,
    "Arch": "",
    "SrcName": "",
    "SrcVersion": "",
    "SrcRelease": "",
    "SrcEpoch":0,
    "LayerID":"sha256:2f4a5c9187c249834ebc28783bd3c65bdcbacaa8baa6620ddaa27846dd3ef708"
  },
  {
    "Name": "openssh-server-common",
    "Version": "7.5_p1-r9",
    "Release": "",
    "Epoch": 0,
    "Arch": "",
    "SrcName": "",
    "SrcVersion": "",
    "SrcRelease": "",
    "SrcEpoch":0,
    "LayerID":"sha256:2f4a5c9187c249834ebc28783bd3c65bdcbacaa8baa6620ddaa27846dd3ef708"
  },
  {
    "Name": "openssh-server",
    "Version": "7.5_p1-r9",
    "Release": "",
    "Epoch": 0,
    "Arch": "",
    "SrcName": "",
    "SrcVersion": "",
    "SrcRelease": "",
    "SrcEpoch":0,
    "LayerID":"sha256:2f4a5c9187c249834ebc28783bd3c65bdcbacaa8baa6620ddaa27846dd3ef708"
  },
  {
    "Name": "patch",
    "Version": "2.7.5-r2",
    "Release": "",
    "Epoch": 0,
    "Arch": "",
    "SrcName": "",
    "SrcVersion": "",
    "SrcRelease": "",
    "SrcEpoch":0,
    "LayerID":"sha256:2f4a5c9187c249834ebc28783bd3c65bdcbacaa8baa6620ddaa27846dd3ef708"
  },
  {
    "Name": "util-linux",
    "Version": "2.31-r0",
    "Release": "",
    "Epoch": 0,
    "Arch": "",
    "SrcName": "",
    "SrcVersion": "",
    "SrcRelease": "",
    "SrcEpoch":0,
    "LayerID":"sha256:2f4a5c9187c249834ebc28783bd3c65bdcbacaa8baa6620ddaa27846dd3ef708"
  },
  {
    "Name": "libuuid",
    "Version": "2.31-r0",
    "Release": "",
    "Epoch": 0,
    "Arch": "",
    "SrcName": "",
    "SrcVersion": "",
    "SrcRelease": "",
    "SrcEpoch":0,
    "LayerID":"sha256:2f4a5c9187c249834ebc28783bd3c65bdcbacaa8baa6620ddaa27846dd3ef708"
  },
  {
    "Name": "apr",
    "Version": "1.6.3-r0",
    "Release": "",
    "Epoch": 0,
    "Arch": "",
    "SrcName": "",
    "SrcVersion": "",
    "SrcRelease": "",
    "SrcEpoch":0,
    "LayerID":"sha256:2f4a5c9187c249834ebc28783bd3c65bdcbacaa8baa6620ddaa27846dd3ef708"
  },
  {
    "Name": "apr-util",
    "Version": "1.6.1-r1",
    "Release": "",
    "Epoch": 0,
    "Arch": "",
    "SrcName": "",
    "SrcVersion": "",
    "SrcRelease": "",
    "SrcEpoch":0,
    "LayerID":"sha256:2f4a5c9187c249834ebc28783bd3c65bdcbacaa8baa6620ddaa27846dd3ef708"
  },
  {
    "Name": "db",
    "Version": "5.3.28-r0",
    "Release": "",
    "Epoch": 0,
    "Arch": "",
    "SrcName": "",
    "SrcVersion": "",
    "SrcRelease": "",
    "SrcEpoch":0,
    "LayerID":"sha256:2f4a5c9187c249834ebc28783bd3c65bdcbacaa8baa6620ddaa27846dd3ef708"
  },
  {
    "Name": "cyrus-sasl",
    "Version": "2.1.26-r11",
    "Release": "",
    "Epoch": 0,
    "Arch": "",
    "SrcName": "",
    "SrcVersion": "",
    "SrcRelease": "",
    "SrcEpoch":0,
    "LayerID":"sha256:2f4a5c9187c249834ebc28783bd3c65bdcbacaa8baa6620ddaa27846dd3ef708"
  },
  {
    "Name": "libsasl",
    "Version": "2.1.26-r11",
    "Release": "",
    "Epoch": 0,
    "Arch": "",
    "SrcName": "",
    "SrcVersion": "",
    "SrcRelease": "",
    "SrcEpoch":0,
    "LayerID":"sha256:2f4a5c9187c249834ebc28783bd3c65bdcbacaa8baa6620ddaa27846dd3ef708"
  },
  {
    "Name": "serf",
    "Version": "1.3.9-r3",
    "Release": "",
    "Epoch": 0,
    "Arch": "",
    "SrcName": "",
    "SrcVersion": "",
    "SrcRelease": "",
    "SrcEpoch":0,
    "LayerID":"sha256:2f4a5c9187c249834ebc28783bd3c65bdcbacaa8baa6620ddaa27846dd3ef708"
  },
  {
    "Name": "subversion",
    "Version": "1.9.7-r0",
    "Release": "",
    "Epoch": 0,
    "Arch": "",
    "SrcName": "",
    "SrcVersion": "",
    "SrcRelease": "",
    "SrcEpoch":0,
    "LayerID":"sha256:2f4a5c9187c249834ebc28783bd3c65bdcbacaa8baa6620ddaa27846dd3ef708"
  },
  {
    "Name": "subversion-libs",
    "Version": "1.9.7-r0",
    "Release": "",
    "Epoch": 0,
    "Arch": "",
    "SrcName": "",
    "SrcVersion": "",
    "SrcRelease": "",
    "SrcEpoch":0,
    "LayerID":"sha256:2f4a5c9187c249834ebc28783bd3c65bdcbacaa8baa6620ddaa27846dd3ef708"
  },
  {
    "Name": "tini",
    "Version": "0.16.1-r0",
    "Release": "",
    "Epoch": 0,
    "Arch": "",
    "SrcName": "",
    "SrcVersion": "",
    "SrcRelease": "",
    "SrcEpoch":0,
    "LayerID":"sha256:2f4a5c9187c249834ebc28783bd3c65bdcbacaa8baa6620ddaa27846dd3ef708"
  },
  {
    "Name": ".composer-phpext-rundeps",
    "Version": "0",
    "Release": "",
    "Epoch": 0,
    "Arch": "",
    "SrcName": "",
    "SrcVersion": "",
    "SrcRelease": "",
    "SrcEpoch":0,
    "LayerID":"sha256:2f4a5c9187c249834ebc28783bd3c65bdcbacaa8baa6620ddaa27846dd3ef708"
  }
]