[
  {
    "Name": "ncurses-base",
    "Version": "6.1",
    "Release": "7.20180224.el8",
    "Epoch": 0,
    "Arch": "noarch",
    "SrcName": "ncurses",
    "SrcVersion": "6.1",
    "SrcRelease": "7.20180224.el8",
    "SrcEpoch":0,
    "LayerID":"sha256:e3196b7450602f5547c52d197255dfa96a006ea9c52c19bf3ba2d5412a4b161e"
  },
  {
    "Name": "publicsuffix-list-dafsa",
    "Version": "20180723",
    "Release": "1.el8",
    "Epoch": 0,
    "Arch": "noarch",
    "SrcName": "publicsuffix-list",
    "SrcVersion": "20180723",
    "SrcRelease": "1.el8",
    "SrcEpoch":0,
    "LayerID":"sha256:e3196b7450602f5547c52d197255dfa96a006ea9c52c19bf3ba2d5412a4b161e"
  },
  {
    "Name": "pcre2",
    "Version": "10.32",
    "Release": "1.el8",
    "Epoch": 0,
    "Arch": "x86_64",
    "SrcName": "pcre2",
    "SrcVersion": "10.32",
    "SrcRelease": "1.el8",
    "SrcEpoch":0,
    "LayerID":"sha256:e3196b7450602f5547c52d197255dfa96a006ea9c52c19bf3ba2d5412a4b161e"
  },
  {
    "Name": "setup",
    "Version": "2.12.2",
    "Release": "2.el8",
    "Epoch": 0,
    "Arch": "noarch",
    "SrcName": "setup",
    "SrcVersion": "2.12.2",
    "SrcRelease": "2.el8",
    "SrcEpoch":0,
    "LayerID":"sha256:e3196b7450602f5547c52d197255dfa96a006ea9c52c19bf3ba2d5412a4b161e"
  },
  {
    "Name": "basesystem",
    "Version": "11",
    "Release": "5.el8",
    "Epoch": 0,
    "Arch": "noarch",
    "SrcName": "basesystem",
    "SrcVersion": "11",
    "SrcRelease": "5.el8",
    "SrcEpoch":0,
    "LayerID":"sha256:e3196b7450602f5547c52d197255dfa96a006ea9c52c19bf3ba2d5412a4b161e"
  },
  {
    "Name": "libselinux",
    "Version": "2.8",
    "Release": "6.el8",
    "Epoch": 0,
    "Arch": "x86_64",
    "SrcName": "libselinux",
    "SrcVersion": "2.8",
    "SrcRelease": "6.el8",
    "SrcEpoch":0,
    "LayerID":"sha256:e3196b7450602f5547c52d197255dfa96a006ea9c52c19bf3ba2d5412a4b161e"
  },
  {
    "Name": "bash",
    "Version": "4.4.19",
    "Release": "8.el8_0",
    "Epoch": 0,
    "Arch": "x86_64",
    "SrcName": "bash",
    "SrcVersion": "4.4.19",
    "SrcRelease": "8.el8_0",
    "SrcEpoch":0,
    "LayerID":"sha256:e3196b7450602f5547c52d197255dfa96a006ea9c52c19bf3ba2d5412a4b161e"
  },
  {
    "Name": "glibc",
    "Version": "2.28",
    "Release": "42.0.1.el8_0.1",
    "Epoch": 0,
    "Arch": "x86_64",
    "SrcName": "glibc",
    "SrcVersion": "2.28",
    "SrcRelease": "42.0.1.el8_0.1",
    "SrcEpoch":0,
    "LayerID":"sha256:e3196b7450602f5547c52d197255dfa96a006ea9c52c19bf3ba2d5412a4b161e"
  },
  {
    "Name": "zlib",
    "Version": "1.2.11",
    "Release": "10.el8",
    "Epoch": 0,
    "Arch": "x86_64",
    "SrcName": "zlib",
    "SrcVersion": "1.2.11",
    "SrcRelease": "10.el8",
    "SrcEpoch":0,
    "LayerID":"sha256:e3196b7450602f5547c52d197255dfa96a006ea9c52c19bf3ba2d5412a4b161e"
  },
  {
    "Name": "info",
    "Version": "6.5",
    "Release": "4.el8",
    "Epoch": 0,
    "Arch": "x86_64",
    "SrcName": "texinfo",
    "SrcVersion": "6.5",
    "SrcRelease": "4.el8",
    "SrcEpoch":0,
    "LayerID":"sha256:e3196b7450602f5547c52d197255dfa96a006ea9c52c19bf3ba2d5412a4b161e"
  },
  {
    "Name": "bzip2-libs",
    "Version": "1.0.6",
    "Release": "26.el8",
    "Epoch": 0,
    "Arch": "x86_64",
    "SrcName": "bzip2",
    "SrcVersion": "1.0.6",
    "SrcRelease": "26.el8",
    "SrcEpoch":0,
    "LayerID":"sha256:e3196b7450602f5547c52d197255dfa96a006ea9c52c19bf3ba2d5412a4b161e"
  },
  {
    "Name": "libcom_err",
    "Version": "1.44.3",
    "Release": "2.el8",
    "Epoch": 0,
    "Arch": "x86_64",
    "SrcName": "e2fsprogs",
    "SrcVersion": "1.44.3",
    "SrcRelease": "2.el8",
    "SrcEpoch":0,
    "LayerID":"sha256:e3196b7450602f5547c52d197255dfa96a006ea9c52c19bf3ba2d5412a4b161e"
  },
  {
    "Name": "libffi",
    "Version": "3.1",
    "Release": "18.el8",
    "Epoch": 0,
    "Arch": "x86_64",
    "SrcName": "libffi",
    "SrcVersion": "3.1",
    "SrcRelease": "18.el8",
    "SrcEpoch":0,
    "LayerID":"sha256:e3196b7450602f5547c52d197255dfa96a006ea9c52c19bf3ba2d5412a4b161e"
  },
  {
    "Name": "libxml2",
    "Version": "2.9.7",
    "Release": "5.0.1.el8",
    "Epoch": 0,
    "Arch": "x86_64",
    "SrcName": "libxml2",
    "SrcVersion": "2.9.7",
    "SrcRelease": "5.0.1.el8",
    "SrcEpoch":0,
    "LayerID":"sha256:e3196b7450602f5547c52d197255dfa96a006ea9c52c19bf3ba2d5412a4b161e"
  },
  {
    "Name": "libidn2",
    "Version": "2.0.5",
    "Release": "1.el8",
    "Epoch": 0,
    "Arch": "x86_64",
    "SrcName": "libidn2",
    "SrcVersion": "2.0.5",
    "SrcRelease": "1.el8",
    "SrcEpoch":0,
    "LayerID":"sha256:e3196b7450602f5547c52d197255dfa96a006ea9c52c19bf3ba2d5412a4b161e"
  },
  {
    "Name": "readline",
    "Version": "7.0",
    "Release": "10.el8",
    "Epoch": 0,
    "Arch": "x86_64",
    "SrcName": "readline",
    "SrcVersion": "7.0",
    "SrcRelease": "10.el8",
    "SrcEpoch":0,
    "LayerID":"sha256:e3196b7450602f5547c52d197255dfa96a006ea9c52c19bf3ba2d5412a4b161e"
  },
  {
    "Name": "libassuan",
    "Version": "2.5.1",
    "Release": "3.el8",
    "Epoch": 0,
    "Arch": "x86_64",
    "SrcName": "libassuan",
    "SrcVersion": "2.5.1",
    "SrcRelease": "3.el8",
    "SrcEpoch":0,
    "LayerID":"sha256:e3196b7450602f5547c52d197255dfa96a006ea9c52c19bf3ba2d5412a4b161e"
  },
  {
    "Name": "elfutils-libelf",
    "Version": "0.174",
    "Release": "6.el8",
    "Epoch": 0,
    "Arch": "x86_64",
    "SrcName": "elfutils",
    "SrcVersion": "0.174",
    "SrcRelease": "6.el8",
    "SrcEpoch":0,
    "LayerID":"sha256:e3196b7450602f5547c52d197255dfa96a006ea9c52c19bf3ba2d5412a4b161e"
  },
  {
    "Name": "lua-libs",
    "Version": "5.3.4",
    "Release": "10.el8",
    "Epoch": 0,
    "Arch": "x86_64",
    "SrcName": "lua",
    "SrcVersion": "5.3.4",
    "SrcRelease": "10.el8",
    "SrcEpoch":0,
    "LayerID":"sha256:e3196b7450602f5547c52d197255dfa96a006ea9c52c19bf3ba2d5412a4b161e"
  },
  {
    "Name": "libacl",
    "Version": "2.2.53",
    "Release": "1.el8",
    "Epoch": 0,
    "Arch": "x86_64",
    "SrcName": "acl",
    "SrcVersion": "2.2.53",
    "SrcRelease": "1.el8",
    "SrcEpoch":0,
    "LayerID":"sha256:e3196b7450602f5547c52d197255dfa96a006ea9c52c19bf3ba2d5412a4b161e"
  },
  {
    "Name": "sed",
    "Version": "4.5",
    "Release": "1.el8",
    "Epoch": 0,
    "Arch": "x86_64",
    "SrcName": "sed",
    "SrcVersion": "4.5",
    "SrcRelease": "1.el8",
    "SrcEpoch":0,
    "LayerID":"sha256:e3196b7450602f5547c52d197255dfa96a006ea9c52c19bf3ba2d5412a4b161e"
  },
  {
    "Name": "grep",
    "Version": "3.1",
    "Release": "6.el8",
    "Epoch": 0,
    "Arch": "x86_64",
    "SrcName": "grep",
    "SrcVersion": "3.1",
    "SrcRelease": "6.el8",
    "SrcEpoch":0,
    "LayerID":"sha256:e3196b7450602f5547c52d197255dfa96a006ea9c52c19bf3ba2d5412a4b161e"
  },
  {
    "Name": "libtasn1",
    "Version": "4.13",
    "Release": "3.el8",
    "Epoch": 0,
    "Arch": "x86_64",
    "SrcName": "libtasn1",
    "SrcVersion": "4.13",
    "SrcRelease": "3.el8",
    "SrcEpoch":0,
    "LayerID":"sha256:e3196b7450602f5547c52d197255dfa96a006ea9c52c19bf3ba2d5412a4b161e"
  },
  {
    "Name": "lz4-libs",
    "Version": "1.8.1.2",
    "Release": "4.el8",
    "Epoch": 0,
    "Arch": "x86_64",
    "SrcName": "lz4",
    "SrcVersion": "1.8.1.2",
    "SrcRelease": "4.el8",
    "SrcEpoch":0,
    "LayerID":"sha256:e3196b7450602f5547c52d197255dfa96a006ea9c52c19bf3ba2d5412a4b161e"
  },
  {
    "Name": "libmount",
    "Version": "2.32.1",
    "Release": "8.el8",
    "Epoch": 0,
    "Arch": "x86_64",
    "SrcName": "util-linux",
    "SrcVersion": "2.32.1",
    "SrcRelease": "8.el8",
    "SrcEpoch":0,
    "LayerID":"sha256:e3196b7450602f5547c52d197255dfa96a006ea9c52c19bf3ba2d5412a4b161e"
  },
  {
    "Name": "gobject-introspection",
    "Version": "1.56.1",
    "Release": "1.el8",
    "Epoch": 0,
    "Arch": "x86_64",
    "SrcName": "gobject-introspection",
    "SrcVersion": "1.56.1",
    "SrcRelease": "1.el8",
    "SrcEpoch":0,
    "LayerID":"sha256:e3196b7450602f5547c52d197255dfa96a006ea9c52c19bf3ba2d5412a4b161e"
  },
  {
    "Name": "systemd-libs",
    "Version": "239",
    "Release": "13.0.1.el8_0.5",
    "Epoch": 0,
    "Arch": "x86_64",
    "SrcName": "systemd",
    "SrcVersion": "239",
    "SrcRelease": "13.0.1.el8_0.5",
    "SrcEpoch":0,
    "LayerID":"sha256:e3196b7450602f5547c52d197255dfa96a006ea9c52c19bf3ba2d5412a4b161e"
  },
  {
    "Name": "chkconfig",
    "Version": "1.11",
    "Release": "1.el8",
    "Epoch": 0,
    "Arch": "x86_64",
    "SrcName": "chkconfig",
    "SrcVersion": "1.11",
    "SrcRelease": "1.el8",
    "SrcEpoch":0,
    "LayerID":"sha256:e3196b7450602f5547c52d197255dfa96a006ea9c52c19bf3ba2d5412a4b161e"
  },
  {
    "Name": "ca-certificates",
    "Version": "2018.2.24",
    "Release": "6.el8",
    "Epoch": 0,
    "Arch": "noarch",
    "SrcName": "ca-certificates",
    "SrcVersion": "2018.2.24",
    "SrcRelease": "6.el8",
    "SrcEpoch":0,
    "LayerID":"sha256:e3196b7450602f5547c52d197255dfa96a006ea9c52c19bf3ba2d5412a4b161e"
  },
  {
    "Name": "libdb",
    "Version": "5.3.28",
    "Release": "36.el8",
    "Epoch": 0,
    "Arch": "x86_64",
    "SrcName": "libdb",
    "SrcVersion": "5.3.28",
    "SrcRelease": "36.el8",
    "SrcEpoch":0,
    "LayerID":"sha256:e3196b7450602f5547c52d197255dfa96a006ea9c52c19bf3ba2d5412a4b161e"
  },
  {
    "Name": "libarchive",
    "Version": "3.3.2",
    "Release": "3.el8",
    "Epoch": 0,
    "Arch": "x86_64",
    "SrcName": "libarchive",
    "SrcVersion": "3.3.2",
    "SrcRelease": "3.el8",
    "SrcEpoch":0,
    "LayerID":"sha256:e3196b7450602f5547c52d197255dfa96a006ea9c52c19bf3ba2d5412a4b161e"
  },
  {
    "Name": "mpfr",
    "Version": "3.1.6",
    "Release": "1.el8",
    "Epoch": 0,
    "Arch": "x86_64",
    "SrcName": "mpfr",
    "SrcVersion": "3.1.6",
    "SrcRelease": "1.el8",
    "SrcEpoch":0,
    "LayerID":"sha256:e3196b7450602f5547c52d197255dfa96a006ea9c52c19bf3ba2d5412a4b161e"
  },
  {
    "Name": "gnutls",
    "Version": "3.6.5",
    "Release": "2.el8",
    "Epoch": 0,
    "Arch": "x86_64",
    "SrcName": "gnutls",
    "SrcVersion": "3.6.5",
    "SrcRelease": "2.el8",
    "SrcEpoch":0,
    "LayerID":"sha256:e3196b7450602f5547c52d197255dfa96a006ea9c52c19bf3ba2d5412a4b161e"
  },
  {
    "Name": "expat",
    "Version": "2.2.5",
    "Release": "3.el8",
    "Epoch": 0,
    "Arch": "x86_64",
    "SrcName": "expat",
    "SrcVersion": "2.2.5",
    "SrcRelease": "3.el8",
    "SrcEpoch":0,
    "LayerID":"sha256:e3196b7450602f5547c52d197255dfa96a006ea9c52c19bf3ba2d5412a4b161e"
  },
  {
    "Name": "json-c",
    "Version": "0.13.1",
    "Release": "0.2.el8",
    "Epoch": 0,
    "Arch": "x86_64",
    "SrcName": "json-c",
    "SrcVersion": "0.13.1",
    "SrcRelease": "0.2.el8",
    "SrcEpoch":0,
    "LayerID":"sha256:e3196b7450602f5547c52d197255dfa96a006ea9c52c19bf3ba2d5412a4b161e"
  },
  {
    "Name": "brotli",
    "Version": "1.0.6",
    "Release": "1.el8",
    "Epoch": 0,
    "Arch": "x86_64",
    "SrcName": "brotli",
    "SrcVersion": "1.0.6",
    "SrcRelease": "1.el8",
    "SrcEpoch":0,
    "LayerID":"sha256:e3196b7450602f5547c52d197255dfa96a006ea9c52c19bf3ba2d5412a4b161e"
  },
  {
    "Name": "npth",
    "Version": "1.5",
    "Release": "4.el8",
    "Epoch": 0,
    "Arch": "x86_64",
    "SrcName": "npth",
    "SrcVersion": "1.5",
    "SrcRelease": "4.el8",
    "SrcEpoch":0,
    "LayerID":"sha256:e3196b7450602f5547c52d197255dfa96a006ea9c52c19bf3ba2d5412a4b161e"
  },
  {
    "Name": "libnghttp2",
    "Version": "1.33.0",
    "Release": "1.el8_0.1",
    "Epoch": 0,
    "Arch": "x86_64",
    "SrcName": "nghttp2",
    "SrcVersion": "1.33.0",
    "SrcRelease": "1.el8_0.1",
    "SrcEpoch":0,
    "LayerID":"sha256:e3196b7450602f5547c52d197255dfa96a006ea9c52c19bf3ba2d5412a4b161e"
  },
  {
    "Name": "libyaml",
    "Version": "0.1.7",
    "Release": "5.el8",
    "Epoch": 0,
    "Arch": "x86_64",
    "SrcName": "libyaml",
    "SrcVersion": "0.1.7",
    "SrcRelease": "5.el8",
    "SrcEpoch":0,
    "LayerID":"sha256:e3196b7450602f5547c52d197255dfa96a006ea9c52c19bf3ba2d5412a4b161e"
  },
  {
    "Name": "libsigsegv",
    "Version": "2.11",
    "Release": "5.el8",
    "Epoch": 0,
    "Arch": "x86_64",
    "SrcName": "libsigsegv",
    "SrcVersion": "2.11",
    "SrcRelease": "5.el8",
    "SrcEpoch":0,
    "LayerID":"sha256:e3196b7450602f5547c52d197255dfa96a006ea9c52c19bf3ba2d5412a4b161e"
  },
  {
    "Name": "krb5-libs",
    "Version": "1.16.1",
    "Release": "22.el8",
    "Epoch": 0,
    "Arch": "x86_64",
    "SrcName": "krb5",
    "SrcVersion": "1.16.1",
    "SrcRelease": "22.el8",
    "SrcEpoch":0,
    "LayerID":"sha256:e3196b7450602f5547c52d197255dfa96a006ea9c52c19bf3ba2d5412a4b161e"
  },
  {
    "Name": "cyrus-sasl-lib",
    "Version": "2.1.27",
    "Release": "0.3rc7.el8",
    "Epoch": 0,
    "Arch": "x86_64",
    "SrcName": "cyrus-sasl",
    "SrcVersion": "2.1.27",
    "SrcRelease": "0.3rc7.el8",
    "SrcEpoch":0,
    "LayerID":"sha256:e3196b7450602f5547c52d197255dfa96a006ea9c52c19bf3ba2d5412a4b161e"
  },
  {
    "Name": "libcurl",
    "Version": "7.61.1",
    "Release": "8.el8",
    "Epoch": 0,
    "Arch": "x86_64",
    "SrcName": "curl",
    "SrcVersion": "7.61.1",
    "SrcRelease": "8.el8",
    "SrcEpoch":0,
    "LayerID":"sha256:e3196b7450602f5547c52d197255dfa96a006ea9c52c19bf3ba2d5412a4b161e"
  },
  {
    "Name": "gnupg2",
    "Version": "2.2.9",
    "Release": "1.el8",
    "Epoch": 0,
    "Arch": "x86_64",
    "SrcName": "gnupg2",
    "SrcVersion": "2.2.9",
    "SrcRelease": "1.el8",
    "SrcEpoch":0,
    "LayerID":"sha256:e3196b7450602f5547c52d197255dfa96a006ea9c52c19bf3ba2d5412a4b161e"
  },
  {
    "Name": "librepo",
    "Version": "1.9.2",
    "Release": "1.el8",
    "Epoch": 0,
    "Arch": "x86_64",
    "SrcName": "librepo",
    "SrcVersion": "1.9.2",
    "SrcRelease": "1.el8",
    "SrcEpoch":0,
    "LayerID":"sha256:e3196b7450602f5547c52d197255dfa96a006ea9c52c19bf3ba2d5412a4b161e"
  },
  {
    "Name": "audit-libs",
    "Version": "3.0",
    "Release": "0.10.20180831git0047a6c.el8",
    "Epoch": 0,
    "Arch": "x86_64",
    "SrcName": "audit",
    "SrcVersion": "3.0",
    "SrcRelease": "0.10.20180831git0047a6c.el8",
    "SrcEpoch":0,
    "LayerID":"sha256:e3196b7450602f5547c52d197255dfa96a006ea9c52c19bf3ba2d5412a4b161e"
  },
  {
    "Name": "rpm",
    "Version": "4.14.2",
    "Release": "11.el8_0",
    "Epoch": 0,
    "Arch": "x86_64",
    "SrcName": "rpm",
    "SrcVersion": "4.14.2",
    "SrcRelease": "11.el8_0",
    "SrcEpoch":0,
    "LayerID":"sha256:e3196b7450602f5547c52d197255dfa96a006ea9c52c19bf3ba2d5412a4b161e"
  },
  {
    "Name": "libdnf",
    "Version": "0.22.5",
    "Release": "5.0.2.el8",
    "Epoch": 0,
    "Arch": "x86_64",
    "SrcName": "libdnf",
    "SrcVersion": "0.22.5",
    "SrcRelease": "5.0.2.el8",
    "SrcEpoch":0,
    "LayerID":"sha256:e3196b7450602f5547c52d197255dfa96a006ea9c52c19bf3ba2d5412a4b161e"
  },
  {
    "Name": "oraclelinux-release-el8",
    "Version": "1.0",
    "Release": "4.el8",
    "Epoch": 0,
    "Arch": "x86_64",
    "SrcName": "oraclelinux-release-el8",
    "SrcVersion": "1.0",
    "SrcRelease": "4.el8",
    "SrcEpoch":0,
    "LayerID":"sha256:e3196b7450602f5547c52d197255dfa96a006ea9c52c19bf3ba2d5412a4b161e"
  },
  {
    "Name": "libgcc",
    "Version": "8.2.1",
    "Release": "3.5.0.1.el8",
    "Epoch": 0,
    "Arch": "x86_64",
    "SrcName": "gcc",
    "SrcVersion": "8.2.1",
    "SrcRelease": "3.5.0.1.el8",
    "SrcEpoch":0,
    "LayerID":"sha256:e3196b7450602f5547c52d197255dfa96a006ea9c52c19bf3ba2d5412a4b161e"
  },
  {
    "Name": "tzdata",
    "Version": "2019c",
    "Release": "1.el8",
    "Epoch": 0,
    "Arch": "noarch",
    "SrcName": "tzdata",
    "SrcVersion": "2019c",
    "SrcRelease": "1.el8",
    "SrcEpoch":0,
    "LayerID":"sha256:e3196b7450602f5547c52d197255dfa96a006ea9c52c19bf3ba2d5412a4b161e"
  },
  {
    "Name": "redhat-release",
    "Version": "8.0",
    "Release": "0.44.0.1.el8",
    "Epoch": 2,
    "Arch": "x86_64",
    "SrcName": "redhat-release",
    "SrcVersion": "8.0",
    "SrcRelease": "0.44.0.1.el8",
    "SrcEpoch": 2,
    "LayerID":"sha256:e3196b7450602f5547c52d197255dfa96a006ea9c52c19bf3ba2d5412a4b161e"
  },
  {
    "Name": "oraclelinux-release",
    "Version": "8.0",
    "Release": "1.0.14.el8",
    "Epoch": 8,
    "Arch": "x86_64",
    "SrcName": "oraclelinux-release",
    "SrcVersion": "8.0",
    "SrcRelease": "1.0.14.el8",
    "SrcEpoch": 8,
    "LayerID":"sha256:e3196b7450602f5547c52d197255dfa96a006ea9c52c19bf3ba2d5412a4b161e"
  },
  {
    "Name": "filesystem",
    "Version": "3.8",
    "Release": "2.el8",
    "Epoch": 0,
    "Arch": "x86_64",
    "SrcName": "filesystem",
    "SrcVersion": "3.8",
    "SrcRelease": "2.el8",
    "SrcEpoch":0,
    "LayerID":"sha256:e3196b7450602f5547c52d197255dfa96a006ea9c52c19bf3ba2d5412a4b161e"
  },
  {
    "Name": "ncurses-libs",
    "Version": "6.1",
    "Release": "7.20180224.el8",
    "Epoch": 0,
    "Arch": "x86_64",
    "SrcName": "ncurses",
    "SrcVersion": "6.1",
    "SrcRelease": "7.20180224.el8",
    "SrcEpoch":0,
    "LayerID":"sha256:e3196b7450602f5547c52d197255dfa96a006ea9c52c19bf3ba2d5412a4b161e"
  },
  {
    "Name": "glibc-minimal-langpack",
    "Version": "2.28",
    "Release": "42.0.1.el8_0.1",
    "Epoch": 0,
    "Arch": "x86_64",
    "SrcName": "glibc",
    "SrcVersion": "2.28",
    "SrcRelease": "42.0.1.el8_0.1",
    "SrcEpoch":0,
    "LayerID":"sha256:e3196b7450602f5547c52d197255dfa96a006ea9c52c19bf3ba2d5412a4b161e"
  },
  {
    "Name": "glibc-common",
    "Version": "2.28",
    "Release": "42.0.1.el8_0.1",
    "Epoch": 0,
    "Arch": "x86_64",
    "SrcName": "glibc",
    "SrcVersion": "2.28",
    "SrcRelease": "42.0.1.el8_0.1",
    "SrcEpoch":0,
    "LayerID":"sha256:e3196b7450602f5547c52d197255dfa96a006ea9c52c19bf3ba2d5412a4b161e"
  },
  {
    "Name": "libsepol",
    "Version": "2.8",
    "Release": "2.el8",
    "Epoch": 0,
    "Arch": "x86_64",
    "SrcName": "libsepol",
    "SrcVersion": "2.8",
    "SrcRelease": "2.el8",
    "SrcEpoch":0,
    "LayerID":"sha256:e3196b7450602f5547c52d197255dfa96a006ea9c52c19bf3ba2d5412a4b161e"
  },
  {
    "Name": "libgpg-error",
    "Version": "1.31",
    "Release": "1.el8",
    "Epoch": 0,
    "Arch": "x86_64",
    "SrcName": "libgpg-error",
    "SrcVersion": "1.31",
    "SrcRelease": "1.el8",
    "SrcEpoch":0,
    "LayerID":"sha256:e3196b7450602f5547c52d197255dfa96a006ea9c52c19bf3ba2d5412a4b161e"
  },
  {
    "Name": "xz-libs",
    "Version": "5.2.4",
    "Release": "3.el8",
    "Epoch": 0,
    "Arch": "x86_64",
    "SrcName": "xz",
    "SrcVersion": "5.2.4",
    "SrcRelease": "3.el8",
    "SrcEpoch":0,
    "LayerID":"sha256:e3196b7450602f5547c52d197255dfa96a006ea9c52c19bf3ba2d5412a4b161e"
  },
  {
    "Name": "gmp",
    "Version": "6.1.2",
    "Release": "8.el8",
    "Epoch": 1,
    "Arch": "x86_64",
    "SrcName": "gmp",
    "SrcVersion": "6.1.2",
    "SrcRelease": "8.el8",
    "SrcEpoch":1,
    "LayerID":"sha256:e3196b7450602f5547c52d197255dfa96a006ea9c52c19bf3ba2d5412a4b161e"
  },
  {
    "Name": "libcap",
    "Version": "2.25",
    "Release": "9.el8",
    "Epoch": 0,
    "Arch": "x86_64",
    "SrcName": "libcap",
    "SrcVersion": "2.25",
    "SrcRelease": "9.el8",
    "SrcEpoch":0,
    "LayerID":"sha256:e3196b7450602f5547c52d197255dfa96a006ea9c52c19bf3ba2d5412a4b161e"
  },
  {
    "Name": "p11-kit",
    "Version": "0.23.14",
    "Release": "5.el8_0",
    "Epoch": 0,
    "Arch": "x86_64",
    "SrcName": "p11-kit",
    "SrcVersion": "0.23.14",
    "SrcRelease": "5.el8_0",
    "SrcEpoch":0,
    "LayerID":"sha256:e3196b7450602f5547c52d197255dfa96a006ea9c52c19bf3ba2d5412a4b161e"
  },
  {
    "Name": "libunistring",
    "Version": "0.9.9",
    "Release": "3.el8",
    "Epoch": 0,
    "Arch": "x86_64",
    "SrcName": "libunistring",
    "SrcVersion": "0.9.9",
    "SrcRelease": "3.el8",
    "SrcEpoch":0,
    "LayerID":"sha256:e3196b7450602f5547c52d197255dfa96a006ea9c52c19bf3ba2d5412a4b161e"
  },
  {
    "Name": "popt",
    "Version": "1.16",
    "Release": "14.el8",
    "Epoch": 0,
    "Arch": "x86_64",
    "SrcName": "popt",
    "SrcVersion": "1.16",
    "SrcRelease": "14.el8",
    "SrcEpoch":0,
    "LayerID":"sha256:e3196b7450602f5547c52d197255dfa96a006ea9c52c19bf3ba2d5412a4b161e"
  },
  {
    "Name": "libgcrypt",
    "Version": "1.8.3",
    "Release": "2.el8",
    "Epoch": 0,
    "Arch": "x86_64",
    "SrcName": "libgcrypt",
    "SrcVersion": "1.8.3",
    "SrcRelease": "2.el8",
    "SrcEpoch":0,
    "LayerID":"sha256:e3196b7450602f5547c52d197255dfa96a006ea9c52c19bf3ba2d5412a4b161e"
  },
  {
    "Name": "sqlite-libs",
    "Version": "3.26.0",
    "Release": "3.el8",
    "Epoch": 0,
    "Arch": "x86_64",
    "SrcName": "sqlite",
    "SrcVersion": "3.26.0",
    "SrcRelease": "3.el8",
    "SrcEpoch":0,
    "LayerID":"sha256:e3196b7450602f5547c52d197255dfa96a006ea9c52c19bf3ba2d5412a4b161e"
  },
  {
    "Name": "libuuid",
    "Version": "2.32.1",
    "Release": "8.el8",
    "Epoch": 0,
    "Arch": "x86_64",
    "SrcName": "util-linux",
    "SrcVersion": "2.32.1",
    "SrcRelease": "8.el8",
    "SrcEpoch":0,
    "LayerID":"sha256:e3196b7450602f5547c52d197255dfa96a006ea9c52c19bf3ba2d5412a4b161e"
  },
  {
    "Name": "libattr",
    "Version": "2.4.48",
    "Release": "3.el8",
    "Epoch": 0,
    "Arch": "x86_64",
    "SrcName": "attr",
    "SrcVersion": "2.4.48",
    "SrcRelease": "3.el8",
    "SrcEpoch":0,
    "LayerID":"sha256:e3196b7450602f5547c52d197255dfa96a006ea9c52c19bf3ba2d5412a4b161e"
  },
  {
    "Name": "coreutils-single",
    "Version": "8.30",
    "Release": "6.0.1.el8",
    "Epoch": 0,
    "Arch": "x86_64",
    "SrcName": "coreutils",
    "SrcVersion": "8.30",
    "SrcRelease": "6.0.1.el8",
    "SrcEpoch":0,
    "LayerID":"sha256:e3196b7450602f5547c52d197255dfa96a006ea9c52c19bf3ba2d5412a4b161e"
  },
  {
    "Name": "pcre",
    "Version": "8.42",
    "Release": "4.el8",
    "Epoch": 0,
    "Arch": "x86_64",
    "SrcName": "pcre",
    "SrcVersion": "8.42",
    "SrcRelease": "4.el8",
    "SrcEpoch":0,
    "LayerID":"sha256:e3196b7450602f5547c52d197255dfa96a006ea9c52c19bf3ba2d5412a4b161e"
  },
  {
    "Name": "crypto-policies",
    "Version": "20181217",
    "Release": "6.git9a35207.el8",
    "Epoch": 0,
    "Arch": "noarch",
    "SrcName": "crypto-policies",
    "SrcVersion": "20181217",
    "SrcRelease": "6.git9a35207.el8",
    "SrcEpoch":0,
    "LayerID":"sha256:e3196b7450602f5547c52d197255dfa96a006ea9c52c19bf3ba2d5412a4b161e"
  },
  {
    "Name": "libsmartcols",
    "Version": "2.32.1",
    "Release": "8.el8",
    "Epoch": 0,
    "Arch": "x86_64",
    "SrcName": "util-linux",
    "SrcVersion": "2.32.1",
    "SrcRelease": "8.el8",
    "SrcEpoch":0,
    "LayerID":"sha256:e3196b7450602f5547c52d197255dfa96a006ea9c52c19bf3ba2d5412a4b161e"
  },
  {
    "Name": "libblkid",
    "Version": "2.32.1",
    "Release": "8.el8",
    "Epoch": 0,
    "Arch": "x86_64",
    "SrcName": "util-linux",
    "SrcVersion": "2.32.1",
    "SrcRelease": "8.el8",
    "SrcEpoch":0,
    "LayerID":"sha256:e3196b7450602f5547c52d197255dfa96a006ea9c52c19bf3ba2d5412a4b161e"
  },
  {
    "Name": "glib2",
    "Version": "2.56.4",
    "Release": "1.el8",
    "Epoch": 0,
    "Arch": "x86_64",
    "SrcName": "glib2",
    "SrcVersion": "2.56.4",
    "SrcRelease": "1.el8",
    "SrcEpoch":0,
    "LayerID":"sha256:e3196b7450602f5547c52d197255dfa96a006ea9c52c19bf3ba2d5412a4b161e"
  },
  {
    "Name": "libpeas",
    "Version": "1.22.0",
    "Release": "6.el8",
    "Epoch": 0,
    "Arch": "x86_64",
    "SrcName": "libpeas",
    "SrcVersion": "1.22.0",
    "SrcRelease": "6.el8",
    "SrcEpoch":0,
    "LayerID":"sha256:e3196b7450602f5547c52d197255dfa96a006ea9c52c19bf3ba2d5412a4b161e"
  },
  {
    "Name": "libusbx",
    "Version": "1.0.22",
    "Release": "1.el8",
    "Epoch": 0,
    "Arch": "x86_64",
    "SrcName": "libusbx",
    "SrcVersion": "1.0.22",
    "SrcRelease": "1.el8",
    "SrcEpoch":0,
    "LayerID":"sha256:e3196b7450602f5547c52d197255dfa96a006ea9c52c19bf3ba2d5412a4b161e"
  },
  {
    "Name": "p11-kit-trust",
    "Version": "0.23.14",
    "Release": "5.el8_0",
    "Epoch": 0,
    "Arch": "x86_64",
    "SrcName": "p11-kit",
    "SrcVersion": "0.23.14",
    "SrcRelease": "5.el8_0",
    "SrcEpoch":0,
    "LayerID":"sha256:e3196b7450602f5547c52d197255dfa96a006ea9c52c19bf3ba2d5412a4b161e"
  },
  {
    "Name": "openssl-libs",
    "Version": "1.1.1",
    "Release": "8.0.1.el8",
    "Epoch": 1,
    "Arch": "x86_64",
    "SrcName": "openssl",
    "SrcVersion": "1.1.1",
    "SrcRelease": "8.0.1.el8",
    "SrcEpoch":1,
    "LayerID":"sha256:e3196b7450602f5547c52d197255dfa96a006ea9c52c19bf3ba2d5412a4b161e"
  },
  {
    "Name": "libdb-utils",
    "Version": "5.3.28",
    "Release": "36.el8",
    "Epoch": 0,
    "Arch": "x86_64",
    "SrcName": "libdb",
    "SrcVersion": "5.3.28",
    "SrcRelease": "36.el8",
    "SrcEpoch":0,
    "LayerID":"sha256:e3196b7450602f5547c52d197255dfa96a006ea9c52c19bf3ba2d5412a4b161e"
  },
  {
    "Name": "libpsl",
    "Version": "0.20.2",
    "Release": "5.el8",
    "Epoch": 0,
    "Arch": "x86_64",
    "SrcName": "libpsl",
    "SrcVersion": "0.20.2",
    "SrcRelease": "5.el8",
    "SrcEpoch":0,
    "LayerID":"sha256:e3196b7450602f5547c52d197255dfa96a006ea9c52c19bf3ba2d5412a4b161e"
  },
  {
    "Name": "nettle",
    "Version": "3.4.1",
    "Release": "1.el8",
    "Epoch": 0,
    "Arch": "x86_64",
    "SrcName": "nettle",
    "SrcVersion": "3.4.1",
    "SrcRelease": "1.el8",
    "SrcEpoch":0,
    "LayerID":"sha256:e3196b7450602f5547c52d197255dfa96a006ea9c52c19bf3ba2d5412a4b161e"
  },
  {
    "Name": "libksba",
    "Version": "1.3.5",
    "Release": "7.el8",
    "Epoch": 0,
    "Arch": "x86_64",
    "SrcName": "libksba",
    "SrcVersion": "1.3.5",
    "SrcRelease": "7.el8",
    "SrcEpoch":0,
    "LayerID":"sha256:e3196b7450602f5547c52d197255dfa96a006ea9c52c19bf3ba2d5412a4b161e"
  },
  {
    "Name": "libmetalink",
    "Version": "0.1.3",
    "Release": "7.el8",
    "Epoch": 0,
    "Arch": "x86_64",
    "SrcName": "libmetalink",
    "SrcVersion": "0.1.3",
    "SrcRelease": "7.el8",
    "SrcEpoch":0,
    "LayerID":"sha256:e3196b7450602f5547c52d197255dfa96a006ea9c52c19bf3ba2d5412a4b161e"
  },
  {
    "Name": "keyutils-libs",
    "Version": "1.5.10",
    "Release": "6.el8",
    "Epoch": 0,
    "Arch": "x86_64",
    "SrcName": "keyutils",
    "SrcVersion": "1.5.10",
    "SrcRelease": "6.el8",
    "SrcEpoch":0,
    "LayerID":"sha256:e3196b7450602f5547c52d197255dfa96a006ea9c52c19bf3ba2d5412a4b161e"
  },
  {
    "Name": "libstdc++",
    "Version": "8.2.1",
    "Release": "3.5.0.1.el8",
    "Epoch": 0,
    "Arch": "x86_64",
    "SrcName": "gcc",
    "SrcVersion": "8.2.1",
    "SrcRelease": "3.5.0.1.el8",
    "SrcEpoch":0,
    "LayerID":"sha256:e3196b7450602f5547c52d197255dfa96a006ea9c52c19bf3ba2d5412a4b161e"
  },
  {
    "Name": "libverto",
    "Version": "0.3.0",
    "Release": "5.el8",
    "Epoch": 0,
    "Arch": "x86_64",
    "SrcName": "libverto",
    "SrcVersion": "0.3.0",
    "SrcRelease": "5.el8",
    "SrcEpoch":0,
    "LayerID":"sha256:e3196b7450602f5547c52d197255dfa96a006ea9c52c19bf3ba2d5412a4b161e"
  },
  {
    "Name": "libxcrypt",
    "Version": "4.1.1",
    "Release": "4.el8",
    "Epoch": 0,
    "Arch": "x86_64",
    "SrcName": "libxcrypt",
    "SrcVersion": "4.1.1",
    "SrcRelease": "4.el8",
    "SrcEpoch":0,
    "LayerID":"sha256:e3196b7450602f5547c52d197255dfa96a006ea9c52c19bf3ba2d5412a4b161e"
  },
  {
    "Name": "libmodulemd1",
    "Version": "1.8.0",
    "Release": "5.el8",
    "Epoch": 0,
    "Arch": "x86_64",
    "SrcName": "libmodulemd",
    "SrcVersion": "2.0.0",
    "SrcRelease": "5.el8",
    "SrcEpoch":0,
    "LayerID":"sha256:e3196b7450602f5547c52d197255dfa96a006ea9c52c19bf3ba2d5412a4b161e"
  },
  {
    "Name": "gawk",
    "Version": "4.2.1",
    "Release": "1.el8",
    "Epoch": 0,
    "Arch": "x86_64",
    "SrcName": "gawk",
    "SrcVersion": "4.2.1",
    "SrcRelease": "1.el8",
    "SrcEpoch":0,
    "LayerID":"sha256:e3196b7450602f5547c52d197255dfa96a006ea9c52c19bf3ba2d5412a4b161e"
  },
  {
    "Name": "libssh",
    "Version": "0.8.5",
    "Release": "2.el8",
    "Epoch": 0,
    "Arch": "x86_64",
    "SrcName": "libssh",
    "SrcVersion": "0.8.5",
    "SrcRelease": "2.el8",
    "SrcEpoch":0,
    "LayerID":"sha256:e3196b7450602f5547c52d197255dfa96a006ea9c52c19bf3ba2d5412a4b161e"
  },
  {
    "Name": "openldap",
    "Version": "2.4.46",
    "Release": "9.el8",
    "Epoch": 0,
    "Arch": "x86_64",
    "SrcName": "openldap",
    "SrcVersion": "2.4.46",
    "SrcRelease": "9.el8",
    "SrcEpoch":0,
    "LayerID":"sha256:e3196b7450602f5547c52d197255dfa96a006ea9c52c19bf3ba2d5412a4b161e"
  },
  {
    "Name": "curl",
    "Version": "7.61.1",
    "Release": "8.el8",
    "Epoch": 0,
    "Arch": "x86_64",
    "SrcName": "curl",
    "SrcVersion": "7.61.1",
    "SrcRelease": "8.el8",
    "SrcEpoch":0,
    "LayerID":"sha256:e3196b7450602f5547c52d197255dfa96a006ea9c52c19bf3ba2d5412a4b161e"
  },
  {
    "Name": "gpgme",
    "Version": "1.10.0",
    "Release": "6.el8",
    "Epoch": 0,
    "Arch": "x86_64",
    "SrcName": "gpgme",
    "SrcVersion": "1.10.0",
    "SrcRelease": "6.el8",
    "SrcEpoch":0,
    "LayerID":"sha256:e3196b7450602f5547c52d197255dfa96a006ea9c52c19bf3ba2d5412a4b161e"
  },
  {
    "Name": "libcap-ng",
    "Version": "0.7.9",
    "Release": "4.el8",
    "Epoch": 0,
    "Arch": "x86_64",
    "SrcName": "libcap-ng",
    "SrcVersion": "0.7.9",
    "SrcRelease": "4.el8",
    "SrcEpoch":0,
    "LayerID":"sha256:e3196b7450602f5547c52d197255dfa96a006ea9c52c19bf3ba2d5412a4b161e"
  },
  {
    "Name": "rpm-libs",
    "Version": "4.14.2",
    "Release": "11.el8_0",
    "Epoch": 0,
    "Arch": "x86_64",
    "SrcName": "rpm",
    "SrcVersion": "4.14.2",
    "SrcRelease": "11.el8_0",
    "SrcEpoch":0,
    "LayerID":"sha256:e3196b7450602f5547c52d197255dfa96a006ea9c52c19bf3ba2d5412a4b161e"
  },
  {
    "Name": "libsolv",
    "Version": "0.6.35",
    "Release": "6.el8",
    "Epoch": 0,
    "Arch": "x86_64",
    "SrcName": "libsolv",
    "SrcVersion": "0.6.35",
    "SrcRelease": "6.el8",
    "SrcEpoch":0,
    "LayerID":"sha256:e3196b7450602f5547c52d197255dfa96a006ea9c52c19bf3ba2d5412a4b161e"
  },
  {
    "Name": "microdnf",
    "Version": "3.0.1",
    "Release": "1.el8",
    "Epoch": 0,
    "Arch": "x86_64",
    "SrcName": "microdnf",
    "SrcVersion": "3.0.1",
    "SrcRelease": "1.el8",
    "SrcEpoch":0,
    "LayerID":"sha256:e3196b7450602f5547c52d197255dfa96a006ea9c52c19bf3ba2d5412a4b161e"
  },
  {
    "Name": "gpg-pubkey",
    "Version": "ad986da3",
    "Release": "5cabf60d",
    "Epoch": 0,
    "Arch": "(none)",
    "SrcName": "",
    "SrcVersion": "",
    "SrcRelease": "",
    "SrcEpoch":0,
    "LayerID":"sha256:e3196b7450602f5547c52d197255dfa96a006ea9c52c19bf3ba2d5412a4b161e"
  }
]
